mvn : WARNING: A restricted method in java.lang.System has been called
Au caractčre Ligne:1 : 1
+ mvn test -pl episteme-core -Dtest=MasterControlLibrariesUITest -Dfail ...
+ ~~~~~~~~~~~~~~~~~~~~~~~~~~~~~~~~~~~~~~~~~~~~~~~~~~~~~~~~~~~~~~~~~~~~~
    + CategoryInfo          : NotSpecified: (WARNING: A rest...has been called:String) [], RemoteException
    + FullyQualifiedErrorId : NativeCommandError
 
WARNING: java.lang.System::load has been called by org.fusesource.jansi.internal.JansiLoader in an unnamed module 
(file:/C:/Program%20Files/Apache/Maven/apache-maven-3.9.5/lib/jansi-2.4.0.jar)
WARNING: Use --enable-native-access=ALL-UNNAMED to avoid a warning for callers in this module
WARNING: Restricted methods will be blocked in a future release unless native access is enabled

WARNING: A terminally deprecated method in sun.misc.Unsafe has been called
WARNING: sun.misc.Unsafe::objectFieldOffset has been called by 
com.google.common.util.concurrent.AbstractFuture$UnsafeAtomicHelper 
(file:/C:/Program%20Files/Apache/Maven/apache-maven-3.9.5/lib/guava-32.0.1-jre.jar)
WARNING: Please consider reporting this to the maintainers of class 
com.google.common.util.concurrent.AbstractFuture$UnsafeAtomicHelper
WARNING: sun.misc.Unsafe::objectFieldOffset will be removed in a future release
[INFO] Scanning for projects...
[INFO] ------------------------------------------------------------------------
[INFO] Detecting the operating system and CPU architecture
[INFO] ------------------------------------------------------------------------
[INFO] os.detected.name: windows
[INFO] os.detected.arch: x86_64
[INFO] os.detected.bitness: 64
[INFO] os.detected.version: 10.0
[INFO] os.detected.version.major: 10
[INFO] os.detected.version.minor: 0
[INFO] os.detected.classifier: windows-x86_64
[INFO] 
[INFO] -------------< io.github.episteme-hcp:episteme-core >--------------
[INFO] Building Episteme Core Engine 1.0.0-beta2
[INFO]   from pom.xml
[INFO] --------------------------------[ jar ]---------------------------------
[INFO] 
[INFO] --- enforcer:3.4.1:enforce (ban-conflicting-log4j-bridges) @ episteme-core ---
[INFO] Rule 0: org.apache.maven.enforcer.rules.dependency.BannedDependencies passed
[INFO] 
[INFO] --- os:1.7.1:detect (default) @ episteme-core ---
[INFO] ------------------------------------------------------------------------
[INFO] Detecting the operating system and CPU architecture
[INFO] ------------------------------------------------------------------------
[INFO] os.detected.name: windows
[INFO] os.detected.arch: x86_64
[INFO] os.detected.bitness: 64
[INFO] os.detected.version: 10.0
[INFO] os.detected.version.major: 10
[INFO] os.detected.version.minor: 0
[INFO] os.detected.classifier: windows-x86_64
[INFO] 
[INFO] --- resources:3.3.1:resources (default-resources) @ episteme-core ---
[INFO] Copying 1 resource from src\main\resources to target\classes
[INFO] Copying 11 resources from src\main\resources to target\classes
[INFO] The encoding used to copy filtered properties files have not been set. This means that the same encoding will be used to copy filtered properties files as when copying other filtered resources. This might not be what you want! Run your build with --debug to see which files might be affected. Read more at https://maven.apache.org/plugins/maven-resources-plugin/examples/filtering-properties-files.html
[INFO] 
[INFO] --- flatten:1.6.0:flatten (flatten) @ episteme-core ---
[INFO] Generating flattened POM of project io.github.episteme-hcp:episteme-core:jar:1.0.0-beta2...
[INFO] 
[INFO] --- compiler:3.13.0:compile (default-compile) @ episteme-core ---
[INFO] Recompiling the module because of changed source code.
[INFO] Compiling 1255 source files with javac [forked debug release 25] to target\classes
[WARNING] Unable to autodetect 'javac' path, using 'javac' from the environment.
[WARNING] C:\Silvere\Encours\Developpement\Episteme\episteme-core\src\main\java\org\episteme\core\mathematics\linearalgebra\backends\ColtBackend.java:[59] Service provider org.episteme.core.mathematics.linearalgebra.LinearAlgebraProvider is generic, so it can't be named exactly by @AutoService. If this is OK, add @SuppressWarnings("rawtypes").
[WARNING] C:\Silvere\Encours\Developpement\Episteme\episteme-core\src\main\java\org\episteme\core\mathematics\linearalgebra\backends\CommonsMathBackend.java:[55] Service provider org.episteme.core.mathematics.linearalgebra.LinearAlgebraProvider is generic, so it can't be named exactly by @AutoService. If this is OK, add @SuppressWarnings("rawtypes").
[WARNING] C:\Silvere\Encours\Developpement\Episteme\episteme-core\src\main\java\org\episteme\core\mathematics\linearalgebra\backends\EJMLBackend.java:[59] Service provider org.episteme.core.mathematics.linearalgebra.LinearAlgebraProvider is generic, so it can't be named exactly by @AutoService. If this is OK, add @SuppressWarnings("rawtypes").
[WARNING] C:\Silvere\Encours\Developpement\Episteme\episteme-core\src\main\java\org\episteme\core\mathematics\linearalgebra\backends\JBlasBackend.java:[59] Service provider org.episteme.core.mathematics.linearalgebra.LinearAlgebraProvider is generic, so it can't be named exactly by @AutoService. If this is OK, add @SuppressWarnings("rawtypes").
[WARNING] C:\Silvere\Encours\Developpement\Episteme\episteme-core\src\main\java\org\episteme\core\mathematics\linearalgebra\providers\CARMALinearAlgebraProvider.java:[23] Service provider org.episteme.core.mathematics.linearalgebra.LinearAlgebraProvider is generic, so it can't be named exactly by @AutoService. If this is OK, add @SuppressWarnings("rawtypes").
[WARNING] C:\Silvere\Encours\Developpement\Episteme\episteme-core\src\main\java\org\episteme\core\mathematics\linearalgebra\providers\CPUDenseLinearAlgebraProvider.java:[55] Service provider org.episteme.core.mathematics.linearalgebra.LinearAlgebraProvider is generic, so it can't be named exactly by @AutoService. If this is OK, add @SuppressWarnings("rawtypes").
[WARNING] C:\Silvere\Encours\Developpement\Episteme\episteme-core\src\main\java\org\episteme\core\mathematics\linearalgebra\providers\CPUSparseLinearAlgebraProvider.java:[57] Service provider org.episteme.core.mathematics.linearalgebra.backends.LinearAlgebraBackend is generic, so it can't be named exactly by @AutoService. If this is OK, add @SuppressWarnings("rawtypes").
[WARNING] C:\Silvere\Encours\Developpement\Episteme\episteme-core\src\main\java\org\episteme\core\mathematics\linearalgebra\providers\CPUSparseLinearAlgebraProvider.java:[57] Service provider org.episteme.core.mathematics.linearalgebra.LinearAlgebraProvider is generic, so it can't be named exactly by @AutoService. If this is OK, add @SuppressWarnings("rawtypes").
[WARNING] C:\Silvere\Encours\Developpement\Episteme\episteme-core\src\main\java\org\episteme\core\mathematics\linearalgebra\providers\DistributedLinearAlgebraProvider.java:[32] Service provider org.episteme.core.mathematics.linearalgebra.LinearAlgebraProvider is generic, so it can't be named exactly by @AutoService. If this is OK, add @SuppressWarnings("rawtypes").
[INFO] 
[INFO] --- resources:3.3.1:testResources (default-testResources) @ episteme-core ---
[INFO] Copying 1 resource from src\test\resources to target\test-classes
[INFO] 
[INFO] --- compiler:3.13.0:testCompile (default-testCompile) @ episteme-core ---
[INFO] Recompiling the module because of changed dependency.
[INFO] Compiling 897 source files with javac [forked debug release 25] to target\test-classes
[WARNING] Unable to autodetect 'javac' path, using 'javac' from the environment.
[INFO] 
[INFO] --- surefire:3.2.5:test (default-test) @ episteme-core ---
[INFO] Using auto detected provider org.apache.maven.surefire.junitplatform.JUnitPlatformProvider
[INFO] 
[INFO] -------------------------------------------------------
[INFO]  T E S T S
[INFO] -------------------------------------------------------
WARNING: Using incubator modules: jdk.incubator.vector
[INFO] Running org.episteme.core.ui.MasterControlLibrariesUITest
mai 09, 2026 2:56:06 AM com.sun.javafx.application.PlatformImpl startup
WARNING: Unsupported JavaFX configuration: classes were loaded from 'unnamed module @2eda0940'
[DEBUG] I18N: Initializing I18N, current locale is: fr_FR
[DEBUG] I18N: Bundle not found on classpath: org.episteme.natural.ui.i18n.messages_natural
[DEBUG] I18N: Bundle not found on classpath: org.episteme.social.ui.i18n.messages_social
[DEBUG] I18N: Bundle not found on classpath: org.episteme.client.ui.i18n.messages_client
[DEBUG] I18N: Bundle not found on classpath: org.episteme.server.ui.i18n.messages_server
[DEBUG] I18N: Bundle not found on classpath: org.episteme.apps.ui.i18n.messages_apps
[DEBUG] I18N: Missing key 'mastercontrol.computing.title' in any of: [org.episteme.core.ui.i18n.messages_core]
02:56:15.726 [JavaFX Application Thread] DEBUG org.episteme.core.technical.backend.BackendDiscovery -- Discovered Backend: HDF5 I/O (Priority: 60)
02:56:16.548 [JavaFX Application Thread] DEBUG org.episteme.core.technical.backend.BackendDiscovery -- Discovered Backend: Colt (Optimized) (Priority: 70)
02:56:16.628 [JavaFX Application Thread] DEBUG org.episteme.core.technical.backend.BackendDiscovery -- Discovered Backend: Apache Commons Math (Optimized) (Priority: 50)
02:56:16.735 [JavaFX Application Thread] DEBUG org.episteme.core.technical.backend.BackendDiscovery -- Discovered Backend: EJML (Optimized) (Priority: 80)
02:56:16.782 [JavaFX Application Thread] DEBUG org.episteme.core.technical.backend.BackendDiscovery -- Discovered Backend: Episteme CPU Foundation (Priority: 0)
02:56:16.813 [JavaFX Application Thread] DEBUG org.episteme.core.technical.backend.BackendDiscovery -- Discovered Backend: JBlas (Optimized) (Priority: 90)
02:56:16.813 [JavaFX Application Thread] DEBUG org.episteme.core.technical.backend.BackendDiscovery -- Discovered Backend: Episteme CPU (Dense) (Priority: 50)
02:56:16.813 [JavaFX Application Thread] DEBUG org.episteme.core.technical.backend.BackendDiscovery -- Discovered Backend: Episteme CPU (Sparse) (Priority: 0)
02:56:16.846 [JavaFX Application Thread] DEBUG org.episteme.core.technical.backend.BackendDiscovery -- Discovered Backend: Episteme Distributed Linear Algebra Provider (LocalDistributedContext) (Priority: 50)
02:56:16.925 [JavaFX Application Thread] DEBUG org.episteme.core.technical.backend.BackendDiscovery -- Discovered Backend: CPU Dense Tensor (Priority: 50)
02:56:16.948 [JavaFX Application Thread] DEBUG org.episteme.core.technical.backend.BackendDiscovery -- Discovered Backend: CPU Sparse Tensor (Priority: 50)
02:56:16.982 [JavaFX Application Thread] DEBUG org.episteme.core.technical.backend.BackendDiscovery -- Discovered Backend: ONNX Runtime (Priority: 70)
02:56:17.037 [JavaFX Application Thread] DEBUG org.episteme.core.technical.backend.BackendDiscovery -- Discovered Backend: ONNX Runtime Bridge (Priority: 100)
02:56:17.113 [JavaFX Application Thread] DEBUG org.episteme.core.technical.backend.BackendDiscovery -- Discovered Backend: Standard JavaSound (Priority: 100)
02:56:17.178 [JavaFX Application Thread] DEBUG org.episteme.core.technical.backend.BackendDiscovery -- Discovered Backend: Minim (Creative) (Priority: 50)
02:56:17.180 [JavaFX Application Thread] DEBUG org.episteme.core.technical.backend.BackendDiscovery -- Discovered Backend: Multicore Audio Backend (Priority: 100)
02:56:17.239 [JavaFX Application Thread] DEBUG org.episteme.core.technical.backend.BackendDiscovery -- Discovered Backend: TarsosDSP (Scientific) (Priority: 70)
02:56:17.325 [JavaFX Application Thread] DEBUG org.episteme.core.technical.backend.BackendDiscovery -- Discovered Backend: JavaCV (FFmpeg) (Priority: 30)
[INFO] VLCJBackend: Discovered libs directory at C:\Silvere\Encours\Developpement\Episteme\episteme-core\libs
[0000017b29ceba80] main libvlc error: stale plugins cache: modified C:\Program 
Files\VideoLAN\VLC\plugins\access\libaccess_concat_plugin.dll
[0000017b29ceba80] main libvlc error: stale plugins cache: modified C:\Program 
Files\VideoLAN\VLC\plugins\access\libaccess_imem_plugin.dll
[0000017b29ceba80] main libvlc error: stale plugins cache: modified C:\Program 
Files\VideoLAN\VLC\plugins\access\libaccess_mms_plugin.dll
[0000017b29ceba80] main libvlc error: stale plugins cache: modified C:\Program 
Files\VideoLAN\VLC\plugins\access\libaccess_realrtsp_plugin.dll
[0000017b29ceba80] main libvlc error: stale plugins cache: modified C:\Program 
Files\VideoLAN\VLC\plugins\access\libaccess_srt_plugin.dll
[0000017b29ceba80] main libvlc error: stale plugins cache: modified C:\Program 
Files\VideoLAN\VLC\plugins\access\libaccess_wasapi_plugin.dll
[0000017b29ceba80] main libvlc error: stale plugins cache: modified C:\Program 
Files\VideoLAN\VLC\plugins\access\libattachment_plugin.dll
[0000017b29ceba80] main libvlc error: stale plugins cache: modified C:\Program 
Files\VideoLAN\VLC\plugins\access\libcdda_plugin.dll
[0000017b29ceba80] main libvlc error: stale plugins cache: modified C:\Program 
Files\VideoLAN\VLC\plugins\access\libdcp_plugin.dll
[0000017b29ceba80] main libvlc error: stale plugins cache: modified C:\Program 
Files\VideoLAN\VLC\plugins\access\libdshow_plugin.dll
[0000017b29ceba80] main libvlc error: stale plugins cache: modified C:\Program 
Files\VideoLAN\VLC\plugins\access\libdtv_plugin.dll
[0000017b29ceba80] main libvlc error: stale plugins cache: modified C:\Program 
Files\VideoLAN\VLC\plugins\access\libdvdnav_plugin.dll
[0000017b29ceba80] main libvlc error: stale plugins cache: modified C:\Program 
Files\VideoLAN\VLC\plugins\access\libdvdread_plugin.dll
[0000017b29ceba80] main libvlc error: stale plugins cache: modified C:\Program 
Files\VideoLAN\VLC\plugins\access\libfilesystem_plugin.dll
[0000017b29ceba80] main libvlc error: stale plugins cache: modified C:\Program 
Files\VideoLAN\VLC\plugins\access\libftp_plugin.dll
[0000017b29ceba80] main libvlc error: stale plugins cache: modified C:\Program 
Files\VideoLAN\VLC\plugins\access\libhttps_plugin.dll
[0000017b29ceba80] main libvlc error: stale plugins cache: modified C:\Program 
Files\VideoLAN\VLC\plugins\access\libhttp_plugin.dll
[0000017b29ceba80] main libvlc error: stale plugins cache: modified C:\Program 
Files\VideoLAN\VLC\plugins\access\libidummy_plugin.dll
[0000017b29ceba80] main libvlc error: stale plugins cache: modified C:\Program 
Files\VideoLAN\VLC\plugins\access\libimem_plugin.dll
[0000017b29ceba80] main libvlc error: stale plugins cache: modified C:\Program 
Files\VideoLAN\VLC\plugins\access\liblibbluray_plugin.dll
[0000017b29ceba80] main libvlc error: stale plugins cache: modified C:\Program 
Files\VideoLAN\VLC\plugins\access\liblive555_plugin.dll
[0000017b29ceba80] main libvlc error: stale plugins cache: modified C:\Program 
Files\VideoLAN\VLC\plugins\access\libnfs_plugin.dll
[0000017b29ceba80] main libvlc error: stale plugins cache: modified C:\Program 
Files\VideoLAN\VLC\plugins\access\librist_plugin.dll
[0000017b29ceba80] main libvlc error: stale plugins cache: modified C:\Program 
Files\VideoLAN\VLC\plugins\access\librtp_plugin.dll
[0000017b29ceba80] main libvlc error: stale plugins cache: modified C:\Program 
Files\VideoLAN\VLC\plugins\access\libsatip_plugin.dll
[0000017b29ceba80] main libvlc error: stale plugins cache: modified C:\Program 
Files\VideoLAN\VLC\plugins\access\libscreen_plugin.dll
[0000017b29ceba80] main libvlc error: stale plugins cache: modified C:\Program 
Files\VideoLAN\VLC\plugins\access\libsdp_plugin.dll
[0000017b29ceba80] main libvlc error: stale plugins cache: modified C:\Program 
Files\VideoLAN\VLC\plugins\access\libsftp_plugin.dll
[0000017b29ceba80] main libvlc error: stale plugins cache: modified C:\Program 
Files\VideoLAN\VLC\plugins\access\libshm_plugin.dll
[0000017b29ceba80] main libvlc error: stale plugins cache: modified C:\Program 
Files\VideoLAN\VLC\plugins\access\libsmb_plugin.dll
[0000017b29ceba80] main libvlc error: stale plugins cache: modified C:\Program 
Files\VideoLAN\VLC\plugins\access\libtcp_plugin.dll
[0000017b29ceba80] main libvlc error: stale plugins cache: modified C:\Program 
Files\VideoLAN\VLC\plugins\access\libtimecode_plugin.dll
[0000017b29ceba80] main libvlc error: stale plugins cache: modified C:\Program 
Files\VideoLAN\VLC\plugins\access\libudp_plugin.dll
[0000017b29ceba80] main libvlc error: stale plugins cache: modified C:\Program 
Files\VideoLAN\VLC\plugins\access\libvcd_plugin.dll
[0000017b29ceba80] main libvlc error: stale plugins cache: modified C:\Program 
Files\VideoLAN\VLC\plugins\access\libvdr_plugin.dll
[0000017b29ceba80] main libvlc error: stale plugins cache: modified C:\Program 
Files\VideoLAN\VLC\plugins\access\libvnc_plugin.dll
[0000017b29ceba80] main libvlc error: stale plugins cache: modified C:\Program 
Files\VideoLAN\VLC\plugins\access_output\libaccess_output_dummy_plugin.dll
[0000017b29ceba80] main libvlc error: stale plugins cache: modified C:\Program 
Files\VideoLAN\VLC\plugins\access_output\libaccess_output_file_plugin.dll
[0000017b29ceba80] main libvlc error: stale plugins cache: modified C:\Program 
Files\VideoLAN\VLC\plugins\access_output\libaccess_output_http_plugin.dll
[0000017b29ceba80] main libvlc error: stale plugins cache: modified C:\Program 
Files\VideoLAN\VLC\plugins\access_output\libaccess_output_livehttp_plugin.dll
[0000017b29ceba80] main libvlc error: stale plugins cache: modified C:\Program 
Files\VideoLAN\VLC\plugins\access_output\libaccess_output_rist_plugin.dll
[0000017b29ceba80] main libvlc error: stale plugins cache: modified C:\Program 
Files\VideoLAN\VLC\plugins\access_output\libaccess_output_shout_plugin.dll
[0000017b29ceba80] main libvlc error: stale plugins cache: modified C:\Program 
Files\VideoLAN\VLC\plugins\access_output\libaccess_output_srt_plugin.dll
[0000017b29ceba80] main libvlc error: stale plugins cache: modified C:\Program 
Files\VideoLAN\VLC\plugins\access_output\libaccess_output_udp_plugin.dll
[0000017b29ceba80] main libvlc error: stale plugins cache: modified C:\Program 
Files\VideoLAN\VLC\plugins\audio_filter\libaudiobargraph_a_plugin.dll
[0000017b29ceba80] main libvlc error: stale plugins cache: modified C:\Program 
Files\VideoLAN\VLC\plugins\audio_filter\libaudio_format_plugin.dll
[0000017b29ceba80] main libvlc error: stale plugins cache: modified C:\Program 
Files\VideoLAN\VLC\plugins\audio_filter\libchorus_flanger_plugin.dll
[0000017b29ceba80] main libvlc error: stale plugins cache: modified C:\Program 
Files\VideoLAN\VLC\plugins\audio_filter\libcompressor_plugin.dll
[0000017b29ceba80] main libvlc error: stale plugins cache: modified C:\Program 
Files\VideoLAN\VLC\plugins\audio_filter\libdolby_surround_decoder_plugin.dll
[0000017b29ceba80] main libvlc error: stale plugins cache: modified C:\Program 
Files\VideoLAN\VLC\plugins\audio_filter\libequalizer_plugin.dll
[0000017b29ceba80] main libvlc error: stale plugins cache: modified C:\Program 
Files\VideoLAN\VLC\plugins\audio_filter\libgain_plugin.dll
[0000017b29ceba80] main libvlc error: stale plugins cache: modified C:\Program 
Files\VideoLAN\VLC\plugins\audio_filter\libheadphone_channel_mixer_plugin.dll
[0000017b29ceba80] main libvlc error: stale plugins cache: modified C:\Program 
Files\VideoLAN\VLC\plugins\audio_filter\libkaraoke_plugin.dll
[0000017b29ceba80] main libvlc error: stale plugins cache: modified C:\Program 
Files\VideoLAN\VLC\plugins\audio_filter\libmad_plugin.dll
[0000017b29ceba80] main libvlc error: stale plugins cache: modified C:\Program 
Files\VideoLAN\VLC\plugins\audio_filter\libmono_plugin.dll
[0000017b29ceba80] main libvlc error: stale plugins cache: modified C:\Program 
Files\VideoLAN\VLC\plugins\audio_filter\libnormvol_plugin.dll
[0000017b29ceba80] main libvlc error: stale plugins cache: modified C:\Program 
Files\VideoLAN\VLC\plugins\audio_filter\libparam_eq_plugin.dll
[0000017b29ceba80] main libvlc error: stale plugins cache: modified C:\Program 
Files\VideoLAN\VLC\plugins\audio_filter\libremap_plugin.dll
[0000017b29ceba80] main libvlc error: stale plugins cache: modified C:\Program 
Files\VideoLAN\VLC\plugins\audio_filter\libsamplerate_plugin.dll
[0000017b29ceba80] main libvlc error: stale plugins cache: modified C:\Program 
Files\VideoLAN\VLC\plugins\audio_filter\libscaletempo_pitch_plugin.dll
[0000017b29ceba80] main libvlc error: stale plugins cache: modified C:\Program 
Files\VideoLAN\VLC\plugins\audio_filter\libscaletempo_plugin.dll
[0000017b29ceba80] main libvlc error: stale plugins cache: modified C:\Program 
Files\VideoLAN\VLC\plugins\audio_filter\libsimple_channel_mixer_plugin.dll
[0000017b29ceba80] main libvlc error: stale plugins cache: modified C:\Program 
Files\VideoLAN\VLC\plugins\audio_filter\libspatialaudio_plugin.dll
[0000017b29ceba80] main libvlc error: stale plugins cache: modified C:\Program 
Files\VideoLAN\VLC\plugins\audio_filter\libspatializer_plugin.dll
[0000017b29ceba80] main libvlc error: stale plugins cache: modified C:\Program 
Files\VideoLAN\VLC\plugins\audio_filter\libspeex_resampler_plugin.dll
[0000017b29ceba80] main libvlc error: stale plugins cache: modified C:\Program 
Files\VideoLAN\VLC\plugins\audio_filter\libstereo_widen_plugin.dll
[0000017b29ceba80] main libvlc error: stale plugins cache: modified C:\Program 
Files\VideoLAN\VLC\plugins\audio_filter\libtospdif_plugin.dll
[0000017b29ceba80] main libvlc error: stale plugins cache: modified C:\Program 
Files\VideoLAN\VLC\plugins\audio_filter\libtrivial_channel_mixer_plugin.dll
[0000017b29ceba80] main libvlc error: stale plugins cache: modified C:\Program 
Files\VideoLAN\VLC\plugins\audio_filter\libugly_resampler_plugin.dll
[0000017b29ceba80] main libvlc error: stale plugins cache: modified C:\Program 
Files\VideoLAN\VLC\plugins\audio_mixer\libfloat_mixer_plugin.dll
[0000017b29ceba80] main libvlc error: stale plugins cache: modified C:\Program 
Files\VideoLAN\VLC\plugins\audio_mixer\libinteger_mixer_plugin.dll
[0000017b29ceba80] main libvlc error: stale plugins cache: modified C:\Program 
Files\VideoLAN\VLC\plugins\audio_output\libadummy_plugin.dll
[0000017b29ceba80] main libvlc error: stale plugins cache: modified C:\Program 
Files\VideoLAN\VLC\plugins\audio_output\libafile_plugin.dll
[0000017b29ceba80] main libvlc error: stale plugins cache: modified C:\Program 
Files\VideoLAN\VLC\plugins\audio_output\libamem_plugin.dll
[0000017b29ceba80] main libvlc error: stale plugins cache: modified C:\Program 
Files\VideoLAN\VLC\plugins\audio_output\libdirectsound_plugin.dll
[0000017b29ceba80] main libvlc error: stale plugins cache: modified C:\Program 
Files\VideoLAN\VLC\plugins\audio_output\libmmdevice_plugin.dll
[0000017b29ceba80] main libvlc error: stale plugins cache: modified C:\Program 
Files\VideoLAN\VLC\plugins\audio_output\libwasapi_plugin.dll
[0000017b29ceba80] main libvlc error: stale plugins cache: modified C:\Program 
Files\VideoLAN\VLC\plugins\audio_output\libwaveout_plugin.dll
[0000017b29ceba80] main libvlc error: stale plugins cache: modified C:\Program 
Files\VideoLAN\VLC\plugins\codec\libadpcm_plugin.dll
[0000017b29ceba80] main libvlc error: stale plugins cache: modified C:\Program 
Files\VideoLAN\VLC\plugins\codec\libaes3_plugin.dll
[0000017b29ceba80] main libvlc error: stale plugins cache: modified C:\Program 
Files\VideoLAN\VLC\plugins\codec\libaom_plugin.dll
[0000017b29ceba80] main libvlc error: stale plugins cache: modified C:\Program 
Files\VideoLAN\VLC\plugins\codec\libaraw_plugin.dll
[0000017b29ceba80] main libvlc error: stale plugins cache: modified C:\Program 
Files\VideoLAN\VLC\plugins\codec\libaribsub_plugin.dll
[0000017b29ceba80] main libvlc error: stale plugins cache: modified C:\Program 
Files\VideoLAN\VLC\plugins\codec\libavcodec_plugin.dll
[0000017b29ceba80] main libvlc error: stale plugins cache: modified C:\Program 
Files\VideoLAN\VLC\plugins\codec\libcc_plugin.dll
[0000017b29ceba80] main libvlc error: stale plugins cache: modified C:\Program 
Files\VideoLAN\VLC\plugins\codec\libcdg_plugin.dll
[0000017b29ceba80] main libvlc error: stale plugins cache: modified C:\Program 
Files\VideoLAN\VLC\plugins\codec\libcrystalhd_plugin.dll
[0000017b29ceba80] main libvlc error: stale plugins cache: modified C:\Program 
Files\VideoLAN\VLC\plugins\codec\libcvdsub_plugin.dll
[0000017b29ceba80] main libvlc error: stale plugins cache: modified C:\Program 
Files\VideoLAN\VLC\plugins\codec\libd3d11va_plugin.dll
[0000017b29ceba80] main libvlc error: stale plugins cache: modified C:\Program 
Files\VideoLAN\VLC\plugins\codec\libdav1d_plugin.dll
[0000017b29ceba80] main libvlc error: stale plugins cache: modified C:\Program 
Files\VideoLAN\VLC\plugins\codec\libddummy_plugin.dll
[0000017b29ceba80] main libvlc error: stale plugins cache: modified C:\Program 
Files\VideoLAN\VLC\plugins\codec\libdmo_plugin.dll
[0000017b29ceba80] main libvlc error: stale plugins cache: modified C:\Program 
Files\VideoLAN\VLC\plugins\codec\libdvbsub_plugin.dll
[0000017b29ceba80] main libvlc error: stale plugins cache: modified C:\Program 
Files\VideoLAN\VLC\plugins\codec\libdxva2_plugin.dll
[0000017b29ceba80] main libvlc error: stale plugins cache: modified C:\Program 
Files\VideoLAN\VLC\plugins\codec\libedummy_plugin.dll
[0000017b29ceba80] main libvlc error: stale plugins cache: modified C:\Program 
Files\VideoLAN\VLC\plugins\codec\libfaad_plugin.dll
[0000017b29ceba80] main libvlc error: stale plugins cache: modified C:\Program 
Files\VideoLAN\VLC\plugins\codec\libflac_plugin.dll
[0000017b29ceba80] main libvlc error: stale plugins cache: modified C:\Program 
Files\VideoLAN\VLC\plugins\codec\libfluidsynth_plugin.dll
[0000017b29ceba80] main libvlc error: stale plugins cache: modified C:\Program 
Files\VideoLAN\VLC\plugins\codec\libg711_plugin.dll
[0000017b29ceba80] main libvlc error: stale plugins cache: modified C:\Program 
Files\VideoLAN\VLC\plugins\codec\libjpeg_plugin.dll
[0000017b29ceba80] main libvlc error: stale plugins cache: modified C:\Program 
Files\VideoLAN\VLC\plugins\codec\libkate_plugin.dll
[0000017b29ceba80] main libvlc error: stale plugins cache: modified C:\Program 
Files\VideoLAN\VLC\plugins\codec\liblibass_plugin.dll
[0000017b29ceba80] main libvlc error: stale plugins cache: modified C:\Program 
Files\VideoLAN\VLC\plugins\codec\liblpcm_plugin.dll
[0000017b29ceba80] main libvlc error: stale plugins cache: modified C:\Program 
Files\VideoLAN\VLC\plugins\codec\libmft_plugin.dll
[0000017b29ceba80] main libvlc error: stale plugins cache: modified C:\Program 
Files\VideoLAN\VLC\plugins\codec\libmpg123_plugin.dll
[0000017b29ceba80] main libvlc error: stale plugins cache: modified C:\Program 
Files\VideoLAN\VLC\plugins\codec\liboggspots_plugin.dll
[0000017b29ceba80] main libvlc error: stale plugins cache: modified C:\Program 
Files\VideoLAN\VLC\plugins\codec\libopus_plugin.dll
[0000017b29ceba80] main libvlc error: stale plugins cache: modified C:\Program 
Files\VideoLAN\VLC\plugins\codec\libpng_plugin.dll
[0000017b29ceba80] main libvlc error: stale plugins cache: modified C:\Program 
Files\VideoLAN\VLC\plugins\codec\libqsv_plugin.dll
[0000017b29ceba80] main libvlc error: stale plugins cache: modified C:\Program 
Files\VideoLAN\VLC\plugins\codec\librawvideo_plugin.dll
[0000017b29ceba80] main libvlc error: stale plugins cache: modified C:\Program 
Files\VideoLAN\VLC\plugins\codec\librtpvideo_plugin.dll
[0000017b29ceba80] main libvlc error: stale plugins cache: modified C:\Program 
Files\VideoLAN\VLC\plugins\codec\libschroedinger_plugin.dll
[0000017b29ceba80] main libvlc error: stale plugins cache: modified C:\Program 
Files\VideoLAN\VLC\plugins\codec\libscte18_plugin.dll
[0000017b29ceba80] main libvlc error: stale plugins cache: modified C:\Program 
Files\VideoLAN\VLC\plugins\codec\libscte27_plugin.dll
[0000017b29ceba80] main libvlc error: stale plugins cache: modified C:\Program 
Files\VideoLAN\VLC\plugins\codec\libsdl_image_plugin.dll
[0000017b29ceba80] main libvlc error: stale plugins cache: modified C:\Program 
Files\VideoLAN\VLC\plugins\codec\libspdif_plugin.dll
[0000017b29ceba80] main libvlc error: stale plugins cache: modified C:\Program 
Files\VideoLAN\VLC\plugins\codec\libspeex_plugin.dll
[0000017b29ceba80] main libvlc error: stale plugins cache: modified C:\Program 
Files\VideoLAN\VLC\plugins\codec\libspudec_plugin.dll
[0000017b29ceba80] main libvlc error: stale plugins cache: modified C:\Program 
Files\VideoLAN\VLC\plugins\codec\libstl_plugin.dll
[0000017b29ceba80] main libvlc error: stale plugins cache: modified C:\Program 
Files\VideoLAN\VLC\plugins\codec\libsubsdec_plugin.dll
[0000017b29ceba80] main libvlc error: stale plugins cache: modified C:\Program 
Files\VideoLAN\VLC\plugins\codec\libsubstx3g_plugin.dll
[0000017b29ceba80] main libvlc error: stale plugins cache: modified C:\Program 
Files\VideoLAN\VLC\plugins\codec\libsubsusf_plugin.dll
[0000017b29ceba80] main libvlc error: stale plugins cache: modified C:\Program 
Files\VideoLAN\VLC\plugins\codec\libsvcdsub_plugin.dll
[0000017b29ceba80] main libvlc error: stale plugins cache: modified C:\Program 
Files\VideoLAN\VLC\plugins\codec\libt140_plugin.dll
[0000017b29ceba80] main libvlc error: stale plugins cache: modified C:\Program 
Files\VideoLAN\VLC\plugins\codec\libtextst_plugin.dll
[0000017b29ceba80] main libvlc error: stale plugins cache: modified C:\Program 
Files\VideoLAN\VLC\plugins\codec\libtheora_plugin.dll
[0000017b29ceba80] main libvlc error: stale plugins cache: modified C:\Program 
Files\VideoLAN\VLC\plugins\codec\libttml_plugin.dll
[0000017b29ceba80] main libvlc error: stale plugins cache: modified C:\Program 
Files\VideoLAN\VLC\plugins\codec\libtwolame_plugin.dll
[0000017b29ceba80] main libvlc error: stale plugins cache: modified C:\Program 
Files\VideoLAN\VLC\plugins\codec\libuleaddvaudio_plugin.dll
[0000017b29ceba80] main libvlc error: stale plugins cache: modified C:\Program 
Files\VideoLAN\VLC\plugins\codec\libvorbis_plugin.dll
[0000017b29ceba80] main libvlc error: stale plugins cache: modified C:\Program 
Files\VideoLAN\VLC\plugins\codec\libvpx_plugin.dll
[0000017b29ceba80] main libvlc error: stale plugins cache: modified C:\Program 
Files\VideoLAN\VLC\plugins\codec\libwebvtt_plugin.dll
[0000017b29ceba80] main libvlc error: stale plugins cache: modified C:\Program 
Files\VideoLAN\VLC\plugins\codec\libx26410b_plugin.dll
[0000017b29ceba80] main libvlc error: stale plugins cache: modified C:\Program 
Files\VideoLAN\VLC\plugins\codec\libx264_plugin.dll
[0000017b29ceba80] main libvlc error: stale plugins cache: modified C:\Program 
Files\VideoLAN\VLC\plugins\codec\libx265_plugin.dll
[0000017b29ceba80] main libvlc error: stale plugins cache: modified C:\Program 
Files\VideoLAN\VLC\plugins\codec\libzvbi_plugin.dll
[0000017b29ceba80] main libvlc error: stale plugins cache: modified C:\Program 
Files\VideoLAN\VLC\plugins\control\libdummy_plugin.dll
[0000017b29ceba80] main libvlc error: stale plugins cache: modified C:\Program 
Files\VideoLAN\VLC\plugins\control\libgestures_plugin.dll
[0000017b29ceba80] main libvlc error: stale plugins cache: modified C:\Program 
Files\VideoLAN\VLC\plugins\control\libhotkeys_plugin.dll
[0000017b29ceba80] main libvlc error: stale plugins cache: modified C:\Program 
Files\VideoLAN\VLC\plugins\control\libnetsync_plugin.dll
[0000017b29ceba80] main libvlc error: stale plugins cache: modified C:\Program 
Files\VideoLAN\VLC\plugins\control\libntservice_plugin.dll
[0000017b29ceba80] main libvlc error: stale plugins cache: modified C:\Program 
Files\VideoLAN\VLC\plugins\control\liboldrc_plugin.dll
[0000017b29ceba80] main libvlc error: stale plugins cache: modified C:\Program 
Files\VideoLAN\VLC\plugins\control\libwin_hotkeys_plugin.dll
[0000017b29ceba80] main libvlc error: stale plugins cache: modified C:\Program 
Files\VideoLAN\VLC\plugins\control\libwin_msg_plugin.dll
[0000017b29ceba80] main libvlc error: stale plugins cache: modified C:\Program 
Files\VideoLAN\VLC\plugins\d3d11\libdirect3d11_filters_plugin.dll
[0000017b29ceba80] main libvlc error: stale plugins cache: modified C:\Program 
Files\VideoLAN\VLC\plugins\d3d9\libdirect3d9_filters_plugin.dll
[0000017b29ceba80] main libvlc error: stale plugins cache: modified C:\Program 
Files\VideoLAN\VLC\plugins\demux\libadaptive_plugin.dll
[0000017b29ceba80] main libvlc error: stale plugins cache: modified C:\Program 
Files\VideoLAN\VLC\plugins\demux\libaiff_plugin.dll
[0000017b29ceba80] main libvlc error: stale plugins cache: modified C:\Program 
Files\VideoLAN\VLC\plugins\demux\libasf_plugin.dll
[0000017b29ceba80] main libvlc error: stale plugins cache: modified C:\Program 
Files\VideoLAN\VLC\plugins\demux\libau_plugin.dll
[0000017b29ceba80] main libvlc error: stale plugins cache: modified C:\Program 
Files\VideoLAN\VLC\plugins\demux\libavi_plugin.dll
[0000017b29ceba80] main libvlc error: stale plugins cache: modified C:\Program 
Files\VideoLAN\VLC\plugins\demux\libcaf_plugin.dll
[0000017b29ceba80] main libvlc error: stale plugins cache: modified C:\Program 
Files\VideoLAN\VLC\plugins\demux\libdemuxdump_plugin.dll
[0000017b29ceba80] main libvlc error: stale plugins cache: modified C:\Program 
Files\VideoLAN\VLC\plugins\demux\libdemux_cdg_plugin.dll
[0000017b29ceba80] main libvlc error: stale plugins cache: modified C:\Program 
Files\VideoLAN\VLC\plugins\demux\libdemux_chromecast_plugin.dll
[0000017b29ceba80] main libvlc error: stale plugins cache: modified C:\Program 
Files\VideoLAN\VLC\plugins\demux\libdemux_stl_plugin.dll
[0000017b29ceba80] main libvlc error: stale plugins cache: modified C:\Program 
Files\VideoLAN\VLC\plugins\demux\libdiracsys_plugin.dll
[0000017b29ceba80] main libvlc error: stale plugins cache: modified C:\Program 
Files\VideoLAN\VLC\plugins\demux\libdirectory_demux_plugin.dll
[0000017b29ceba80] main libvlc error: stale plugins cache: modified C:\Program 
Files\VideoLAN\VLC\plugins\demux\libdmxmus_plugin.dll
[0000017b29ceba80] main libvlc error: stale plugins cache: modified C:\Program 
Files\VideoLAN\VLC\plugins\demux\libes_plugin.dll
[0000017b29ceba80] main libvlc error: stale plugins cache: modified C:\Program 
Files\VideoLAN\VLC\plugins\demux\libflacsys_plugin.dll
[0000017b29ceba80] main libvlc error: stale plugins cache: modified C:\Program 
Files\VideoLAN\VLC\plugins\demux\libgme_plugin.dll
[0000017b29ceba80] main libvlc error: stale plugins cache: modified C:\Program 
Files\VideoLAN\VLC\plugins\demux\libh26x_plugin.dll
[0000017b29ceba80] main libvlc error: stale plugins cache: modified C:\Program 
Files\VideoLAN\VLC\plugins\demux\libimage_plugin.dll
[0000017b29ceba80] main libvlc error: stale plugins cache: modified C:\Program 
Files\VideoLAN\VLC\plugins\demux\libmjpeg_plugin.dll
[0000017b29ceba80] main libvlc error: stale plugins cache: modified C:\Program 
Files\VideoLAN\VLC\plugins\demux\libmkv_plugin.dll
[0000017b29ceba80] main libvlc error: stale plugins cache: modified C:\Program 
Files\VideoLAN\VLC\plugins\demux\libmod_plugin.dll
[0000017b29ceba80] main libvlc error: stale plugins cache: modified C:\Program 
Files\VideoLAN\VLC\plugins\demux\libmp4_plugin.dll
[0000017b29ceba80] main libvlc error: stale plugins cache: modified C:\Program 
Files\VideoLAN\VLC\plugins\demux\libmpc_plugin.dll
[0000017b29ceba80] main libvlc error: stale plugins cache: modified C:\Program 
Files\VideoLAN\VLC\plugins\demux\libmpgv_plugin.dll
[0000017b29ceba80] main libvlc error: stale plugins cache: modified C:\Program 
Files\VideoLAN\VLC\plugins\demux\libnoseek_plugin.dll
[0000017b29ceba80] main libvlc error: stale plugins cache: modified C:\Program 
Files\VideoLAN\VLC\plugins\demux\libnsc_plugin.dll
[0000017b29ceba80] main libvlc error: stale plugins cache: modified C:\Program 
Files\VideoLAN\VLC\plugins\demux\libnsv_plugin.dll
[0000017b29ceba80] main libvlc error: stale plugins cache: modified C:\Program 
Files\VideoLAN\VLC\plugins\demux\libnuv_plugin.dll
[0000017b29ceba80] main libvlc error: stale plugins cache: modified C:\Program 
Files\VideoLAN\VLC\plugins\demux\libogg_plugin.dll
[0000017b29ceba80] main libvlc error: stale plugins cache: modified C:\Program 
Files\VideoLAN\VLC\plugins\demux\libplaylist_plugin.dll
[0000017b29ceba80] main libvlc error: stale plugins cache: modified C:\Program 
Files\VideoLAN\VLC\plugins\demux\libps_plugin.dll
[0000017b29ceba80] main libvlc error: stale plugins cache: modified C:\Program 
Files\VideoLAN\VLC\plugins\demux\libpva_plugin.dll
[0000017b29ceba80] main libvlc error: stale plugins cache: modified C:\Program 
Files\VideoLAN\VLC\plugins\demux\librawaud_plugin.dll
[0000017b29ceba80] main libvlc error: stale plugins cache: modified C:\Program 
Files\VideoLAN\VLC\plugins\demux\librawdv_plugin.dll
[0000017b29ceba80] main libvlc error: stale plugins cache: modified C:\Program 
Files\VideoLAN\VLC\plugins\demux\librawvid_plugin.dll
[0000017b29ceba80] main libvlc error: stale plugins cache: modified C:\Program 
Files\VideoLAN\VLC\plugins\demux\libreal_plugin.dll
[0000017b29ceba80] main libvlc error: stale plugins cache: modified C:\Program 
Files\VideoLAN\VLC\plugins\demux\libsid_plugin.dll
[0000017b29ceba80] main libvlc error: stale plugins cache: modified C:\Program 
Files\VideoLAN\VLC\plugins\demux\libsmf_plugin.dll
[0000017b29ceba80] main libvlc error: stale plugins cache: modified C:\Program 
Files\VideoLAN\VLC\plugins\demux\libsubtitle_plugin.dll
[0000017b29ceba80] main libvlc error: stale plugins cache: modified C:\Program 
Files\VideoLAN\VLC\plugins\demux\libts_plugin.dll
[0000017b29ceba80] main libvlc error: stale plugins cache: modified C:\Program 
Files\VideoLAN\VLC\plugins\demux\libtta_plugin.dll
[0000017b29ceba80] main libvlc error: stale plugins cache: modified C:\Program 
Files\VideoLAN\VLC\plugins\demux\libty_plugin.dll
[0000017b29ceba80] main libvlc error: stale plugins cache: modified C:\Program 
Files\VideoLAN\VLC\plugins\demux\libvc1_plugin.dll
[0000017b29ceba80] main libvlc error: stale plugins cache: modified C:\Program 
Files\VideoLAN\VLC\plugins\demux\libvobsub_plugin.dll
[0000017b29ceba80] main libvlc error: stale plugins cache: modified C:\Program 
Files\VideoLAN\VLC\plugins\demux\libvoc_plugin.dll
[0000017b29ceba80] main libvlc error: stale plugins cache: modified C:\Program 
Files\VideoLAN\VLC\plugins\demux\libwav_plugin.dll
[0000017b29ceba80] main libvlc error: stale plugins cache: modified C:\Program 
Files\VideoLAN\VLC\plugins\demux\libxa_plugin.dll
[0000017b29ceba80] main libvlc error: stale plugins cache: modified C:\Program 
Files\VideoLAN\VLC\plugins\gui\libqt_plugin.dll
[0000017b29ceba80] main libvlc error: stale plugins cache: modified C:\Program 
Files\VideoLAN\VLC\plugins\gui\libskins2_plugin.dll
[0000017b29ceba80] main libvlc error: stale plugins cache: modified C:\Program 
Files\VideoLAN\VLC\plugins\keystore\libfile_keystore_plugin.dll
[0000017b29ceba80] main libvlc error: stale plugins cache: modified C:\Program 
Files\VideoLAN\VLC\plugins\keystore\libmemory_keystore_plugin.dll
[0000017b29ceba80] main libvlc error: stale plugins cache: modified C:\Program 
Files\VideoLAN\VLC\plugins\logger\libconsole_logger_plugin.dll
[0000017b29ceba80] main libvlc error: stale plugins cache: modified C:\Program 
Files\VideoLAN\VLC\plugins\logger\libfile_logger_plugin.dll
[0000017b29ceba80] main libvlc error: stale plugins cache: modified C:\Program 
Files\VideoLAN\VLC\plugins\lua\liblua_plugin.dll
[0000017b29ceba80] main libvlc error: stale plugins cache: modified C:\Program 
Files\VideoLAN\VLC\plugins\meta_engine\libfolder_plugin.dll
[0000017b29ceba80] main libvlc error: stale plugins cache: modified C:\Program 
Files\VideoLAN\VLC\plugins\meta_engine\libtaglib_plugin.dll
[0000017b29ceba80] main libvlc error: stale plugins cache: modified C:\Program 
Files\VideoLAN\VLC\plugins\misc\libaddonsfsstorage_plugin.dll
[0000017b29ceba80] main libvlc error: stale plugins cache: modified C:\Program 
Files\VideoLAN\VLC\plugins\misc\libaddonsvorepository_plugin.dll
[0000017b29ceba80] main libvlc error: stale plugins cache: modified C:\Program 
Files\VideoLAN\VLC\plugins\misc\libaudioscrobbler_plugin.dll
[0000017b29ceba80] main libvlc error: stale plugins cache: modified C:\Program 
Files\VideoLAN\VLC\plugins\misc\libexport_plugin.dll
[0000017b29ceba80] main libvlc error: stale plugins cache: modified C:\Program 
Files\VideoLAN\VLC\plugins\misc\libfingerprinter_plugin.dll
[0000017b29ceba80] main libvlc error: stale plugins cache: modified C:\Program 
Files\VideoLAN\VLC\plugins\misc\libgnutls_plugin.dll
[0000017b29ceba80] main libvlc error: stale plugins cache: modified C:\Program 
Files\VideoLAN\VLC\plugins\misc\liblogger_plugin.dll
[0000017b29ceba80] main libvlc error: stale plugins cache: modified C:\Program 
Files\VideoLAN\VLC\plugins\misc\libstats_plugin.dll
[0000017b29ceba80] main libvlc error: stale plugins cache: modified C:\Program 
Files\VideoLAN\VLC\plugins\misc\libvod_rtsp_plugin.dll
[0000017b29ceba80] main libvlc error: stale plugins cache: modified C:\Program 
Files\VideoLAN\VLC\plugins\misc\libxml_plugin.dll
[0000017b29ceba80] main libvlc error: stale plugins cache: modified C:\Program 
Files\VideoLAN\VLC\plugins\mux\libmux_asf_plugin.dll
[0000017b29ceba80] main libvlc error: stale plugins cache: modified C:\Program 
Files\VideoLAN\VLC\plugins\mux\libmux_avi_plugin.dll
[0000017b29ceba80] main libvlc error: stale plugins cache: modified C:\Program 
Files\VideoLAN\VLC\plugins\mux\libmux_dummy_plugin.dll
[0000017b29ceba80] main libvlc error: stale plugins cache: modified C:\Program 
Files\VideoLAN\VLC\plugins\mux\libmux_mp4_plugin.dll
[0000017b29ceba80] main libvlc error: stale plugins cache: modified C:\Program 
Files\VideoLAN\VLC\plugins\mux\libmux_mpjpeg_plugin.dll
[0000017b29ceba80] main libvlc error: stale plugins cache: modified C:\Program 
Files\VideoLAN\VLC\plugins\mux\libmux_ogg_plugin.dll
[0000017b29ceba80] main libvlc error: stale plugins cache: modified C:\Program 
Files\VideoLAN\VLC\plugins\mux\libmux_ps_plugin.dll
[0000017b29ceba80] main libvlc error: stale plugins cache: modified C:\Program 
Files\VideoLAN\VLC\plugins\mux\libmux_ts_plugin.dll
[0000017b29ceba80] main libvlc error: stale plugins cache: modified C:\Program 
Files\VideoLAN\VLC\plugins\mux\libmux_wav_plugin.dll
[0000017b29ceba80] main libvlc error: stale plugins cache: modified C:\Program 
Files\VideoLAN\VLC\plugins\packetizer\libpacketizer_a52_plugin.dll
[0000017b29ceba80] main libvlc error: stale plugins cache: modified C:\Program 
Files\VideoLAN\VLC\plugins\packetizer\libpacketizer_av1_plugin.dll
[0000017b29ceba80] main libvlc error: stale plugins cache: modified C:\Program 
Files\VideoLAN\VLC\plugins\packetizer\libpacketizer_copy_plugin.dll
[0000017b29ceba80] main libvlc error: stale plugins cache: modified C:\Program 
Files\VideoLAN\VLC\plugins\packetizer\libpacketizer_dirac_plugin.dll
[0000017b29ceba80] main libvlc error: stale plugins cache: modified C:\Program 
Files\VideoLAN\VLC\plugins\packetizer\libpacketizer_dts_plugin.dll
[0000017b29ceba80] main libvlc error: stale plugins cache: modified C:\Program 
Files\VideoLAN\VLC\plugins\packetizer\libpacketizer_flac_plugin.dll
[0000017b29ceba80] main libvlc error: stale plugins cache: modified C:\Program 
Files\VideoLAN\VLC\plugins\packetizer\libpacketizer_h264_plugin.dll
[0000017b29ceba80] main libvlc error: stale plugins cache: modified C:\Program 
Files\VideoLAN\VLC\plugins\packetizer\libpacketizer_hevc_plugin.dll
[0000017b29ceba80] main libvlc error: stale plugins cache: modified C:\Program 
Files\VideoLAN\VLC\plugins\packetizer\libpacketizer_mlp_plugin.dll
[0000017b29ceba80] main libvlc error: stale plugins cache: modified C:\Program 
Files\VideoLAN\VLC\plugins\packetizer\libpacketizer_mpeg4audio_plugin.dll
[0000017b29ceba80] main libvlc error: stale plugins cache: modified C:\Program 
Files\VideoLAN\VLC\plugins\packetizer\libpacketizer_mpeg4video_plugin.dll
[0000017b29ceba80] main libvlc error: stale plugins cache: modified C:\Program 
Files\VideoLAN\VLC\plugins\packetizer\libpacketizer_mpegaudio_plugin.dll
[0000017b29ceba80] main libvlc error: stale plugins cache: modified C:\Program 
Files\VideoLAN\VLC\plugins\packetizer\libpacketizer_mpegvideo_plugin.dll
[0000017b29ceba80] main libvlc error: stale plugins cache: modified C:\Program 
Files\VideoLAN\VLC\plugins\packetizer\libpacketizer_vc1_plugin.dll
[0000017b29ceba80] main libvlc error: stale plugins cache: modified C:\Program 
Files\VideoLAN\VLC\plugins\services_discovery\libmediadirs_plugin.dll
[0000017b29ceba80] main libvlc error: stale plugins cache: modified C:\Program 
Files\VideoLAN\VLC\plugins\services_discovery\libmicrodns_plugin.dll
[0000017b29ceba80] main libvlc error: stale plugins cache: modified C:\Program 
Files\VideoLAN\VLC\plugins\services_discovery\libpodcast_plugin.dll
[0000017b29ceba80] main libvlc error: stale plugins cache: modified C:\Program 
Files\VideoLAN\VLC\plugins\services_discovery\libsap_plugin.dll
[0000017b29ceba80] main libvlc error: stale plugins cache: modified C:\Program 
Files\VideoLAN\VLC\plugins\services_discovery\libupnp_plugin.dll
[0000017b29ceba80] main libvlc error: stale plugins cache: modified C:\Program 
Files\VideoLAN\VLC\plugins\services_discovery\libwindrive_plugin.dll
[0000017b29ceba80] main libvlc error: stale plugins cache: modified C:\Program 
Files\VideoLAN\VLC\plugins\spu\libaudiobargraph_v_plugin.dll
[0000017b29ceba80] main libvlc error: stale plugins cache: modified C:\Program 
Files\VideoLAN\VLC\plugins\spu\liblogo_plugin.dll
[0000017b29ceba80] main libvlc error: stale plugins cache: modified C:\Program 
Files\VideoLAN\VLC\plugins\spu\libmarq_plugin.dll
[0000017b29ceba80] main libvlc error: stale plugins cache: modified C:\Program 
Files\VideoLAN\VLC\plugins\spu\libmosaic_plugin.dll
[0000017b29ceba80] main libvlc error: stale plugins cache: modified C:\Program 
Files\VideoLAN\VLC\plugins\spu\libremoteosd_plugin.dll
[0000017b29ceba80] main libvlc error: stale plugins cache: modified C:\Program 
Files\VideoLAN\VLC\plugins\spu\librss_plugin.dll
[0000017b29ceba80] main libvlc error: stale plugins cache: modified C:\Program 
Files\VideoLAN\VLC\plugins\spu\libsubsdelay_plugin.dll
[0000017b29ceba80] main libvlc error: stale plugins cache: modified C:\Program 
Files\VideoLAN\VLC\plugins\stream_extractor\libarchive_plugin.dll
[0000017b29ceba80] main libvlc error: stale plugins cache: modified C:\Program 
Files\VideoLAN\VLC\plugins\stream_filter\libadf_plugin.dll
[0000017b29ceba80] main libvlc error: stale plugins cache: modified C:\Program 
Files\VideoLAN\VLC\plugins\stream_filter\libaribcam_plugin.dll
[0000017b29ceba80] main libvlc error: stale plugins cache: modified C:\Program 
Files\VideoLAN\VLC\plugins\stream_filter\libcache_block_plugin.dll
[0000017b29ceba80] main libvlc error: stale plugins cache: modified C:\Program 
Files\VideoLAN\VLC\plugins\stream_filter\libcache_read_plugin.dll
[0000017b29ceba80] main libvlc error: stale plugins cache: modified C:\Program 
Files\VideoLAN\VLC\plugins\stream_filter\libhds_plugin.dll
[0000017b29ceba80] main libvlc error: stale plugins cache: modified C:\Program 
Files\VideoLAN\VLC\plugins\stream_filter\libinflate_plugin.dll
[0000017b29ceba80] main libvlc error: stale plugins cache: modified C:\Program 
Files\VideoLAN\VLC\plugins\stream_filter\libprefetch_plugin.dll
[0000017b29ceba80] main libvlc error: stale plugins cache: modified C:\Program 
Files\VideoLAN\VLC\plugins\stream_filter\librecord_plugin.dll
[0000017b29ceba80] main libvlc error: stale plugins cache: modified C:\Program 
Files\VideoLAN\VLC\plugins\stream_filter\libskiptags_plugin.dll
[0000017b29ceba80] main libvlc error: stale plugins cache: modified C:\Program 
Files\VideoLAN\VLC\plugins\stream_out\libstream_out_autodel_plugin.dll
[0000017b29ceba80] main libvlc error: stale plugins cache: modified C:\Program 
Files\VideoLAN\VLC\plugins\stream_out\libstream_out_bridge_plugin.dll
[0000017b29ceba80] main libvlc error: stale plugins cache: modified C:\Program 
Files\VideoLAN\VLC\plugins\stream_out\libstream_out_chromaprint_plugin.dll
[0000017b29ceba80] main libvlc error: stale plugins cache: modified C:\Program 
Files\VideoLAN\VLC\plugins\stream_out\libstream_out_chromecast_plugin.dll
[0000017b29ceba80] main libvlc error: stale plugins cache: modified C:\Program 
Files\VideoLAN\VLC\plugins\stream_out\libstream_out_cycle_plugin.dll
[0000017b29ceba80] main libvlc error: stale plugins cache: modified C:\Program 
Files\VideoLAN\VLC\plugins\stream_out\libstream_out_delay_plugin.dll
[0000017b29ceba80] main libvlc error: stale plugins cache: modified C:\Program 
Files\VideoLAN\VLC\plugins\stream_out\libstream_out_description_plugin.dll
[0000017b29ceba80] main libvlc error: stale plugins cache: modified C:\Program 
Files\VideoLAN\VLC\plugins\stream_out\libstream_out_display_plugin.dll
[0000017b29ceba80] main libvlc error: stale plugins cache: modified C:\Program 
Files\VideoLAN\VLC\plugins\stream_out\libstream_out_dummy_plugin.dll
[0000017b29ceba80] main libvlc error: stale plugins cache: modified C:\Program 
Files\VideoLAN\VLC\plugins\stream_out\libstream_out_duplicate_plugin.dll
[0000017b29ceba80] main libvlc error: stale plugins cache: modified C:\Program 
Files\VideoLAN\VLC\plugins\stream_out\libstream_out_es_plugin.dll
[0000017b29ceba80] main libvlc error: stale plugins cache: modified C:\Program 
Files\VideoLAN\VLC\plugins\stream_out\libstream_out_gather_plugin.dll
[0000017b29ceba80] main libvlc error: stale plugins cache: modified C:\Program 
Files\VideoLAN\VLC\plugins\stream_out\libstream_out_mosaic_bridge_plugin.dll
[0000017b29ceba80] main libvlc error: stale plugins cache: modified C:\Program 
Files\VideoLAN\VLC\plugins\stream_out\libstream_out_record_plugin.dll
[0000017b29ceba80] main libvlc error: stale plugins cache: modified C:\Program 
Files\VideoLAN\VLC\plugins\stream_out\libstream_out_rtp_plugin.dll
[0000017b29ceba80] main libvlc error: stale plugins cache: modified C:\Program 
Files\VideoLAN\VLC\plugins\stream_out\libstream_out_setid_plugin.dll
[0000017b29ceba80] main libvlc error: stale plugins cache: modified C:\Program 
Files\VideoLAN\VLC\plugins\stream_out\libstream_out_smem_plugin.dll
[0000017b29ceba80] main libvlc error: stale plugins cache: modified C:\Program 
Files\VideoLAN\VLC\plugins\stream_out\libstream_out_standard_plugin.dll
[0000017b29ceba80] main libvlc error: stale plugins cache: modified C:\Program 
Files\VideoLAN\VLC\plugins\stream_out\libstream_out_stats_plugin.dll
[0000017b29ceba80] main libvlc error: stale plugins cache: modified C:\Program 
Files\VideoLAN\VLC\plugins\stream_out\libstream_out_transcode_plugin.dll
[0000017b29ceba80] main libvlc error: stale plugins cache: modified C:\Program 
Files\VideoLAN\VLC\plugins\text_renderer\libfreetype_plugin.dll
[0000017b29ceba80] main libvlc error: stale plugins cache: modified C:\Program 
Files\VideoLAN\VLC\plugins\text_renderer\libsapi_plugin.dll
[0000017b29ceba80] main libvlc error: stale plugins cache: modified C:\Program 
Files\VideoLAN\VLC\plugins\text_renderer\libtdummy_plugin.dll
[0000017b29ceba80] main libvlc error: stale plugins cache: modified C:\Program 
Files\VideoLAN\VLC\plugins\video_chroma\libchain_plugin.dll
[0000017b29ceba80] main libvlc error: stale plugins cache: modified C:\Program 
Files\VideoLAN\VLC\plugins\video_chroma\libgrey_yuv_plugin.dll
[0000017b29ceba80] main libvlc error: stale plugins cache: modified C:\Program 
Files\VideoLAN\VLC\plugins\video_chroma\libi420_10_p010_plugin.dll
[0000017b29ceba80] main libvlc error: stale plugins cache: modified C:\Program 
Files\VideoLAN\VLC\plugins\video_chroma\libi420_nv12_plugin.dll
[0000017b29ceba80] main libvlc error: stale plugins cache: modified C:\Program 
Files\VideoLAN\VLC\plugins\video_chroma\libi420_rgb_mmx_plugin.dll
[0000017b29ceba80] main libvlc error: stale plugins cache: modified C:\Program 
Files\VideoLAN\VLC\plugins\video_chroma\libi420_rgb_plugin.dll
[0000017b29ceba80] main libvlc error: stale plugins cache: modified C:\Program 
Files\VideoLAN\VLC\plugins\video_chroma\libi420_rgb_sse2_plugin.dll
[0000017b29ceba80] main libvlc error: stale plugins cache: modified C:\Program 
Files\VideoLAN\VLC\plugins\video_chroma\libi420_yuy2_mmx_plugin.dll
[0000017b29ceba80] main libvlc error: stale plugins cache: modified C:\Program 
Files\VideoLAN\VLC\plugins\video_chroma\libi420_yuy2_plugin.dll
[0000017b29ceba80] main libvlc error: stale plugins cache: modified C:\Program 
Files\VideoLAN\VLC\plugins\video_chroma\libi420_yuy2_sse2_plugin.dll
[0000017b29ceba80] main libvlc error: stale plugins cache: modified C:\Program 
Files\VideoLAN\VLC\plugins\video_chroma\libi422_i420_plugin.dll
[0000017b29ceba80] main libvlc error: stale plugins cache: modified C:\Program 
Files\VideoLAN\VLC\plugins\video_chroma\libi422_yuy2_mmx_plugin.dll
[0000017b29ceba80] main libvlc error: stale plugins cache: modified C:\Program 
Files\VideoLAN\VLC\plugins\video_chroma\libi422_yuy2_plugin.dll
[0000017b29ceba80] main libvlc error: stale plugins cache: modified C:\Program 
Files\VideoLAN\VLC\plugins\video_chroma\libi422_yuy2_sse2_plugin.dll
[0000017b29ceba80] main libvlc error: stale plugins cache: modified C:\Program 
Files\VideoLAN\VLC\plugins\video_chroma\librv32_plugin.dll
[0000017b29ceba80] main libvlc error: stale plugins cache: modified C:\Program 
Files\VideoLAN\VLC\plugins\video_chroma\libswscale_plugin.dll
[0000017b29ceba80] main libvlc error: stale plugins cache: modified C:\Program 
Files\VideoLAN\VLC\plugins\video_chroma\libyuvp_plugin.dll
[0000017b29ceba80] main libvlc error: stale plugins cache: modified C:\Program 
Files\VideoLAN\VLC\plugins\video_chroma\libyuy2_i420_plugin.dll
[0000017b29ceba80] main libvlc error: stale plugins cache: modified C:\Program 
Files\VideoLAN\VLC\plugins\video_chroma\libyuy2_i422_plugin.dll
[0000017b29ceba80] main libvlc error: stale plugins cache: modified C:\Program 
Files\VideoLAN\VLC\plugins\video_filter\libadjust_plugin.dll
[0000017b29ceba80] main libvlc error: stale plugins cache: modified C:\Program 
Files\VideoLAN\VLC\plugins\video_filter\libalphamask_plugin.dll
[0000017b29ceba80] main libvlc error: stale plugins cache: modified C:\Program 
Files\VideoLAN\VLC\plugins\video_filter\libanaglyph_plugin.dll
[0000017b29ceba80] main libvlc error: stale plugins cache: modified C:\Program 
Files\VideoLAN\VLC\plugins\video_filter\libantiflicker_plugin.dll
[0000017b29ceba80] main libvlc error: stale plugins cache: modified C:\Program 
Files\VideoLAN\VLC\plugins\video_filter\libball_plugin.dll
[0000017b29ceba80] main libvlc error: stale plugins cache: modified C:\Program 
Files\VideoLAN\VLC\plugins\video_filter\libblendbench_plugin.dll
[0000017b29ceba80] main libvlc error: stale plugins cache: modified C:\Program 
Files\VideoLAN\VLC\plugins\video_filter\libblend_plugin.dll
[0000017b29ceba80] main libvlc error: stale plugins cache: modified C:\Program 
Files\VideoLAN\VLC\plugins\video_filter\libbluescreen_plugin.dll
[0000017b29ceba80] main libvlc error: stale plugins cache: modified C:\Program 
Files\VideoLAN\VLC\plugins\video_filter\libcanvas_plugin.dll
[0000017b29ceba80] main libvlc error: stale plugins cache: modified C:\Program 
Files\VideoLAN\VLC\plugins\video_filter\libcolorthres_plugin.dll
[0000017b29ceba80] main libvlc error: stale plugins cache: modified C:\Program 
Files\VideoLAN\VLC\plugins\video_filter\libcroppadd_plugin.dll
[0000017b29ceba80] main libvlc error: stale plugins cache: modified C:\Program 
Files\VideoLAN\VLC\plugins\video_filter\libdeinterlace_plugin.dll
[0000017b29ceba80] main libvlc error: stale plugins cache: modified C:\Program 
Files\VideoLAN\VLC\plugins\video_filter\libedgedetection_plugin.dll
[0000017b29ceba80] main libvlc error: stale plugins cache: modified C:\Program 
Files\VideoLAN\VLC\plugins\video_filter\liberase_plugin.dll
[0000017b29ceba80] main libvlc error: stale plugins cache: modified C:\Program 
Files\VideoLAN\VLC\plugins\video_filter\libextract_plugin.dll
[0000017b29ceba80] main libvlc error: stale plugins cache: modified C:\Program 
Files\VideoLAN\VLC\plugins\video_filter\libfps_plugin.dll
[0000017b29ceba80] main libvlc error: stale plugins cache: modified C:\Program 
Files\VideoLAN\VLC\plugins\video_filter\libfreeze_plugin.dll
[0000017b29ceba80] main libvlc error: stale plugins cache: modified C:\Program 
Files\VideoLAN\VLC\plugins\video_filter\libgaussianblur_plugin.dll
[0000017b29ceba80] main libvlc error: stale plugins cache: modified C:\Program 
Files\VideoLAN\VLC\plugins\video_filter\libgradfun_plugin.dll
[0000017b29ceba80] main libvlc error: stale plugins cache: modified C:\Program 
Files\VideoLAN\VLC\plugins\video_filter\libgradient_plugin.dll
[0000017b29ceba80] main libvlc error: stale plugins cache: modified C:\Program 
Files\VideoLAN\VLC\plugins\video_filter\libgrain_plugin.dll
[0000017b29ceba80] main libvlc error: stale plugins cache: modified C:\Program 
Files\VideoLAN\VLC\plugins\video_filter\libhqdn3d_plugin.dll
[0000017b29ceba80] main libvlc error: stale plugins cache: modified C:\Program 
Files\VideoLAN\VLC\plugins\video_filter\libinvert_plugin.dll
[0000017b29ceba80] main libvlc error: stale plugins cache: modified C:\Program 
Files\VideoLAN\VLC\plugins\video_filter\libmagnify_plugin.dll
[0000017b29ceba80] main libvlc error: stale plugins cache: modified C:\Program 
Files\VideoLAN\VLC\plugins\video_filter\libmirror_plugin.dll
[0000017b29ceba80] main libvlc error: stale plugins cache: modified C:\Program 
Files\VideoLAN\VLC\plugins\video_filter\libmotionblur_plugin.dll
[0000017b29ceba80] main libvlc error: stale plugins cache: modified C:\Program 
Files\VideoLAN\VLC\plugins\video_filter\libmotiondetect_plugin.dll
[0000017b29ceba80] main libvlc error: stale plugins cache: modified C:\Program 
Files\VideoLAN\VLC\plugins\video_filter\liboldmovie_plugin.dll
[0000017b29ceba80] main libvlc error: stale plugins cache: modified C:\Program 
Files\VideoLAN\VLC\plugins\video_filter\libposterize_plugin.dll
[0000017b29ceba80] main libvlc error: stale plugins cache: modified C:\Program 
Files\VideoLAN\VLC\plugins\video_filter\libpostproc_plugin.dll
[0000017b29ceba80] main libvlc error: stale plugins cache: modified C:\Program 
Files\VideoLAN\VLC\plugins\video_filter\libpsychedelic_plugin.dll
[0000017b29ceba80] main libvlc error: stale plugins cache: modified C:\Program 
Files\VideoLAN\VLC\plugins\video_filter\libpuzzle_plugin.dll
[0000017b29ceba80] main libvlc error: stale plugins cache: modified C:\Program 
Files\VideoLAN\VLC\plugins\video_filter\libripple_plugin.dll
[0000017b29ceba80] main libvlc error: stale plugins cache: modified C:\Program 
Files\VideoLAN\VLC\plugins\video_filter\librotate_plugin.dll
[0000017b29ceba80] main libvlc error: stale plugins cache: modified C:\Program 
Files\VideoLAN\VLC\plugins\video_filter\libscale_plugin.dll
[0000017b29ceba80] main libvlc error: stale plugins cache: modified C:\Program 
Files\VideoLAN\VLC\plugins\video_filter\libscene_plugin.dll
[0000017b29ceba80] main libvlc error: stale plugins cache: modified C:\Program 
Files\VideoLAN\VLC\plugins\video_filter\libsepia_plugin.dll
[0000017b29ceba80] main libvlc error: stale plugins cache: modified C:\Program 
Files\VideoLAN\VLC\plugins\video_filter\libsharpen_plugin.dll
[0000017b29ceba80] main libvlc error: stale plugins cache: modified C:\Program 
Files\VideoLAN\VLC\plugins\video_filter\libtransform_plugin.dll
[0000017b29ceba80] main libvlc error: stale plugins cache: modified C:\Program 
Files\VideoLAN\VLC\plugins\video_filter\libvhs_plugin.dll
[0000017b29ceba80] main libvlc error: stale plugins cache: modified C:\Program 
Files\VideoLAN\VLC\plugins\video_filter\libwave_plugin.dll
[0000017b29ceba80] main libvlc error: stale plugins cache: modified C:\Program 
Files\VideoLAN\VLC\plugins\video_output\libcaca_plugin.dll
[0000017b29ceba80] main libvlc error: stale plugins cache: modified C:\Program 
Files\VideoLAN\VLC\plugins\video_output\libdirect3d11_plugin.dll
[0000017b29ceba80] main libvlc error: stale plugins cache: modified C:\Program 
Files\VideoLAN\VLC\plugins\video_output\libdirect3d9_plugin.dll
[0000017b29ceba80] main libvlc error: stale plugins cache: modified C:\Program 
Files\VideoLAN\VLC\plugins\video_output\libdirectdraw_plugin.dll
[0000017b29ceba80] main libvlc error: stale plugins cache: modified C:\Program 
Files\VideoLAN\VLC\plugins\video_output\libdrawable_plugin.dll
[0000017b29ceba80] main libvlc error: stale plugins cache: modified C:\Program 
Files\VideoLAN\VLC\plugins\video_output\libflaschen_plugin.dll
[0000017b29ceba80] main libvlc error: stale plugins cache: modified C:\Program 
Files\VideoLAN\VLC\plugins\video_output\libglinterop_dxva2_plugin.dll
[0000017b29ceba80] main libvlc error: stale plugins cache: modified C:\Program 
Files\VideoLAN\VLC\plugins\video_output\libglwin32_plugin.dll
[0000017b29ceba80] main libvlc error: stale plugins cache: modified C:\Program 
Files\VideoLAN\VLC\plugins\video_output\libgl_plugin.dll
[0000017b29ceba80] main libvlc error: stale plugins cache: modified C:\Program 
Files\VideoLAN\VLC\plugins\video_output\libvdummy_plugin.dll
[0000017b29ceba80] main libvlc error: stale plugins cache: modified C:\Program 
Files\VideoLAN\VLC\plugins\video_output\libvmem_plugin.dll
[0000017b29ceba80] main libvlc error: stale plugins cache: modified C:\Program 
Files\VideoLAN\VLC\plugins\video_output\libwgl_plugin.dll
[0000017b29ceba80] main libvlc error: stale plugins cache: modified C:\Program 
Files\VideoLAN\VLC\plugins\video_output\libwingdi_plugin.dll
[0000017b29ceba80] main libvlc error: stale plugins cache: modified C:\Program 
Files\VideoLAN\VLC\plugins\video_output\libwinhibit_plugin.dll
[0000017b29ceba80] main libvlc error: stale plugins cache: modified C:\Program 
Files\VideoLAN\VLC\plugins\video_output\libyuv_plugin.dll
[0000017b29ceba80] main libvlc error: stale plugins cache: modified C:\Program 
Files\VideoLAN\VLC\plugins\video_splitter\libclone_plugin.dll
[0000017b29ceba80] main libvlc error: stale plugins cache: modified C:\Program 
Files\VideoLAN\VLC\plugins\video_splitter\libpanoramix_plugin.dll
[0000017b29ceba80] main libvlc error: stale plugins cache: modified C:\Program 
Files\VideoLAN\VLC\plugins\video_splitter\libwall_plugin.dll
[0000017b29ceba80] main libvlc error: stale plugins cache: modified C:\Program 
Files\VideoLAN\VLC\plugins\visualization\libglspectrum_plugin.dll
[0000017b29ceba80] main libvlc error: stale plugins cache: modified C:\Program 
Files\VideoLAN\VLC\plugins\visualization\libgoom_plugin.dll
[0000017b29ceba80] main libvlc error: stale plugins cache: modified C:\Program 
Files\VideoLAN\VLC\plugins\visualization\libprojectm_plugin.dll
[0000017b29ceba80] main libvlc error: stale plugins cache: modified C:\Program 
Files\VideoLAN\VLC\plugins\visualization\libvisual_plugin.dll
[0000017b29ceba80] main libvlc error: stale plugins cache: modified C:\Program 
Files\VideoLAN\VLC\plugins\access\libaccess_concat_plugin.dll
[0000017b29ceba80] main libvlc error: stale plugins cache: modified C:\Program 
Files\VideoLAN\VLC\plugins\access\libaccess_imem_plugin.dll
[0000017b29ceba80] main libvlc error: stale plugins cache: modified C:\Program 
Files\VideoLAN\VLC\plugins\access\libaccess_mms_plugin.dll
[0000017b29ceba80] main libvlc error: stale plugins cache: modified C:\Program 
Files\VideoLAN\VLC\plugins\access\libaccess_realrtsp_plugin.dll
[0000017b29ceba80] main libvlc error: stale plugins cache: modified C:\Program 
Files\VideoLAN\VLC\plugins\access\libaccess_srt_plugin.dll
[0000017b29ceba80] main libvlc error: stale plugins cache: modified C:\Program 
Files\VideoLAN\VLC\plugins\access\libaccess_wasapi_plugin.dll
[0000017b29ceba80] main libvlc error: stale plugins cache: modified C:\Program 
Files\VideoLAN\VLC\plugins\access\libattachment_plugin.dll
[0000017b29ceba80] main libvlc error: stale plugins cache: modified C:\Program 
Files\VideoLAN\VLC\plugins\access\libcdda_plugin.dll
[0000017b29ceba80] main libvlc error: stale plugins cache: modified C:\Program 
Files\VideoLAN\VLC\plugins\access\libdcp_plugin.dll
[0000017b29ceba80] main libvlc error: stale plugins cache: modified C:\Program 
Files\VideoLAN\VLC\plugins\access\libdshow_plugin.dll
[0000017b29ceba80] main libvlc error: stale plugins cache: modified C:\Program 
Files\VideoLAN\VLC\plugins\access\libdtv_plugin.dll
[0000017b29ceba80] main libvlc error: stale plugins cache: modified C:\Program 
Files\VideoLAN\VLC\plugins\access\libdvdnav_plugin.dll
[0000017b29ceba80] main libvlc error: stale plugins cache: modified C:\Program 
Files\VideoLAN\VLC\plugins\access\libdvdread_plugin.dll
[0000017b29ceba80] main libvlc error: stale plugins cache: modified C:\Program 
Files\VideoLAN\VLC\plugins\access\libfilesystem_plugin.dll
[0000017b29ceba80] main libvlc error: stale plugins cache: modified C:\Program 
Files\VideoLAN\VLC\plugins\access\libftp_plugin.dll
[0000017b29ceba80] main libvlc error: stale plugins cache: modified C:\Program 
Files\VideoLAN\VLC\plugins\access\libhttps_plugin.dll
[0000017b29ceba80] main libvlc error: stale plugins cache: modified C:\Program 
Files\VideoLAN\VLC\plugins\access\libhttp_plugin.dll
[0000017b29ceba80] main libvlc error: stale plugins cache: modified C:\Program 
Files\VideoLAN\VLC\plugins\access\libidummy_plugin.dll
[0000017b29ceba80] main libvlc error: stale plugins cache: modified C:\Program 
Files\VideoLAN\VLC\plugins\access\libimem_plugin.dll
[0000017b29ceba80] main libvlc error: stale plugins cache: modified C:\Program 
Files\VideoLAN\VLC\plugins\access\liblibbluray_plugin.dll
[0000017b29ceba80] main libvlc error: stale plugins cache: modified C:\Program 
Files\VideoLAN\VLC\plugins\access\liblive555_plugin.dll
[0000017b29ceba80] main libvlc error: stale plugins cache: modified C:\Program 
Files\VideoLAN\VLC\plugins\access\libnfs_plugin.dll
[0000017b29ceba80] main libvlc error: stale plugins cache: modified C:\Program 
Files\VideoLAN\VLC\plugins\access\librist_plugin.dll
[0000017b29ceba80] main libvlc error: stale plugins cache: modified C:\Program 
Files\VideoLAN\VLC\plugins\access\librtp_plugin.dll
[0000017b29ceba80] main libvlc error: stale plugins cache: modified C:\Program 
Files\VideoLAN\VLC\plugins\access\libsatip_plugin.dll
[0000017b29ceba80] main libvlc error: stale plugins cache: modified C:\Program 
Files\VideoLAN\VLC\plugins\access\libscreen_plugin.dll
[0000017b29ceba80] main libvlc error: stale plugins cache: modified C:\Program 
Files\VideoLAN\VLC\plugins\access\libsdp_plugin.dll
[0000017b29ceba80] main libvlc error: stale plugins cache: modified C:\Program 
Files\VideoLAN\VLC\plugins\access\libsftp_plugin.dll
[0000017b29ceba80] main libvlc error: stale plugins cache: modified C:\Program 
Files\VideoLAN\VLC\plugins\access\libshm_plugin.dll
[0000017b29ceba80] main libvlc error: stale plugins cache: modified C:\Program 
Files\VideoLAN\VLC\plugins\access\libsmb_plugin.dll
[0000017b29ceba80] main libvlc error: stale plugins cache: modified C:\Program 
Files\VideoLAN\VLC\plugins\access\libtcp_plugin.dll
[0000017b29ceba80] main libvlc error: stale plugins cache: modified C:\Program 
Files\VideoLAN\VLC\plugins\access\libtimecode_plugin.dll
[0000017b29ceba80] main libvlc error: stale plugins cache: modified C:\Program 
Files\VideoLAN\VLC\plugins\access\libudp_plugin.dll
[0000017b29ceba80] main libvlc error: stale plugins cache: modified C:\Program 
Files\VideoLAN\VLC\plugins\access\libvcd_plugin.dll
[0000017b29ceba80] main libvlc error: stale plugins cache: modified C:\Program 
Files\VideoLAN\VLC\plugins\access\libvdr_plugin.dll
[0000017b29ceba80] main libvlc error: stale plugins cache: modified C:\Program 
Files\VideoLAN\VLC\plugins\access\libvnc_plugin.dll
[0000017b29ceba80] main libvlc error: stale plugins cache: modified C:\Program 
Files\VideoLAN\VLC\plugins\access_output\libaccess_output_dummy_plugin.dll
[0000017b29ceba80] main libvlc error: stale plugins cache: modified C:\Program 
Files\VideoLAN\VLC\plugins\access_output\libaccess_output_file_plugin.dll
[0000017b29ceba80] main libvlc error: stale plugins cache: modified C:\Program 
Files\VideoLAN\VLC\plugins\access_output\libaccess_output_http_plugin.dll
[0000017b29ceba80] main libvlc error: stale plugins cache: modified C:\Program 
Files\VideoLAN\VLC\plugins\access_output\libaccess_output_livehttp_plugin.dll
[0000017b29ceba80] main libvlc error: stale plugins cache: modified C:\Program 
Files\VideoLAN\VLC\plugins\access_output\libaccess_output_rist_plugin.dll
[0000017b29ceba80] main libvlc error: stale plugins cache: modified C:\Program 
Files\VideoLAN\VLC\plugins\access_output\libaccess_output_shout_plugin.dll
[0000017b29ceba80] main libvlc error: stale plugins cache: modified C:\Program 
Files\VideoLAN\VLC\plugins\access_output\libaccess_output_srt_plugin.dll
[0000017b29ceba80] main libvlc error: stale plugins cache: modified C:\Program 
Files\VideoLAN\VLC\plugins\access_output\libaccess_output_udp_plugin.dll
[0000017b29ceba80] main libvlc error: stale plugins cache: modified C:\Program 
Files\VideoLAN\VLC\plugins\audio_filter\libaudiobargraph_a_plugin.dll
[0000017b29ceba80] main libvlc error: stale plugins cache: modified C:\Program 
Files\VideoLAN\VLC\plugins\audio_filter\libaudio_format_plugin.dll
[0000017b29ceba80] main libvlc error: stale plugins cache: modified C:\Program 
Files\VideoLAN\VLC\plugins\audio_filter\libchorus_flanger_plugin.dll
[0000017b29ceba80] main libvlc error: stale plugins cache: modified C:\Program 
Files\VideoLAN\VLC\plugins\audio_filter\libcompressor_plugin.dll
[0000017b29ceba80] main libvlc error: stale plugins cache: modified C:\Program 
Files\VideoLAN\VLC\plugins\audio_filter\libdolby_surround_decoder_plugin.dll
[0000017b29ceba80] main libvlc error: stale plugins cache: modified C:\Program 
Files\VideoLAN\VLC\plugins\audio_filter\libequalizer_plugin.dll
[0000017b29ceba80] main libvlc error: stale plugins cache: modified C:\Program 
Files\VideoLAN\VLC\plugins\audio_filter\libgain_plugin.dll
[0000017b29ceba80] main libvlc error: stale plugins cache: modified C:\Program 
Files\VideoLAN\VLC\plugins\audio_filter\libheadphone_channel_mixer_plugin.dll
[0000017b29ceba80] main libvlc error: stale plugins cache: modified C:\Program 
Files\VideoLAN\VLC\plugins\audio_filter\libkaraoke_plugin.dll
[0000017b29ceba80] main libvlc error: stale plugins cache: modified C:\Program 
Files\VideoLAN\VLC\plugins\audio_filter\libmad_plugin.dll
[0000017b29ceba80] main libvlc error: stale plugins cache: modified C:\Program 
Files\VideoLAN\VLC\plugins\audio_filter\libmono_plugin.dll
[0000017b29ceba80] main libvlc error: stale plugins cache: modified C:\Program 
Files\VideoLAN\VLC\plugins\audio_filter\libnormvol_plugin.dll
[0000017b29ceba80] main libvlc error: stale plugins cache: modified C:\Program 
Files\VideoLAN\VLC\plugins\audio_filter\libparam_eq_plugin.dll
[0000017b29ceba80] main libvlc error: stale plugins cache: modified C:\Program 
Files\VideoLAN\VLC\plugins\audio_filter\libremap_plugin.dll
[0000017b29ceba80] main libvlc error: stale plugins cache: modified C:\Program 
Files\VideoLAN\VLC\plugins\audio_filter\libsamplerate_plugin.dll
[0000017b29ceba80] main libvlc error: stale plugins cache: modified C:\Program 
Files\VideoLAN\VLC\plugins\audio_filter\libscaletempo_pitch_plugin.dll
[0000017b29ceba80] main libvlc error: stale plugins cache: modified C:\Program 
Files\VideoLAN\VLC\plugins\audio_filter\libscaletempo_plugin.dll
[0000017b29ceba80] main libvlc error: stale plugins cache: modified C:\Program 
Files\VideoLAN\VLC\plugins\audio_filter\libsimple_channel_mixer_plugin.dll
[0000017b29ceba80] main libvlc error: stale plugins cache: modified C:\Program 
Files\VideoLAN\VLC\plugins\audio_filter\libspatialaudio_plugin.dll
[0000017b29ceba80] main libvlc error: stale plugins cache: modified C:\Program 
Files\VideoLAN\VLC\plugins\audio_filter\libspatializer_plugin.dll
[0000017b29ceba80] main libvlc error: stale plugins cache: modified C:\Program 
Files\VideoLAN\VLC\plugins\audio_filter\libspeex_resampler_plugin.dll
[0000017b29ceba80] main libvlc error: stale plugins cache: modified C:\Program 
Files\VideoLAN\VLC\plugins\audio_filter\libstereo_widen_plugin.dll
[0000017b29ceba80] main libvlc error: stale plugins cache: modified C:\Program 
Files\VideoLAN\VLC\plugins\audio_filter\libtospdif_plugin.dll
[0000017b29ceba80] main libvlc error: stale plugins cache: modified C:\Program 
Files\VideoLAN\VLC\plugins\audio_filter\libtrivial_channel_mixer_plugin.dll
[0000017b29ceba80] main libvlc error: stale plugins cache: modified C:\Program 
Files\VideoLAN\VLC\plugins\audio_filter\libugly_resampler_plugin.dll
[0000017b29ceba80] main libvlc error: stale plugins cache: modified C:\Program 
Files\VideoLAN\VLC\plugins\audio_mixer\libfloat_mixer_plugin.dll
[0000017b29ceba80] main libvlc error: stale plugins cache: modified C:\Program 
Files\VideoLAN\VLC\plugins\audio_mixer\libinteger_mixer_plugin.dll
[0000017b29ceba80] main libvlc error: stale plugins cache: modified C:\Program 
Files\VideoLAN\VLC\plugins\audio_output\libadummy_plugin.dll
[0000017b29ceba80] main libvlc error: stale plugins cache: modified C:\Program 
Files\VideoLAN\VLC\plugins\audio_output\libafile_plugin.dll
[0000017b29ceba80] main libvlc error: stale plugins cache: modified C:\Program 
Files\VideoLAN\VLC\plugins\audio_output\libamem_plugin.dll
[0000017b29ceba80] main libvlc error: stale plugins cache: modified C:\Program 
Files\VideoLAN\VLC\plugins\audio_output\libdirectsound_plugin.dll
[0000017b29ceba80] main libvlc error: stale plugins cache: modified C:\Program 
Files\VideoLAN\VLC\plugins\audio_output\libmmdevice_plugin.dll
[0000017b29ceba80] main libvlc error: stale plugins cache: modified C:\Program 
Files\VideoLAN\VLC\plugins\audio_output\libwasapi_plugin.dll
[0000017b29ceba80] main libvlc error: stale plugins cache: modified C:\Program 
Files\VideoLAN\VLC\plugins\audio_output\libwaveout_plugin.dll
[0000017b29ceba80] main libvlc error: stale plugins cache: modified C:\Program 
Files\VideoLAN\VLC\plugins\codec\libadpcm_plugin.dll
[0000017b29ceba80] main libvlc error: stale plugins cache: modified C:\Program 
Files\VideoLAN\VLC\plugins\codec\libaes3_plugin.dll
[0000017b29ceba80] main libvlc error: stale plugins cache: modified C:\Program 
Files\VideoLAN\VLC\plugins\codec\libaom_plugin.dll
[0000017b29ceba80] main libvlc error: stale plugins cache: modified C:\Program 
Files\VideoLAN\VLC\plugins\codec\libaraw_plugin.dll
[0000017b29ceba80] main libvlc error: stale plugins cache: modified C:\Program 
Files\VideoLAN\VLC\plugins\codec\libaribsub_plugin.dll
[0000017b29ceba80] main libvlc error: stale plugins cache: modified C:\Program 
Files\VideoLAN\VLC\plugins\codec\libavcodec_plugin.dll
[0000017b29ceba80] main libvlc error: stale plugins cache: modified C:\Program 
Files\VideoLAN\VLC\plugins\codec\libcc_plugin.dll
[0000017b29ceba80] main libvlc error: stale plugins cache: modified C:\Program 
Files\VideoLAN\VLC\plugins\codec\libcdg_plugin.dll
[0000017b29ceba80] main libvlc error: stale plugins cache: modified C:\Program 
Files\VideoLAN\VLC\plugins\codec\libcrystalhd_plugin.dll
[0000017b29ceba80] main libvlc error: stale plugins cache: modified C:\Program 
Files\VideoLAN\VLC\plugins\codec\libcvdsub_plugin.dll
[0000017b29ceba80] main libvlc error: stale plugins cache: modified C:\Program 
Files\VideoLAN\VLC\plugins\codec\libd3d11va_plugin.dll
[0000017b29ceba80] main libvlc error: stale plugins cache: modified C:\Program 
Files\VideoLAN\VLC\plugins\codec\libdav1d_plugin.dll
[0000017b29ceba80] main libvlc error: stale plugins cache: modified C:\Program 
Files\VideoLAN\VLC\plugins\codec\libddummy_plugin.dll
[0000017b29ceba80] main libvlc error: stale plugins cache: modified C:\Program 
Files\VideoLAN\VLC\plugins\codec\libdmo_plugin.dll
[0000017b29ceba80] main libvlc error: stale plugins cache: modified C:\Program 
Files\VideoLAN\VLC\plugins\codec\libdvbsub_plugin.dll
[0000017b29ceba80] main libvlc error: stale plugins cache: modified C:\Program 
Files\VideoLAN\VLC\plugins\codec\libdxva2_plugin.dll
[0000017b29ceba80] main libvlc error: stale plugins cache: modified C:\Program 
Files\VideoLAN\VLC\plugins\codec\libedummy_plugin.dll
[0000017b29ceba80] main libvlc error: stale plugins cache: modified C:\Program 
Files\VideoLAN\VLC\plugins\codec\libfaad_plugin.dll
[0000017b29ceba80] main libvlc error: stale plugins cache: modified C:\Program 
Files\VideoLAN\VLC\plugins\codec\libflac_plugin.dll
[0000017b29ceba80] main libvlc error: stale plugins cache: modified C:\Program 
Files\VideoLAN\VLC\plugins\codec\libfluidsynth_plugin.dll
[0000017b29ceba80] main libvlc error: stale plugins cache: modified C:\Program 
Files\VideoLAN\VLC\plugins\codec\libg711_plugin.dll
[0000017b29ceba80] main libvlc error: stale plugins cache: modified C:\Program 
Files\VideoLAN\VLC\plugins\codec\libjpeg_plugin.dll
[0000017b29ceba80] main libvlc error: stale plugins cache: modified C:\Program 
Files\VideoLAN\VLC\plugins\codec\libkate_plugin.dll
[0000017b29ceba80] main libvlc error: stale plugins cache: modified C:\Program 
Files\VideoLAN\VLC\plugins\codec\liblibass_plugin.dll
[0000017b29ceba80] main libvlc error: stale plugins cache: modified C:\Program 
Files\VideoLAN\VLC\plugins\codec\liblpcm_plugin.dll
[0000017b29ceba80] main libvlc error: stale plugins cache: modified C:\Program 
Files\VideoLAN\VLC\plugins\codec\libmft_plugin.dll
[0000017b29ceba80] main libvlc error: stale plugins cache: modified C:\Program 
Files\VideoLAN\VLC\plugins\codec\libmpg123_plugin.dll
[0000017b29ceba80] main libvlc error: stale plugins cache: modified C:\Program 
Files\VideoLAN\VLC\plugins\codec\liboggspots_plugin.dll
[0000017b29ceba80] main libvlc error: stale plugins cache: modified C:\Program 
Files\VideoLAN\VLC\plugins\codec\libopus_plugin.dll
[0000017b29ceba80] main libvlc error: stale plugins cache: modified C:\Program 
Files\VideoLAN\VLC\plugins\codec\libpng_plugin.dll
[0000017b29ceba80] main libvlc error: stale plugins cache: modified C:\Program 
Files\VideoLAN\VLC\plugins\codec\libqsv_plugin.dll
[0000017b29ceba80] main libvlc error: stale plugins cache: modified C:\Program 
Files\VideoLAN\VLC\plugins\codec\librawvideo_plugin.dll
[0000017b29ceba80] main libvlc error: stale plugins cache: modified C:\Program 
Files\VideoLAN\VLC\plugins\codec\librtpvideo_plugin.dll
[0000017b29ceba80] main libvlc error: stale plugins cache: modified C:\Program 
Files\VideoLAN\VLC\plugins\codec\libschroedinger_plugin.dll
[0000017b29ceba80] main libvlc error: stale plugins cache: modified C:\Program 
Files\VideoLAN\VLC\plugins\codec\libscte18_plugin.dll
[0000017b29ceba80] main libvlc error: stale plugins cache: modified C:\Program 
Files\VideoLAN\VLC\plugins\codec\libscte27_plugin.dll
[0000017b29ceba80] main libvlc error: stale plugins cache: modified C:\Program 
Files\VideoLAN\VLC\plugins\codec\libsdl_image_plugin.dll
[0000017b29ceba80] main libvlc error: stale plugins cache: modified C:\Program 
Files\VideoLAN\VLC\plugins\codec\libspdif_plugin.dll
[0000017b29ceba80] main libvlc error: stale plugins cache: modified C:\Program 
Files\VideoLAN\VLC\plugins\codec\libspeex_plugin.dll
[0000017b29ceba80] main libvlc error: stale plugins cache: modified C:\Program 
Files\VideoLAN\VLC\plugins\codec\libspudec_plugin.dll
[0000017b29ceba80] main libvlc error: stale plugins cache: modified C:\Program 
Files\VideoLAN\VLC\plugins\codec\libstl_plugin.dll
[0000017b29ceba80] main libvlc error: stale plugins cache: modified C:\Program 
Files\VideoLAN\VLC\plugins\codec\libsubsdec_plugin.dll
[0000017b29ceba80] main libvlc error: stale plugins cache: modified C:\Program 
Files\VideoLAN\VLC\plugins\codec\libsubstx3g_plugin.dll
[0000017b29ceba80] main libvlc error: stale plugins cache: modified C:\Program 
Files\VideoLAN\VLC\plugins\codec\libsubsusf_plugin.dll
[0000017b29ceba80] main libvlc error: stale plugins cache: modified C:\Program 
Files\VideoLAN\VLC\plugins\codec\libsvcdsub_plugin.dll
[0000017b29ceba80] main libvlc error: stale plugins cache: modified C:\Program 
Files\VideoLAN\VLC\plugins\codec\libt140_plugin.dll
[0000017b29ceba80] main libvlc error: stale plugins cache: modified C:\Program 
Files\VideoLAN\VLC\plugins\codec\libtextst_plugin.dll
[0000017b29ceba80] main libvlc error: stale plugins cache: modified C:\Program 
Files\VideoLAN\VLC\plugins\codec\libtheora_plugin.dll
[0000017b29ceba80] main libvlc error: stale plugins cache: modified C:\Program 
Files\VideoLAN\VLC\plugins\codec\libttml_plugin.dll
[0000017b29ceba80] main libvlc error: stale plugins cache: modified C:\Program 
Files\VideoLAN\VLC\plugins\codec\libtwolame_plugin.dll
[0000017b29ceba80] main libvlc error: stale plugins cache: modified C:\Program 
Files\VideoLAN\VLC\plugins\codec\libuleaddvaudio_plugin.dll
[0000017b29ceba80] main libvlc error: stale plugins cache: modified C:\Program 
Files\VideoLAN\VLC\plugins\codec\libvorbis_plugin.dll
[0000017b29ceba80] main libvlc error: stale plugins cache: modified C:\Program 
Files\VideoLAN\VLC\plugins\codec\libvpx_plugin.dll
[0000017b29ceba80] main libvlc error: stale plugins cache: modified C:\Program 
Files\VideoLAN\VLC\plugins\codec\libwebvtt_plugin.dll
[0000017b29ceba80] main libvlc error: stale plugins cache: modified C:\Program 
Files\VideoLAN\VLC\plugins\codec\libx26410b_plugin.dll
[0000017b29ceba80] main libvlc error: stale plugins cache: modified C:\Program 
Files\VideoLAN\VLC\plugins\codec\libx264_plugin.dll
[0000017b29ceba80] main libvlc error: stale plugins cache: modified C:\Program 
Files\VideoLAN\VLC\plugins\codec\libx265_plugin.dll
[0000017b29ceba80] main libvlc error: stale plugins cache: modified C:\Program 
Files\VideoLAN\VLC\plugins\codec\libzvbi_plugin.dll
[0000017b29ceba80] main libvlc error: stale plugins cache: modified C:\Program 
Files\VideoLAN\VLC\plugins\control\libdummy_plugin.dll
[0000017b29ceba80] main libvlc error: stale plugins cache: modified C:\Program 
Files\VideoLAN\VLC\plugins\control\libgestures_plugin.dll
[0000017b29ceba80] main libvlc error: stale plugins cache: modified C:\Program 
Files\VideoLAN\VLC\plugins\control\libhotkeys_plugin.dll
[0000017b29ceba80] main libvlc error: stale plugins cache: modified C:\Program 
Files\VideoLAN\VLC\plugins\control\libnetsync_plugin.dll
[0000017b29ceba80] main libvlc error: stale plugins cache: modified C:\Program 
Files\VideoLAN\VLC\plugins\control\libntservice_plugin.dll
[0000017b29ceba80] main libvlc error: stale plugins cache: modified C:\Program 
Files\VideoLAN\VLC\plugins\control\liboldrc_plugin.dll
[0000017b29ceba80] main libvlc error: stale plugins cache: modified C:\Program 
Files\VideoLAN\VLC\plugins\control\libwin_hotkeys_plugin.dll
[0000017b29ceba80] main libvlc error: stale plugins cache: modified C:\Program 
Files\VideoLAN\VLC\plugins\control\libwin_msg_plugin.dll
[0000017b29ceba80] main libvlc error: stale plugins cache: modified C:\Program 
Files\VideoLAN\VLC\plugins\d3d11\libdirect3d11_filters_plugin.dll
[0000017b29ceba80] main libvlc error: stale plugins cache: modified C:\Program 
Files\VideoLAN\VLC\plugins\d3d9\libdirect3d9_filters_plugin.dll
[0000017b29ceba80] main libvlc error: stale plugins cache: modified C:\Program 
Files\VideoLAN\VLC\plugins\demux\libadaptive_plugin.dll
[0000017b29ceba80] main libvlc error: stale plugins cache: modified C:\Program 
Files\VideoLAN\VLC\plugins\demux\libaiff_plugin.dll
[0000017b29ceba80] main libvlc error: stale plugins cache: modified C:\Program 
Files\VideoLAN\VLC\plugins\demux\libasf_plugin.dll
[0000017b29ceba80] main libvlc error: stale plugins cache: modified C:\Program 
Files\VideoLAN\VLC\plugins\demux\libau_plugin.dll
[0000017b29ceba80] main libvlc error: stale plugins cache: modified C:\Program 
Files\VideoLAN\VLC\plugins\demux\libavi_plugin.dll
[0000017b29ceba80] main libvlc error: stale plugins cache: modified C:\Program 
Files\VideoLAN\VLC\plugins\demux\libcaf_plugin.dll
[0000017b29ceba80] main libvlc error: stale plugins cache: modified C:\Program 
Files\VideoLAN\VLC\plugins\demux\libdemuxdump_plugin.dll
[0000017b29ceba80] main libvlc error: stale plugins cache: modified C:\Program 
Files\VideoLAN\VLC\plugins\demux\libdemux_cdg_plugin.dll
[0000017b29ceba80] main libvlc error: stale plugins cache: modified C:\Program 
Files\VideoLAN\VLC\plugins\demux\libdemux_chromecast_plugin.dll
[0000017b29ceba80] main libvlc error: stale plugins cache: modified C:\Program 
Files\VideoLAN\VLC\plugins\demux\libdemux_stl_plugin.dll
[0000017b29ceba80] main libvlc error: stale plugins cache: modified C:\Program 
Files\VideoLAN\VLC\plugins\demux\libdiracsys_plugin.dll
[0000017b29ceba80] main libvlc error: stale plugins cache: modified C:\Program 
Files\VideoLAN\VLC\plugins\demux\libdirectory_demux_plugin.dll
[0000017b29ceba80] main libvlc error: stale plugins cache: modified C:\Program 
Files\VideoLAN\VLC\plugins\demux\libdmxmus_plugin.dll
[0000017b29ceba80] main libvlc error: stale plugins cache: modified C:\Program 
Files\VideoLAN\VLC\plugins\demux\libes_plugin.dll
[0000017b29ceba80] main libvlc error: stale plugins cache: modified C:\Program 
Files\VideoLAN\VLC\plugins\demux\libflacsys_plugin.dll
[0000017b29ceba80] main libvlc error: stale plugins cache: modified C:\Program 
Files\VideoLAN\VLC\plugins\demux\libgme_plugin.dll
[0000017b29ceba80] main libvlc error: stale plugins cache: modified C:\Program 
Files\VideoLAN\VLC\plugins\demux\libh26x_plugin.dll
[0000017b29ceba80] main libvlc error: stale plugins cache: modified C:\Program 
Files\VideoLAN\VLC\plugins\demux\libimage_plugin.dll
[0000017b29ceba80] main libvlc error: stale plugins cache: modified C:\Program 
Files\VideoLAN\VLC\plugins\demux\libmjpeg_plugin.dll
[0000017b29ceba80] main libvlc error: stale plugins cache: modified C:\Program 
Files\VideoLAN\VLC\plugins\demux\libmkv_plugin.dll
[0000017b29ceba80] main libvlc error: stale plugins cache: modified C:\Program 
Files\VideoLAN\VLC\plugins\demux\libmod_plugin.dll
[0000017b29ceba80] main libvlc error: stale plugins cache: modified C:\Program 
Files\VideoLAN\VLC\plugins\demux\libmp4_plugin.dll
[0000017b29ceba80] main libvlc error: stale plugins cache: modified C:\Program 
Files\VideoLAN\VLC\plugins\demux\libmpc_plugin.dll
[0000017b29ceba80] main libvlc error: stale plugins cache: modified C:\Program 
Files\VideoLAN\VLC\plugins\demux\libmpgv_plugin.dll
[0000017b29ceba80] main libvlc error: stale plugins cache: modified C:\Program 
Files\VideoLAN\VLC\plugins\demux\libnoseek_plugin.dll
[0000017b29ceba80] main libvlc error: stale plugins cache: modified C:\Program 
Files\VideoLAN\VLC\plugins\demux\libnsc_plugin.dll
[0000017b29ceba80] main libvlc error: stale plugins cache: modified C:\Program 
Files\VideoLAN\VLC\plugins\demux\libnsv_plugin.dll
[0000017b29ceba80] main libvlc error: stale plugins cache: modified C:\Program 
Files\VideoLAN\VLC\plugins\demux\libnuv_plugin.dll
[0000017b29ceba80] main libvlc error: stale plugins cache: modified C:\Program 
Files\VideoLAN\VLC\plugins\demux\libogg_plugin.dll
[0000017b29ceba80] main libvlc error: stale plugins cache: modified C:\Program 
Files\VideoLAN\VLC\plugins\demux\libplaylist_plugin.dll
[0000017b29ceba80] main libvlc error: stale plugins cache: modified C:\Program 
Files\VideoLAN\VLC\plugins\demux\libps_plugin.dll
[0000017b29ceba80] main libvlc error: stale plugins cache: modified C:\Program 
Files\VideoLAN\VLC\plugins\demux\libpva_plugin.dll
[0000017b29ceba80] main libvlc error: stale plugins cache: modified C:\Program 
Files\VideoLAN\VLC\plugins\demux\librawaud_plugin.dll
[0000017b29ceba80] main libvlc error: stale plugins cache: modified C:\Program 
Files\VideoLAN\VLC\plugins\demux\librawdv_plugin.dll
[0000017b29ceba80] main libvlc error: stale plugins cache: modified C:\Program 
Files\VideoLAN\VLC\plugins\demux\librawvid_plugin.dll
[0000017b29ceba80] main libvlc error: stale plugins cache: modified C:\Program 
Files\VideoLAN\VLC\plugins\demux\libreal_plugin.dll
[0000017b29ceba80] main libvlc error: stale plugins cache: modified C:\Program 
Files\VideoLAN\VLC\plugins\demux\libsid_plugin.dll
[0000017b29ceba80] main libvlc error: stale plugins cache: modified C:\Program 
Files\VideoLAN\VLC\plugins\demux\libsmf_plugin.dll
[0000017b29ceba80] main libvlc error: stale plugins cache: modified C:\Program 
Files\VideoLAN\VLC\plugins\demux\libsubtitle_plugin.dll
[0000017b29ceba80] main libvlc error: stale plugins cache: modified C:\Program 
Files\VideoLAN\VLC\plugins\demux\libts_plugin.dll
[0000017b29ceba80] main libvlc error: stale plugins cache: modified C:\Program 
Files\VideoLAN\VLC\plugins\demux\libtta_plugin.dll
[0000017b29ceba80] main libvlc error: stale plugins cache: modified C:\Program 
Files\VideoLAN\VLC\plugins\demux\libty_plugin.dll
[0000017b29ceba80] main libvlc error: stale plugins cache: modified C:\Program 
Files\VideoLAN\VLC\plugins\demux\libvc1_plugin.dll
[0000017b29ceba80] main libvlc error: stale plugins cache: modified C:\Program 
Files\VideoLAN\VLC\plugins\demux\libvobsub_plugin.dll
[0000017b29ceba80] main libvlc error: stale plugins cache: modified C:\Program 
Files\VideoLAN\VLC\plugins\demux\libvoc_plugin.dll
[0000017b29ceba80] main libvlc error: stale plugins cache: modified C:\Program 
Files\VideoLAN\VLC\plugins\demux\libwav_plugin.dll
[0000017b29ceba80] main libvlc error: stale plugins cache: modified C:\Program 
Files\VideoLAN\VLC\plugins\demux\libxa_plugin.dll
[0000017b29ceba80] main libvlc error: stale plugins cache: modified C:\Program 
Files\VideoLAN\VLC\plugins\gui\libqt_plugin.dll
[0000017b29ceba80] main libvlc error: stale plugins cache: modified C:\Program 
Files\VideoLAN\VLC\plugins\gui\libskins2_plugin.dll
[0000017b29ceba80] main libvlc error: stale plugins cache: modified C:\Program 
Files\VideoLAN\VLC\plugins\keystore\libfile_keystore_plugin.dll
[0000017b29ceba80] main libvlc error: stale plugins cache: modified C:\Program 
Files\VideoLAN\VLC\plugins\keystore\libmemory_keystore_plugin.dll
[0000017b29ceba80] main libvlc error: stale plugins cache: modified C:\Program 
Files\VideoLAN\VLC\plugins\logger\libconsole_logger_plugin.dll
[0000017b29ceba80] main libvlc error: stale plugins cache: modified C:\Program 
Files\VideoLAN\VLC\plugins\logger\libfile_logger_plugin.dll
[0000017b29ceba80] main libvlc error: stale plugins cache: modified C:\Program 
Files\VideoLAN\VLC\plugins\lua\liblua_plugin.dll
[0000017b29ceba80] main libvlc error: stale plugins cache: modified C:\Program 
Files\VideoLAN\VLC\plugins\meta_engine\libfolder_plugin.dll
[0000017b29ceba80] main libvlc error: stale plugins cache: modified C:\Program 
Files\VideoLAN\VLC\plugins\meta_engine\libtaglib_plugin.dll
[0000017b29ceba80] main libvlc error: stale plugins cache: modified C:\Program 
Files\VideoLAN\VLC\plugins\misc\libaddonsfsstorage_plugin.dll
[0000017b29ceba80] main libvlc error: stale plugins cache: modified C:\Program 
Files\VideoLAN\VLC\plugins\misc\libaddonsvorepository_plugin.dll
[0000017b29ceba80] main libvlc error: stale plugins cache: modified C:\Program 
Files\VideoLAN\VLC\plugins\misc\libaudioscrobbler_plugin.dll
[0000017b29ceba80] main libvlc error: stale plugins cache: modified C:\Program 
Files\VideoLAN\VLC\plugins\misc\libexport_plugin.dll
[0000017b29ceba80] main libvlc error: stale plugins cache: modified C:\Program 
Files\VideoLAN\VLC\plugins\misc\libfingerprinter_plugin.dll
[0000017b29ceba80] main libvlc error: stale plugins cache: modified C:\Program 
Files\VideoLAN\VLC\plugins\misc\libgnutls_plugin.dll
[0000017b29ceba80] main libvlc error: stale plugins cache: modified C:\Program 
Files\VideoLAN\VLC\plugins\misc\liblogger_plugin.dll
[0000017b29ceba80] main libvlc error: stale plugins cache: modified C:\Program 
Files\VideoLAN\VLC\plugins\misc\libstats_plugin.dll
[0000017b29ceba80] main libvlc error: stale plugins cache: modified C:\Program 
Files\VideoLAN\VLC\plugins\misc\libvod_rtsp_plugin.dll
[0000017b29ceba80] main libvlc error: stale plugins cache: modified C:\Program 
Files\VideoLAN\VLC\plugins\misc\libxml_plugin.dll
[0000017b29ceba80] main libvlc error: stale plugins cache: modified C:\Program 
Files\VideoLAN\VLC\plugins\mux\libmux_asf_plugin.dll
[0000017b29ceba80] main libvlc error: stale plugins cache: modified C:\Program 
Files\VideoLAN\VLC\plugins\mux\libmux_avi_plugin.dll
[0000017b29ceba80] main libvlc error: stale plugins cache: modified C:\Program 
Files\VideoLAN\VLC\plugins\mux\libmux_dummy_plugin.dll
[0000017b29ceba80] main libvlc error: stale plugins cache: modified C:\Program 
Files\VideoLAN\VLC\plugins\mux\libmux_mp4_plugin.dll
[0000017b29ceba80] main libvlc error: stale plugins cache: modified C:\Program 
Files\VideoLAN\VLC\plugins\mux\libmux_mpjpeg_plugin.dll
[0000017b29ceba80] main libvlc error: stale plugins cache: modified C:\Program 
Files\VideoLAN\VLC\plugins\mux\libmux_ogg_plugin.dll
[0000017b29ceba80] main libvlc error: stale plugins cache: modified C:\Program 
Files\VideoLAN\VLC\plugins\mux\libmux_ps_plugin.dll
[0000017b29ceba80] main libvlc error: stale plugins cache: modified C:\Program 
Files\VideoLAN\VLC\plugins\mux\libmux_ts_plugin.dll
[0000017b29ceba80] main libvlc error: stale plugins cache: modified C:\Program 
Files\VideoLAN\VLC\plugins\mux\libmux_wav_plugin.dll
[0000017b29ceba80] main libvlc error: stale plugins cache: modified C:\Program 
Files\VideoLAN\VLC\plugins\packetizer\libpacketizer_a52_plugin.dll
[0000017b29ceba80] main libvlc error: stale plugins cache: modified C:\Program 
Files\VideoLAN\VLC\plugins\packetizer\libpacketizer_av1_plugin.dll
[0000017b29ceba80] main libvlc error: stale plugins cache: modified C:\Program 
Files\VideoLAN\VLC\plugins\packetizer\libpacketizer_copy_plugin.dll
[0000017b29ceba80] main libvlc error: stale plugins cache: modified C:\Program 
Files\VideoLAN\VLC\plugins\packetizer\libpacketizer_dirac_plugin.dll
[0000017b29ceba80] main libvlc error: stale plugins cache: modified C:\Program 
Files\VideoLAN\VLC\plugins\packetizer\libpacketizer_dts_plugin.dll
[0000017b29ceba80] main libvlc error: stale plugins cache: modified C:\Program 
Files\VideoLAN\VLC\plugins\packetizer\libpacketizer_flac_plugin.dll
[0000017b29ceba80] main libvlc error: stale plugins cache: modified C:\Program 
Files\VideoLAN\VLC\plugins\packetizer\libpacketizer_h264_plugin.dll
[0000017b29ceba80] main libvlc error: stale plugins cache: modified C:\Program 
Files\VideoLAN\VLC\plugins\packetizer\libpacketizer_hevc_plugin.dll
[0000017b29ceba80] main libvlc error: stale plugins cache: modified C:\Program 
Files\VideoLAN\VLC\plugins\packetizer\libpacketizer_mlp_plugin.dll
[0000017b29ceba80] main libvlc error: stale plugins cache: modified C:\Program 
Files\VideoLAN\VLC\plugins\packetizer\libpacketizer_mpeg4audio_plugin.dll
[0000017b29ceba80] main libvlc error: stale plugins cache: modified C:\Program 
Files\VideoLAN\VLC\plugins\packetizer\libpacketizer_mpeg4video_plugin.dll
[0000017b29ceba80] main libvlc error: stale plugins cache: modified C:\Program 
Files\VideoLAN\VLC\plugins\packetizer\libpacketizer_mpegaudio_plugin.dll
[0000017b29ceba80] main libvlc error: stale plugins cache: modified C:\Program 
Files\VideoLAN\VLC\plugins\packetizer\libpacketizer_mpegvideo_plugin.dll
[0000017b29ceba80] main libvlc error: stale plugins cache: modified C:\Program 
Files\VideoLAN\VLC\plugins\packetizer\libpacketizer_vc1_plugin.dll
[0000017b29ceba80] main libvlc error: stale plugins cache: modified C:\Program 
Files\VideoLAN\VLC\plugins\services_discovery\libmediadirs_plugin.dll
[0000017b29ceba80] main libvlc error: stale plugins cache: modified C:\Program 
Files\VideoLAN\VLC\plugins\services_discovery\libmicrodns_plugin.dll
[0000017b29ceba80] main libvlc error: stale plugins cache: modified C:\Program 
Files\VideoLAN\VLC\plugins\services_discovery\libpodcast_plugin.dll
[0000017b29ceba80] main libvlc error: stale plugins cache: modified C:\Program 
Files\VideoLAN\VLC\plugins\services_discovery\libsap_plugin.dll
[0000017b29ceba80] main libvlc error: stale plugins cache: modified C:\Program 
Files\VideoLAN\VLC\plugins\services_discovery\libupnp_plugin.dll
[0000017b29ceba80] main libvlc error: stale plugins cache: modified C:\Program 
Files\VideoLAN\VLC\plugins\services_discovery\libwindrive_plugin.dll
[0000017b29ceba80] main libvlc error: stale plugins cache: modified C:\Program 
Files\VideoLAN\VLC\plugins\spu\libaudiobargraph_v_plugin.dll
[0000017b29ceba80] main libvlc error: stale plugins cache: modified C:\Program 
Files\VideoLAN\VLC\plugins\spu\liblogo_plugin.dll
[0000017b29ceba80] main libvlc error: stale plugins cache: modified C:\Program 
Files\VideoLAN\VLC\plugins\spu\libmarq_plugin.dll
[0000017b29ceba80] main libvlc error: stale plugins cache: modified C:\Program 
Files\VideoLAN\VLC\plugins\spu\libmosaic_plugin.dll
[0000017b29ceba80] main libvlc error: stale plugins cache: modified C:\Program 
Files\VideoLAN\VLC\plugins\spu\libremoteosd_plugin.dll
[0000017b29ceba80] main libvlc error: stale plugins cache: modified C:\Program 
Files\VideoLAN\VLC\plugins\spu\librss_plugin.dll
[0000017b29ceba80] main libvlc error: stale plugins cache: modified C:\Program 
Files\VideoLAN\VLC\plugins\spu\libsubsdelay_plugin.dll
[0000017b29ceba80] main libvlc error: stale plugins cache: modified C:\Program 
Files\VideoLAN\VLC\plugins\stream_extractor\libarchive_plugin.dll
[0000017b29ceba80] main libvlc error: stale plugins cache: modified C:\Program 
Files\VideoLAN\VLC\plugins\stream_filter\libadf_plugin.dll
[0000017b29ceba80] main libvlc error: stale plugins cache: modified C:\Program 
Files\VideoLAN\VLC\plugins\stream_filter\libaribcam_plugin.dll
[0000017b29ceba80] main libvlc error: stale plugins cache: modified C:\Program 
Files\VideoLAN\VLC\plugins\stream_filter\libcache_block_plugin.dll
[0000017b29ceba80] main libvlc error: stale plugins cache: modified C:\Program 
Files\VideoLAN\VLC\plugins\stream_filter\libcache_read_plugin.dll
[0000017b29ceba80] main libvlc error: stale plugins cache: modified C:\Program 
Files\VideoLAN\VLC\plugins\stream_filter\libhds_plugin.dll
[0000017b29ceba80] main libvlc error: stale plugins cache: modified C:\Program 
Files\VideoLAN\VLC\plugins\stream_filter\libinflate_plugin.dll
[0000017b29ceba80] main libvlc error: stale plugins cache: modified C:\Program 
Files\VideoLAN\VLC\plugins\stream_filter\libprefetch_plugin.dll
[0000017b29ceba80] main libvlc error: stale plugins cache: modified C:\Program 
Files\VideoLAN\VLC\plugins\stream_filter\librecord_plugin.dll
[0000017b29ceba80] main libvlc error: stale plugins cache: modified C:\Program 
Files\VideoLAN\VLC\plugins\stream_filter\libskiptags_plugin.dll
[0000017b29ceba80] main libvlc error: stale plugins cache: modified C:\Program 
Files\VideoLAN\VLC\plugins\stream_out\libstream_out_autodel_plugin.dll
[0000017b29ceba80] main libvlc error: stale plugins cache: modified C:\Program 
Files\VideoLAN\VLC\plugins\stream_out\libstream_out_bridge_plugin.dll
[0000017b29ceba80] main libvlc error: stale plugins cache: modified C:\Program 
Files\VideoLAN\VLC\plugins\stream_out\libstream_out_chromaprint_plugin.dll
[0000017b29ceba80] main libvlc error: stale plugins cache: modified C:\Program 
Files\VideoLAN\VLC\plugins\stream_out\libstream_out_chromecast_plugin.dll
[0000017b29ceba80] main libvlc error: stale plugins cache: modified C:\Program 
Files\VideoLAN\VLC\plugins\stream_out\libstream_out_cycle_plugin.dll
[0000017b29ceba80] main libvlc error: stale plugins cache: modified C:\Program 
Files\VideoLAN\VLC\plugins\stream_out\libstream_out_delay_plugin.dll
[0000017b29ceba80] main libvlc error: stale plugins cache: modified C:\Program 
Files\VideoLAN\VLC\plugins\stream_out\libstream_out_description_plugin.dll
[0000017b29ceba80] main libvlc error: stale plugins cache: modified C:\Program 
Files\VideoLAN\VLC\plugins\stream_out\libstream_out_display_plugin.dll
[0000017b29ceba80] main libvlc error: stale plugins cache: modified C:\Program 
Files\VideoLAN\VLC\plugins\stream_out\libstream_out_dummy_plugin.dll
[0000017b29ceba80] main libvlc error: stale plugins cache: modified C:\Program 
Files\VideoLAN\VLC\plugins\stream_out\libstream_out_duplicate_plugin.dll
[0000017b29ceba80] main libvlc error: stale plugins cache: modified C:\Program 
Files\VideoLAN\VLC\plugins\stream_out\libstream_out_es_plugin.dll
[0000017b29ceba80] main libvlc error: stale plugins cache: modified C:\Program 
Files\VideoLAN\VLC\plugins\stream_out\libstream_out_gather_plugin.dll
[0000017b29ceba80] main libvlc error: stale plugins cache: modified C:\Program 
Files\VideoLAN\VLC\plugins\stream_out\libstream_out_mosaic_bridge_plugin.dll
[0000017b29ceba80] main libvlc error: stale plugins cache: modified C:\Program 
Files\VideoLAN\VLC\plugins\stream_out\libstream_out_record_plugin.dll
[0000017b29ceba80] main libvlc error: stale plugins cache: modified C:\Program 
Files\VideoLAN\VLC\plugins\stream_out\libstream_out_rtp_plugin.dll
[0000017b29ceba80] main libvlc error: stale plugins cache: modified C:\Program 
Files\VideoLAN\VLC\plugins\stream_out\libstream_out_setid_plugin.dll
[0000017b29ceba80] main libvlc error: stale plugins cache: modified C:\Program 
Files\VideoLAN\VLC\plugins\stream_out\libstream_out_smem_plugin.dll
[0000017b29ceba80] main libvlc error: stale plugins cache: modified C:\Program 
Files\VideoLAN\VLC\plugins\stream_out\libstream_out_standard_plugin.dll
[0000017b29ceba80] main libvlc error: stale plugins cache: modified C:\Program 
Files\VideoLAN\VLC\plugins\stream_out\libstream_out_stats_plugin.dll
[0000017b29ceba80] main libvlc error: stale plugins cache: modified C:\Program 
Files\VideoLAN\VLC\plugins\stream_out\libstream_out_transcode_plugin.dll
[0000017b29ceba80] main libvlc error: stale plugins cache: modified C:\Program 
Files\VideoLAN\VLC\plugins\text_renderer\libfreetype_plugin.dll
[0000017b29ceba80] main libvlc error: stale plugins cache: modified C:\Program 
Files\VideoLAN\VLC\plugins\text_renderer\libsapi_plugin.dll
[0000017b29ceba80] main libvlc error: stale plugins cache: modified C:\Program 
Files\VideoLAN\VLC\plugins\text_renderer\libtdummy_plugin.dll
[0000017b29ceba80] main libvlc error: stale plugins cache: modified C:\Program 
Files\VideoLAN\VLC\plugins\video_chroma\libchain_plugin.dll
[0000017b29ceba80] main libvlc error: stale plugins cache: modified C:\Program 
Files\VideoLAN\VLC\plugins\video_chroma\libgrey_yuv_plugin.dll
[0000017b29ceba80] main libvlc error: stale plugins cache: modified C:\Program 
Files\VideoLAN\VLC\plugins\video_chroma\libi420_10_p010_plugin.dll
[0000017b29ceba80] main libvlc error: stale plugins cache: modified C:\Program 
Files\VideoLAN\VLC\plugins\video_chroma\libi420_nv12_plugin.dll
[0000017b29ceba80] main libvlc error: stale plugins cache: modified C:\Program 
Files\VideoLAN\VLC\plugins\video_chroma\libi420_rgb_mmx_plugin.dll
[0000017b29ceba80] main libvlc error: stale plugins cache: modified C:\Program 
Files\VideoLAN\VLC\plugins\video_chroma\libi420_rgb_plugin.dll
[0000017b29ceba80] main libvlc error: stale plugins cache: modified C:\Program 
Files\VideoLAN\VLC\plugins\video_chroma\libi420_rgb_sse2_plugin.dll
[0000017b29ceba80] main libvlc error: stale plugins cache: modified C:\Program 
Files\VideoLAN\VLC\plugins\video_chroma\libi420_yuy2_mmx_plugin.dll
[0000017b29ceba80] main libvlc error: stale plugins cache: modified C:\Program 
Files\VideoLAN\VLC\plugins\video_chroma\libi420_yuy2_plugin.dll
[0000017b29ceba80] main libvlc error: stale plugins cache: modified C:\Program 
Files\VideoLAN\VLC\plugins\video_chroma\libi420_yuy2_sse2_plugin.dll
[0000017b29ceba80] main libvlc error: stale plugins cache: modified C:\Program 
Files\VideoLAN\VLC\plugins\video_chroma\libi422_i420_plugin.dll
[0000017b29ceba80] main libvlc error: stale plugins cache: modified C:\Program 
Files\VideoLAN\VLC\plugins\video_chroma\libi422_yuy2_mmx_plugin.dll
[0000017b29ceba80] main libvlc error: stale plugins cache: modified C:\Program 
Files\VideoLAN\VLC\plugins\video_chroma\libi422_yuy2_plugin.dll
[0000017b29ceba80] main libvlc error: stale plugins cache: modified C:\Program 
Files\VideoLAN\VLC\plugins\video_chroma\libi422_yuy2_sse2_plugin.dll
[0000017b29ceba80] main libvlc error: stale plugins cache: modified C:\Program 
Files\VideoLAN\VLC\plugins\video_chroma\librv32_plugin.dll
[0000017b29ceba80] main libvlc error: stale plugins cache: modified C:\Program 
Files\VideoLAN\VLC\plugins\video_chroma\libswscale_plugin.dll
[0000017b29ceba80] main libvlc error: stale plugins cache: modified C:\Program 
Files\VideoLAN\VLC\plugins\video_chroma\libyuvp_plugin.dll
[0000017b29ceba80] main libvlc error: stale plugins cache: modified C:\Program 
Files\VideoLAN\VLC\plugins\video_chroma\libyuy2_i420_plugin.dll
[0000017b29ceba80] main libvlc error: stale plugins cache: modified C:\Program 
Files\VideoLAN\VLC\plugins\video_chroma\libyuy2_i422_plugin.dll
[0000017b29ceba80] main libvlc error: stale plugins cache: modified C:\Program 
Files\VideoLAN\VLC\plugins\video_filter\libadjust_plugin.dll
[0000017b29ceba80] main libvlc error: stale plugins cache: modified C:\Program 
Files\VideoLAN\VLC\plugins\video_filter\libalphamask_plugin.dll
[0000017b29ceba80] main libvlc error: stale plugins cache: modified C:\Program 
Files\VideoLAN\VLC\plugins\video_filter\libanaglyph_plugin.dll
[0000017b29ceba80] main libvlc error: stale plugins cache: modified C:\Program 
Files\VideoLAN\VLC\plugins\video_filter\libantiflicker_plugin.dll
[0000017b29ceba80] main libvlc error: stale plugins cache: modified C:\Program 
Files\VideoLAN\VLC\plugins\video_filter\libball_plugin.dll
[0000017b29ceba80] main libvlc error: stale plugins cache: modified C:\Program 
Files\VideoLAN\VLC\plugins\video_filter\libblendbench_plugin.dll
[0000017b29ceba80] main libvlc error: stale plugins cache: modified C:\Program 
Files\VideoLAN\VLC\plugins\video_filter\libblend_plugin.dll
[0000017b29ceba80] main libvlc error: stale plugins cache: modified C:\Program 
Files\VideoLAN\VLC\plugins\video_filter\libbluescreen_plugin.dll
[0000017b29ceba80] main libvlc error: stale plugins cache: modified C:\Program 
Files\VideoLAN\VLC\plugins\video_filter\libcanvas_plugin.dll
[0000017b29ceba80] main libvlc error: stale plugins cache: modified C:\Program 
Files\VideoLAN\VLC\plugins\video_filter\libcolorthres_plugin.dll
[0000017b29ceba80] main libvlc error: stale plugins cache: modified C:\Program 
Files\VideoLAN\VLC\plugins\video_filter\libcroppadd_plugin.dll
[0000017b29ceba80] main libvlc error: stale plugins cache: modified C:\Program 
Files\VideoLAN\VLC\plugins\video_filter\libdeinterlace_plugin.dll
[0000017b29ceba80] main libvlc error: stale plugins cache: modified C:\Program 
Files\VideoLAN\VLC\plugins\video_filter\libedgedetection_plugin.dll
[0000017b29ceba80] main libvlc error: stale plugins cache: modified C:\Program 
Files\VideoLAN\VLC\plugins\video_filter\liberase_plugin.dll
[0000017b29ceba80] main libvlc error: stale plugins cache: modified C:\Program 
Files\VideoLAN\VLC\plugins\video_filter\libextract_plugin.dll
[0000017b29ceba80] main libvlc error: stale plugins cache: modified C:\Program 
Files\VideoLAN\VLC\plugins\video_filter\libfps_plugin.dll
[0000017b29ceba80] main libvlc error: stale plugins cache: modified C:\Program 
Files\VideoLAN\VLC\plugins\video_filter\libfreeze_plugin.dll
[0000017b29ceba80] main libvlc error: stale plugins cache: modified C:\Program 
Files\VideoLAN\VLC\plugins\video_filter\libgaussianblur_plugin.dll
[0000017b29ceba80] main libvlc error: stale plugins cache: modified C:\Program 
Files\VideoLAN\VLC\plugins\video_filter\libgradfun_plugin.dll
[0000017b29ceba80] main libvlc error: stale plugins cache: modified C:\Program 
Files\VideoLAN\VLC\plugins\video_filter\libgradient_plugin.dll
[0000017b29ceba80] main libvlc error: stale plugins cache: modified C:\Program 
Files\VideoLAN\VLC\plugins\video_filter\libgrain_plugin.dll
[0000017b29ceba80] main libvlc error: stale plugins cache: modified C:\Program 
Files\VideoLAN\VLC\plugins\video_filter\libhqdn3d_plugin.dll
[0000017b29ceba80] main libvlc error: stale plugins cache: modified C:\Program 
Files\VideoLAN\VLC\plugins\video_filter\libinvert_plugin.dll
[0000017b29ceba80] main libvlc error: stale plugins cache: modified C:\Program 
Files\VideoLAN\VLC\plugins\video_filter\libmagnify_plugin.dll
[0000017b29ceba80] main libvlc error: stale plugins cache: modified C:\Program 
Files\VideoLAN\VLC\plugins\video_filter\libmirror_plugin.dll
[0000017b29ceba80] main libvlc error: stale plugins cache: modified C:\Program 
Files\VideoLAN\VLC\plugins\video_filter\libmotionblur_plugin.dll
[0000017b29ceba80] main libvlc error: stale plugins cache: modified C:\Program 
Files\VideoLAN\VLC\plugins\video_filter\libmotiondetect_plugin.dll
[0000017b29ceba80] main libvlc error: stale plugins cache: modified C:\Program 
Files\VideoLAN\VLC\plugins\video_filter\liboldmovie_plugin.dll
[0000017b29ceba80] main libvlc error: stale plugins cache: modified C:\Program 
Files\VideoLAN\VLC\plugins\video_filter\libposterize_plugin.dll
[0000017b29ceba80] main libvlc error: stale plugins cache: modified C:\Program 
Files\VideoLAN\VLC\plugins\video_filter\libpostproc_plugin.dll
[0000017b29ceba80] main libvlc error: stale plugins cache: modified C:\Program 
Files\VideoLAN\VLC\plugins\video_filter\libpsychedelic_plugin.dll
[0000017b29ceba80] main libvlc error: stale plugins cache: modified C:\Program 
Files\VideoLAN\VLC\plugins\video_filter\libpuzzle_plugin.dll
[0000017b29ceba80] main libvlc error: stale plugins cache: modified C:\Program 
Files\VideoLAN\VLC\plugins\video_filter\libripple_plugin.dll
[0000017b29ceba80] main libvlc error: stale plugins cache: modified C:\Program 
Files\VideoLAN\VLC\plugins\video_filter\librotate_plugin.dll
[0000017b29ceba80] main libvlc error: stale plugins cache: modified C:\Program 
Files\VideoLAN\VLC\plugins\video_filter\libscale_plugin.dll
[0000017b29ceba80] main libvlc error: stale plugins cache: modified C:\Program 
Files\VideoLAN\VLC\plugins\video_filter\libscene_plugin.dll
[0000017b29ceba80] main libvlc error: stale plugins cache: modified C:\Program 
Files\VideoLAN\VLC\plugins\video_filter\libsepia_plugin.dll
[0000017b29ceba80] main libvlc error: stale plugins cache: modified C:\Program 
Files\VideoLAN\VLC\plugins\video_filter\libsharpen_plugin.dll
[0000017b29ceba80] main libvlc error: stale plugins cache: modified C:\Program 
Files\VideoLAN\VLC\plugins\video_filter\libtransform_plugin.dll
[0000017b29ceba80] main libvlc error: stale plugins cache: modified C:\Program 
Files\VideoLAN\VLC\plugins\video_filter\libvhs_plugin.dll
[0000017b29ceba80] main libvlc error: stale plugins cache: modified C:\Program 
Files\VideoLAN\VLC\plugins\video_filter\libwave_plugin.dll
[0000017b29ceba80] main libvlc error: stale plugins cache: modified C:\Program 
Files\VideoLAN\VLC\plugins\video_output\libcaca_plugin.dll
[0000017b29ceba80] main libvlc error: stale plugins cache: modified C:\Program 
Files\VideoLAN\VLC\plugins\video_output\libdirect3d11_plugin.dll
[0000017b29ceba80] main libvlc error: stale plugins cache: modified C:\Program 
Files\VideoLAN\VLC\plugins\video_output\libdirect3d9_plugin.dll
[0000017b29ceba80] main libvlc error: stale plugins cache: modified C:\Program 
Files\VideoLAN\VLC\plugins\video_output\libdirectdraw_plugin.dll
[0000017b29ceba80] main libvlc error: stale plugins cache: modified C:\Program 
Files\VideoLAN\VLC\plugins\video_output\libdrawable_plugin.dll
[0000017b29ceba80] main libvlc error: stale plugins cache: modified C:\Program 
Files\VideoLAN\VLC\plugins\video_output\libflaschen_plugin.dll
[0000017b29ceba80] main libvlc error: stale plugins cache: modified C:\Program 
Files\VideoLAN\VLC\plugins\video_output\libglinterop_dxva2_plugin.dll
[0000017b29ceba80] main libvlc error: stale plugins cache: modified C:\Program 
Files\VideoLAN\VLC\plugins\video_output\libglwin32_plugin.dll
[0000017b29ceba80] main libvlc error: stale plugins cache: modified C:\Program 
Files\VideoLAN\VLC\plugins\video_output\libgl_plugin.dll
[0000017b29ceba80] main libvlc error: stale plugins cache: modified C:\Program 
Files\VideoLAN\VLC\plugins\video_output\libvdummy_plugin.dll
[0000017b29ceba80] main libvlc error: stale plugins cache: modified C:\Program 
Files\VideoLAN\VLC\plugins\video_output\libvmem_plugin.dll
[0000017b29ceba80] main libvlc error: stale plugins cache: modified C:\Program 
Files\VideoLAN\VLC\plugins\video_output\libwgl_plugin.dll
[0000017b29ceba80] main libvlc error: stale plugins cache: modified C:\Program 
Files\VideoLAN\VLC\plugins\video_output\libwingdi_plugin.dll
[0000017b29ceba80] main libvlc error: stale plugins cache: modified C:\Program 
Files\VideoLAN\VLC\plugins\video_output\libwinhibit_plugin.dll
[0000017b29ceba80] main libvlc error: stale plugins cache: modified C:\Program 
Files\VideoLAN\VLC\plugins\video_output\libyuv_plugin.dll
[0000017b29ceba80] main libvlc error: stale plugins cache: modified C:\Program 
Files\VideoLAN\VLC\plugins\video_splitter\libclone_plugin.dll
[0000017b29ceba80] main libvlc error: stale plugins cache: modified C:\Program 
Files\VideoLAN\VLC\plugins\video_splitter\libpanoramix_plugin.dll
[0000017b29ceba80] main libvlc error: stale plugins cache: modified C:\Program 
Files\VideoLAN\VLC\plugins\video_splitter\libwall_plugin.dll
[0000017b29ceba80] main libvlc error: stale plugins cache: modified C:\Program 
Files\VideoLAN\VLC\plugins\visualization\libglspectrum_plugin.dll
[0000017b29ceba80] main libvlc error: stale plugins cache: modified C:\Program 
Files\VideoLAN\VLC\plugins\visualization\libgoom_plugin.dll
[0000017b29ceba80] main libvlc error: stale plugins cache: modified C:\Program 
Files\VideoLAN\VLC\plugins\visualization\libprojectm_plugin.dll
[0000017b29ceba80] main libvlc error: stale plugins cache: modified C:\Program 
Files\VideoLAN\VLC\plugins\visualization\libvisual_plugin.dll
02:56:25.142 [JavaFX Application Thread] DEBUG org.episteme.core.technical.backend.BackendDiscovery -- Discovered Backend: VLCJ (Native VLC) (Priority: 40)
02:56:25.144 [JavaFX Application Thread] DEBUG org.episteme.core.technical.backend.BackendDiscovery -- Discovered Backend: Multicore Video Backend (Priority: 10)
02:56:25.146 [JavaFX Application Thread] DEBUG org.episteme.core.technical.backend.BackendDiscovery -- Discovered Backend: Java AWT Vision Backend (Priority: 10)
02:56:25.169 [JavaFX Application Thread] DEBUG org.episteme.core.technical.backend.BackendDiscovery -- Discovered Backend: Multicore Vision Backend (Priority: 5)
02:56:25.184 [JavaFX Application Thread] DEBUG org.episteme.core.technical.backend.BackendDiscovery -- Discovered Backend: CPU (Priority: 0)
02:56:25.211 [JavaFX Application Thread] DEBUG org.episteme.core.technical.backend.BackendDiscovery -- Discovered Backend: GraphStream (Priority: 60)
02:56:25.213 [JavaFX Application Thread] DEBUG org.episteme.core.technical.backend.BackendDiscovery -- Discovered Backend: JGraphT (Priority: 50)
02:56:25.226 [JavaFX Application Thread] DEBUG org.episteme.core.technical.backend.BackendDiscovery -- Discovered Backend: JavaFX Graph (Priority: 10)
02:56:25.226 [JavaFX Application Thread] INFO org.episteme.core.technical.backend.BackendDiscovery -- Backend Discovery complete. 26 backends loaded.
02:56:26.746 [JavaFX Application Thread] DEBUG org.episteme.core.technical.algorithm.AutoTuningManager -- Loaded 13 benchmark results for auto-tuning
[DEBUG] I18N: Missing key 'mastercontrol.computing.autotuning' in any of: [org.episteme.core.ui.i18n.messages_core]
[DEBUG] I18N: Missing key 'mastercontrol.computing.desc.autotuning' in any of: [org.episteme.core.ui.i18n.messages_core]
[DEBUG] I18N: Missing key 'mastercontrol.computing.threads' in any of: [org.episteme.core.ui.i18n.messages_core]
[DEBUG] I18N: Missing key 'mastercontrol.computing.desc.threads' in any of: [org.episteme.core.ui.i18n.messages_core]
[DEBUG] I18N: Missing key 'mastercontrol.computing.desc.epsilon' in any of: [org.episteme.core.ui.i18n.messages_core]
[DEBUG] I18N: Missing key 'mastercontrol.computing.desc.iterations' in any of: [org.episteme.core.ui.i18n.messages_core]
[DEBUG] I18N: Missing key 'mastercontrol.computing.autotuning' in any of: [org.episteme.core.ui.i18n.messages_core]
[DEBUG] I18N: Missing key 'mastercontrol.computing.threads' in any of: [org.episteme.core.ui.i18n.messages_core]
[DEBUG] I18N: Missing key 'mastercontrol.computing.desc.mode_alt' in any of: [org.episteme.core.ui.i18n.messages_core]
[DEBUG] I18N: Missing key 'lib.cpudense.name' in any of: [org.episteme.core.ui.i18n.messages_core]
[DEBUG] I18N: Missing key 'lib.cpudense.desc' in any of: [org.episteme.core.ui.i18n.messages_core]
[DEBUG] I18N: Missing key 'lib.cpusparse.name' in any of: [org.episteme.core.ui.i18n.messages_core]
[DEBUG] I18N: Missing key 'lib.cpusparse.desc' in any of: [org.episteme.core.ui.i18n.messages_core]
[DEBUG] I18N: Missing key 'lib.cpu-sparse.name' in any of: [org.episteme.core.ui.i18n.messages_core]
[DEBUG] I18N: Missing key 'lib.cpu-sparse.desc' in any of: [org.episteme.core.ui.i18n.messages_core]
[DEBUG] I18N: Missing key 'lib.distributed.name' in any of: [org.episteme.core.ui.i18n.messages_core]
[DEBUG] I18N: Missing key 'lib.distributed.desc' in any of: [org.episteme.core.ui.i18n.messages_core]
WARN StatusConsoleListener The use of package scanning to locate plugins is deprecated and will be removed in a future release
WARN StatusConsoleListener The use of package scanning to locate plugins is deprecated and will be removed in a future release
WARN StatusConsoleListener The use of package scanning to locate plugins is deprecated and will be removed in a future release
WARN StatusConsoleListener The use of package scanning to locate plugins is deprecated and will be removed in a future release
02:56:32.524 [JavaFX Application Thread] INFO org.episteme.core.ui.viewers.mathematics.analysis.plotting.PlottingBackendManager -- Registered Backend: Jzy3D (CPU) (Type: plotting, Priority: 40, Status: Available)
02:56:32.529 [JavaFX Application Thread] INFO org.episteme.core.ui.viewers.mathematics.analysis.plotting.PlottingBackendManager -- Auto-selected best backend: Jzy3D (CPU) (Available) for PlottingBackend
[DEBUG] I18N: Missing key 'lib.javasound.name' in any of: [org.episteme.core.ui.i18n.messages_core]
[DEBUG] I18N: Missing key 'lib.javasound.desc' in any of: [org.episteme.core.ui.i18n.messages_core]
[DEBUG] I18N: Missing key 'lib.minim.name' in any of: [org.episteme.core.ui.i18n.messages_core]
[DEBUG] I18N: Missing key 'lib.minim.desc' in any of: [org.episteme.core.ui.i18n.messages_core]
[DEBUG] I18N: Missing key 'lib.multicore-audio.name' in any of: [org.episteme.core.ui.i18n.messages_core]
[DEBUG] I18N: Missing key 'lib.multicore-audio.desc' in any of: [org.episteme.core.ui.i18n.messages_core]
[DEBUG] I18N: Missing key 'lib.tarsos.name' in any of: [org.episteme.core.ui.i18n.messages_core]
[DEBUG] I18N: Missing key 'lib.tarsos.desc' in any of: [org.episteme.core.ui.i18n.messages_core]
02:56:32.662 [JavaFX Application Thread] WARN org.episteme.core.ui.viewers.mathematics.discrete.GraphBackendManager -- Registered Unavailable Backend: GraphStream (Cause: Unavailable)
02:56:32.666 [JavaFX Application Thread] WARN org.episteme.core.ui.viewers.mathematics.discrete.GraphBackendManager -- Registered Unavailable Backend: JGraphT (Cause: Unavailable)
02:56:32.666 [JavaFX Application Thread] INFO org.episteme.core.ui.viewers.mathematics.discrete.GraphBackendManager -- Registered Backend: JavaFX Graph (Type: graph, Priority: 10, Status: Available)
02:56:32.668 [JavaFX Application Thread] INFO org.episteme.core.ui.viewers.mathematics.discrete.GraphBackendManager -- Auto-selected best backend: JavaFX Graph (Available) for GraphBackend
02:56:32.685 [JavaFX Application Thread] DEBUG org.episteme.core.technical.algorithm.AutoTuningManager -- Loaded 13 benchmark results for auto-tuning
02:56:32.687 [JavaFX Application Thread] INFO org.episteme.core.technical.algorithm.AlgorithmManager -- AlgorithmManager initialized in TEST mode (Standard fallback enabled)
02:56:53.563 [JavaFX Application Thread] DEBUG org.episteme.core.ui.MasterControlDiscovery -- Scanning ClassLoader: jdk.internal.loader.ClassLoaders$AppClassLoader
02:56:53.570 [JavaFX Application Thread] DEBUG org.episteme.core.ui.MasterControlDiscovery -- Scanning ClassLoader: jdk.internal.loader.ClassLoaders$AppClassLoader
02:56:53.577 [JavaFX Application Thread] DEBUG org.episteme.core.ui.MasterControlDiscovery -- Scanning ClassLoader: jdk.internal.loader.ClassLoaders$AppClassLoader
02:56:55.454 [JavaFX Application Thread] INFO org.episteme.core.ui.MasterControlDiscovery -- Dev mode: Scanning siblings in C:\Silvere\Encours\Developpement\Episteme
02:56:55.469 [JavaFX Application Thread] INFO org.episteme.core.ui.MasterControlDiscovery -- Found sibling dev module: episteme-benchmarks
02:56:55.495 [JavaFX Application Thread] INFO org.episteme.core.ui.MasterControlDiscovery -- Found sibling dev module: episteme-client
02:56:55.517 [JavaFX Application Thread] INFO org.episteme.core.ui.MasterControlDiscovery -- Found sibling dev module: episteme-database
02:56:55.576 [JavaFX Application Thread] INFO org.episteme.core.ui.MasterControlDiscovery -- Found sibling dev module: episteme-featured-apps
02:56:55.611 [JavaFX Application Thread] INFO org.episteme.core.ui.MasterControlDiscovery -- Found sibling dev module: episteme-jni
02:56:55.615 [JavaFX Application Thread] INFO org.episteme.core.ui.MasterControlDiscovery -- Found sibling dev module: episteme-native
02:56:55.710 [JavaFX Application Thread] INFO org.episteme.core.ui.MasterControlDiscovery -- Found sibling dev module: episteme-natural
02:56:57.159 [JavaFX Application Thread] INFO org.episteme.core.ui.MasterControlDiscovery -- Found sibling dev module: episteme-resources
02:56:57.492 [JavaFX Application Thread] INFO org.episteme.core.ui.MasterControlDiscovery -- Found sibling dev module: episteme-server
02:56:57.508 [JavaFX Application Thread] INFO org.episteme.core.ui.MasterControlDiscovery -- Found sibling dev module: episteme-social
02:56:57.701 [JavaFX Application Thread] INFO org.episteme.core.ui.MasterControlDiscovery -- Found sibling dev module: episteme-worker
[DEBUG] I18N: Missing key 'AI/ML' in any of: [org.episteme.core.ui.i18n.messages_core]
[DEBUG] I18N: Missing key 'AI/Generative' in any of: [org.episteme.core.ui.i18n.messages_core]
[DEBUG] I18N: Missing key 'Bibliography' in any of: [org.episteme.core.ui.i18n.messages_core]
[DEBUG] I18N: Missing key 'AI/ML' in any of: [org.episteme.core.ui.i18n.messages_core]
[DEBUG] I18N: Missing key 'Mathematics' in any of: [org.episteme.core.ui.i18n.messages_core]
[DEBUG] I18N: Missing key 'Bibliography' in any of: [org.episteme.core.ui.i18n.messages_core]
[DEBUG] I18N: Missing key 'Scientific Data' in any of: [org.episteme.core.ui.i18n.messages_core]
[DEBUG] I18N: Missing key 'Mathematics' in any of: [org.episteme.core.ui.i18n.messages_core]
[DEBUG] I18N: Missing key 'OpenAI Model Reader' in any of: [org.episteme.core.ui.i18n.messages_core]
[DEBUG] I18N: Missing key 'Ollama Model Reader' in any of: [org.episteme.core.ui.i18n.messages_core]
[DEBUG] I18N: Missing key 'Ollama Model Reader' in any of: [org.episteme.core.ui.i18n.messages_core]
[DEBUG] I18N: Missing key 'Connects to local Ollama instance for LLM inference.' in any of: [org.episteme.core.ui.i18n.messages_core]
[DEBUG] I18N: Missing key 'OpenAI Model Reader' in any of: [org.episteme.core.ui.i18n.messages_core]
[DEBUG] I18N: Missing key 'Connects to OpenAI-compatible APIs.' in any of: [org.episteme.core.ui.i18n.messages_core]
[DEBUG] I18N: Missing key 'AI/Generative' in any of: [org.episteme.core.ui.i18n.messages_core]
[DEBUG] I18N: Missing key 'ONNX Model Loader' in any of: [org.episteme.core.ui.i18n.messages_core]
[DEBUG] I18N: Missing key 'Binary Model Loader' in any of: [org.episteme.core.ui.i18n.messages_core]
[DEBUG] I18N: Missing key 'Binary Model Loader' in any of: [org.episteme.core.ui.i18n.messages_core]
[DEBUG] I18N: Missing key 'Loads/Saves usage Java Serialization' in any of: [org.episteme.core.ui.i18n.messages_core]
[DEBUG] I18N: Missing key 'ONNX Model Loader' in any of: [org.episteme.core.ui.i18n.messages_core]
[DEBUG] I18N: Missing key 'Loads ONNX models using ONNX Runtime' in any of: [org.episteme.core.ui.i18n.messages_core]
[DEBUG] I18N: Missing key 'AI/ML' in any of: [org.episteme.core.ui.i18n.messages_core]
[DEBUG] I18N: Missing key 'Book Catalog Reader' in any of: [org.episteme.core.ui.i18n.messages_core]
[DEBUG] I18N: Missing key 'Article Catalog Reader' in any of: [org.episteme.core.ui.i18n.messages_core]
[DEBUG] I18N: Missing key 'CrossRef Connector' in any of: [org.episteme.core.ui.i18n.messages_core]
[DEBUG] I18N: Missing key 'Book Catalog Reader' in any of: [org.episteme.core.ui.i18n.messages_core]
[DEBUG] I18N: Missing key 'Article Catalog Reader' in any of: [org.episteme.core.ui.i18n.messages_core]
[DEBUG] I18N: Missing key 'Accesses and searches scientific article catalogs.' in any of: [org.episteme.core.ui.i18n.messages_core]
[DEBUG] I18N: Missing key 'Book Catalog Reader' in any of: [org.episteme.core.ui.i18n.messages_core]
[DEBUG] I18N: Missing key 'Accesses and searches bibliographical catalogs for books.' in any of: [org.episteme.core.ui.i18n.messages_core]
[DEBUG] I18N: Missing key 'CrossRef Connector' in any of: [org.episteme.core.ui.i18n.messages_core]
[DEBUG] I18N: Missing key 'Resolves DOIs to get publication metadata.' in any of: [org.episteme.core.ui.i18n.messages_core]
[DEBUG] I18N: Missing key 'Bibliography' in any of: [org.episteme.core.ui.i18n.messages_core]
[DEBUG] I18N: Missing key 'OpenMath Reader' in any of: [org.episteme.core.ui.i18n.messages_core]
[DEBUG] I18N: Missing key 'MathML Reader' in any of: [org.episteme.core.ui.i18n.messages_core]
[DEBUG] I18N: Missing key 'MathML Reader' in any of: [org.episteme.core.ui.i18n.messages_core]
[DEBUG] I18N: Missing key 'Reads mathematical expressions from MathML format' in any of: [org.episteme.core.ui.i18n.messages_core]
[DEBUG] I18N: Missing key 'OpenMath Reader' in any of: [org.episteme.core.ui.i18n.messages_core]
[DEBUG] I18N: Missing key 'Reads mathematical objects from OpenMath XML format' in any of: [org.episteme.core.ui.i18n.messages_core]
[DEBUG] I18N: Missing key 'Mathematics' in any of: [org.episteme.core.ui.i18n.messages_core]
[DEBUG] I18N: Missing key 'Sciences Taxonomy Reader' in any of: [org.episteme.core.ui.i18n.messages_core]
[DEBUG] I18N: Missing key 'HDF5 Reader' in any of: [org.episteme.core.ui.i18n.messages_core]
[DEBUG] I18N: Missing key 'Zarr Reader' in any of: [org.episteme.core.ui.i18n.messages_core]
[DEBUG] I18N: Missing key 'Sciences Taxonomy Reader' in any of: [org.episteme.core.ui.i18n.messages_core]
[DEBUG] I18N: Missing key 'HDF5 Reader' in any of: [org.episteme.core.ui.i18n.messages_core]
[DEBUG] I18N: Missing key 'Reads HDF5 files with support for compression and large datasets.' in any of: [org.episteme.core.ui.i18n.messages_core]
[DEBUG] I18N: Missing key 'Sciences Taxonomy Reader' in any of: [org.episteme.core.ui.i18n.messages_core]
[DEBUG] I18N: Missing key 'Reader for the scientific disciplines taxonomy database.' in any of: [org.episteme.core.ui.i18n.messages_core]
[DEBUG] I18N: Missing key 'Zarr Reader' in any of: [org.episteme.core.ui.i18n.messages_core]
[DEBUG] I18N: Missing key 'Reads Zarr stores, optimized for cloud-native, chunked array storage.' in any of: [org.episteme.core.ui.i18n.messages_core]
[DEBUG] I18N: Missing key 'Scientific Data' in any of: [org.episteme.core.ui.i18n.messages_core]
[DEBUG] I18N: Missing key 'viewer.geometryboardviewer.param.showgrid' in any of: [org.episteme.core.ui.i18n.messages_core]
02:57:17.324 [JavaFX Application Thread] INFO org.episteme.core.mathematics.linearalgebra.matrices.RealDoubleMatrix -- RealDoubleMatrix internal operations will use provider: JBlas (Optimized) (Score: 90)
[DEBUG] I18N: Missing key 'distributions.type' in any of: [org.episteme.core.ui.i18n.messages_core]
Audio Backend switched to: Standard JavaSound
[DEBUG] I18N: Missing key 'viewer.graph.name' in any of: [org.episteme.core.ui.i18n.messages_core]
[DEBUG] I18N: Missing key 'viewer.graph.desc' in any of: [org.episteme.core.ui.i18n.messages_core]
02:57:18.306 [JavaFX Application Thread] DEBUG org.episteme.core.ui.MasterControlDiscovery -- Scanning ClassLoader: jdk.internal.loader.ClassLoaders$AppClassLoader
02:57:18.308 [JavaFX Application Thread] DEBUG org.episteme.core.ui.MasterControlDiscovery -- Scanning ClassLoader: jdk.internal.loader.ClassLoaders$AppClassLoader
02:57:18.313 [JavaFX Application Thread] DEBUG org.episteme.core.ui.MasterControlDiscovery -- Scanning ClassLoader: jdk.internal.loader.ClassLoaders$AppClassLoader
02:57:19.147 [JavaFX Application Thread] INFO org.episteme.core.ui.MasterControlDiscovery -- Dev mode: Scanning siblings in C:\Silvere\Encours\Developpement\Episteme
02:57:19.181 [JavaFX Application Thread] INFO org.episteme.core.ui.MasterControlDiscovery -- Found sibling dev module: episteme-benchmarks
02:57:19.192 [JavaFX Application Thread] INFO org.episteme.core.ui.MasterControlDiscovery -- Found sibling dev module: episteme-client
02:57:19.286 [JavaFX Application Thread] INFO org.episteme.core.ui.MasterControlDiscovery -- Found sibling dev module: episteme-database
02:57:19.288 [JavaFX Application Thread] INFO org.episteme.core.ui.MasterControlDiscovery -- Found sibling dev module: episteme-featured-apps
02:57:19.297 [JavaFX Application Thread] INFO org.episteme.core.ui.MasterControlDiscovery -- Found sibling dev module: episteme-jni
02:57:19.298 [JavaFX Application Thread] INFO org.episteme.core.ui.MasterControlDiscovery -- Found sibling dev module: episteme-native
02:57:19.357 [JavaFX Application Thread] INFO org.episteme.core.ui.MasterControlDiscovery -- Found sibling dev module: episteme-natural
02:57:20.312 [JavaFX Application Thread] INFO org.episteme.core.ui.MasterControlDiscovery -- Found sibling dev module: episteme-resources
02:57:20.580 [JavaFX Application Thread] INFO org.episteme.core.ui.MasterControlDiscovery -- Found sibling dev module: episteme-server
02:57:20.651 [JavaFX Application Thread] INFO org.episteme.core.ui.MasterControlDiscovery -- Found sibling dev module: episteme-social
02:57:20.800 [JavaFX Application Thread] INFO org.episteme.core.ui.MasterControlDiscovery -- Found sibling dev module: episteme-worker
02:57:20.803 [JavaFX Application Thread] DEBUG org.episteme.core.ui.MasterControlDiscovery -- Scanning ClassLoader: jdk.internal.loader.ClassLoaders$AppClassLoader
02:57:20.819 [JavaFX Application Thread] DEBUG org.episteme.core.ui.MasterControlDiscovery -- Scanning ClassLoader: jdk.internal.loader.ClassLoaders$AppClassLoader
02:57:20.822 [JavaFX Application Thread] DEBUG org.episteme.core.ui.MasterControlDiscovery -- Scanning ClassLoader: jdk.internal.loader.ClassLoaders$AppClassLoader
02:57:22.218 [JavaFX Application Thread] INFO org.episteme.core.ui.MasterControlDiscovery -- Dev mode: Scanning siblings in C:\Silvere\Encours\Developpement\Episteme
02:57:22.235 [JavaFX Application Thread] INFO org.episteme.core.ui.MasterControlDiscovery -- Found sibling dev module: episteme-benchmarks
02:57:22.267 [JavaFX Application Thread] INFO org.episteme.core.ui.MasterControlDiscovery -- Found sibling dev module: episteme-client
02:57:22.295 [JavaFX Application Thread] INFO org.episteme.core.ui.MasterControlDiscovery -- Found sibling dev module: episteme-database
02:57:22.297 [JavaFX Application Thread] INFO org.episteme.core.ui.MasterControlDiscovery -- Found sibling dev module: episteme-featured-apps
02:57:22.304 [JavaFX Application Thread] INFO org.episteme.core.ui.MasterControlDiscovery -- Found sibling dev module: episteme-jni
02:57:22.309 [JavaFX Application Thread] INFO org.episteme.core.ui.MasterControlDiscovery -- Found sibling dev module: episteme-native
02:57:22.369 [JavaFX Application Thread] INFO org.episteme.core.ui.MasterControlDiscovery -- Found sibling dev module: episteme-natural
02:57:23.188 [JavaFX Application Thread] INFO org.episteme.core.ui.MasterControlDiscovery -- Found sibling dev module: episteme-resources
02:57:23.587 [JavaFX Application Thread] INFO org.episteme.core.ui.MasterControlDiscovery -- Found sibling dev module: episteme-server
02:57:23.600 [JavaFX Application Thread] INFO org.episteme.core.ui.MasterControlDiscovery -- Found sibling dev module: episteme-social
02:57:23.797 [JavaFX Application Thread] INFO org.episteme.core.ui.MasterControlDiscovery -- Found sibling dev module: episteme-worker
02:57:23.802 [JavaFX Application Thread] DEBUG org.episteme.core.ui.MasterControlDiscovery -- Scanning ClassLoader: jdk.internal.loader.ClassLoaders$AppClassLoader
02:57:23.807 [JavaFX Application Thread] DEBUG org.episteme.core.ui.MasterControlDiscovery -- Scanning ClassLoader: jdk.internal.loader.ClassLoaders$AppClassLoader
02:57:23.835 [JavaFX Application Thread] DEBUG org.episteme.core.ui.MasterControlDiscovery -- Scanning ClassLoader: jdk.internal.loader.ClassLoaders$AppClassLoader
02:57:24.877 [JavaFX Application Thread] INFO org.episteme.core.ui.MasterControlDiscovery -- Dev mode: Scanning siblings in C:\Silvere\Encours\Developpement\Episteme
02:57:24.894 [JavaFX Application Thread] INFO org.episteme.core.ui.MasterControlDiscovery -- Found sibling dev module: episteme-benchmarks
02:57:24.925 [JavaFX Application Thread] INFO org.episteme.core.ui.MasterControlDiscovery -- Found sibling dev module: episteme-client
02:57:24.955 [JavaFX Application Thread] INFO org.episteme.core.ui.MasterControlDiscovery -- Found sibling dev module: episteme-database
02:57:24.959 [JavaFX Application Thread] INFO org.episteme.core.ui.MasterControlDiscovery -- Found sibling dev module: episteme-featured-apps
02:57:25.015 [JavaFX Application Thread] INFO org.episteme.core.ui.MasterControlDiscovery -- Found sibling dev module: episteme-jni
02:57:25.022 [JavaFX Application Thread] INFO org.episteme.core.ui.MasterControlDiscovery -- Found sibling dev module: episteme-native
02:57:25.074 [JavaFX Application Thread] INFO org.episteme.core.ui.MasterControlDiscovery -- Found sibling dev module: episteme-natural
02:57:26.561 [JavaFX Application Thread] INFO org.episteme.core.ui.MasterControlDiscovery -- Found sibling dev module: episteme-resources
02:57:26.977 [JavaFX Application Thread] INFO org.episteme.core.ui.MasterControlDiscovery -- Found sibling dev module: episteme-server
02:57:26.994 [JavaFX Application Thread] INFO org.episteme.core.ui.MasterControlDiscovery -- Found sibling dev module: episteme-social
02:57:27.152 [JavaFX Application Thread] INFO org.episteme.core.ui.MasterControlDiscovery -- Found sibling dev module: episteme-worker
02:57:27.220 [JavaFX Application Thread] DEBUG org.episteme.core.ui.MasterControlDiscovery -- Scanning ClassLoader: jdk.internal.loader.ClassLoaders$AppClassLoader
02:57:27.223 [JavaFX Application Thread] DEBUG org.episteme.core.ui.MasterControlDiscovery -- Scanning ClassLoader: jdk.internal.loader.ClassLoaders$AppClassLoader
02:57:27.227 [JavaFX Application Thread] DEBUG org.episteme.core.ui.MasterControlDiscovery -- Scanning ClassLoader: jdk.internal.loader.ClassLoaders$AppClassLoader
02:57:43.313 [JavaFX Application Thread] INFO org.episteme.core.ui.MasterControlDiscovery -- Dev mode: Scanning siblings in C:\Silvere\Encours\Developpement\Episteme
02:57:43.322 [JavaFX Application Thread] INFO org.episteme.core.ui.MasterControlDiscovery -- Found sibling dev module: episteme-benchmarks
02:57:43.457 [JavaFX Application Thread] INFO org.episteme.core.ui.MasterControlDiscovery -- Found sibling dev module: episteme-client
02:57:43.591 [JavaFX Application Thread] INFO org.episteme.core.ui.MasterControlDiscovery -- Found sibling dev module: episteme-database
02:57:43.595 [JavaFX Application Thread] INFO org.episteme.core.ui.MasterControlDiscovery -- Found sibling dev module: episteme-featured-apps
02:57:43.609 [JavaFX Application Thread] INFO org.episteme.core.ui.MasterControlDiscovery -- Found sibling dev module: episteme-jni
02:57:43.613 [JavaFX Application Thread] INFO org.episteme.core.ui.MasterControlDiscovery -- Found sibling dev module: episteme-native
02:57:43.710 [JavaFX Application Thread] INFO org.episteme.core.ui.MasterControlDiscovery -- Found sibling dev module: episteme-natural
02:57:46.770 [JavaFX Application Thread] INFO org.episteme.core.ui.MasterControlDiscovery -- Found sibling dev module: episteme-resources
02:57:47.259 [JavaFX Application Thread] INFO org.episteme.core.ui.MasterControlDiscovery -- Found sibling dev module: episteme-server
02:57:47.271 [JavaFX Application Thread] INFO org.episteme.core.ui.MasterControlDiscovery -- Found sibling dev module: episteme-social
02:57:48.923 [JavaFX Application Thread] INFO org.episteme.core.ui.MasterControlDiscovery -- Found sibling dev module: episteme-worker
[DEBUG] I18N: Missing key 'mastercontrol.computing.title' in any of: [org.episteme.core.ui.i18n.messages_core]
[DEBUG] I18N: Missing key 'mastercontrol.computing.autotuning' in any of: [org.episteme.core.ui.i18n.messages_core]
[DEBUG] I18N: Missing key 'mastercontrol.computing.desc.autotuning' in any of: [org.episteme.core.ui.i18n.messages_core]
[DEBUG] I18N: Missing key 'mastercontrol.computing.threads' in any of: [org.episteme.core.ui.i18n.messages_core]
[DEBUG] I18N: Missing key 'mastercontrol.computing.desc.threads' in any of: [org.episteme.core.ui.i18n.messages_core]
[DEBUG] I18N: Missing key 'mastercontrol.computing.desc.epsilon' in any of: [org.episteme.core.ui.i18n.messages_core]
[DEBUG] I18N: Missing key 'mastercontrol.computing.desc.iterations' in any of: [org.episteme.core.ui.i18n.messages_core]
[DEBUG] I18N: Missing key 'mastercontrol.computing.autotuning' in any of: [org.episteme.core.ui.i18n.messages_core]
[DEBUG] I18N: Missing key 'mastercontrol.computing.threads' in any of: [org.episteme.core.ui.i18n.messages_core]
[DEBUG] I18N: Missing key 'mastercontrol.computing.desc.mode_alt' in any of: [org.episteme.core.ui.i18n.messages_core]
[DEBUG] I18N: Missing key 'lib.cpudense.name' in any of: [org.episteme.core.ui.i18n.messages_core]
[DEBUG] I18N: Missing key 'lib.cpudense.desc' in any of: [org.episteme.core.ui.i18n.messages_core]
[DEBUG] I18N: Missing key 'lib.cpusparse.name' in any of: [org.episteme.core.ui.i18n.messages_core]
[DEBUG] I18N: Missing key 'lib.cpusparse.desc' in any of: [org.episteme.core.ui.i18n.messages_core]
[DEBUG] I18N: Missing key 'lib.cpu-sparse.name' in any of: [org.episteme.core.ui.i18n.messages_core]
[DEBUG] I18N: Missing key 'lib.cpu-sparse.desc' in any of: [org.episteme.core.ui.i18n.messages_core]
[DEBUG] I18N: Missing key 'lib.distributed.name' in any of: [org.episteme.core.ui.i18n.messages_core]
[DEBUG] I18N: Missing key 'lib.distributed.desc' in any of: [org.episteme.core.ui.i18n.messages_core]
[DEBUG] I18N: Missing key 'lib.javasound.name' in any of: [org.episteme.core.ui.i18n.messages_core]
[DEBUG] I18N: Missing key 'lib.javasound.desc' in any of: [org.episteme.core.ui.i18n.messages_core]
[DEBUG] I18N: Missing key 'lib.minim.name' in any of: [org.episteme.core.ui.i18n.messages_core]
[DEBUG] I18N: Missing key 'lib.minim.desc' in any of: [org.episteme.core.ui.i18n.messages_core]
[DEBUG] I18N: Missing key 'lib.multicore-audio.name' in any of: [org.episteme.core.ui.i18n.messages_core]
[DEBUG] I18N: Missing key 'lib.multicore-audio.desc' in any of: [org.episteme.core.ui.i18n.messages_core]
[DEBUG] I18N: Missing key 'lib.tarsos.name' in any of: [org.episteme.core.ui.i18n.messages_core]
[DEBUG] I18N: Missing key 'lib.tarsos.desc' in any of: [org.episteme.core.ui.i18n.messages_core]
[DEBUG] I18N: Missing key 'AI/ML' in any of: [org.episteme.core.ui.i18n.messages_core]
[DEBUG] I18N: Missing key 'AI/Generative' in any of: [org.episteme.core.ui.i18n.messages_core]
[DEBUG] I18N: Missing key 'Bibliography' in any of: [org.episteme.core.ui.i18n.messages_core]
[DEBUG] I18N: Missing key 'AI/ML' in any of: [org.episteme.core.ui.i18n.messages_core]
[DEBUG] I18N: Missing key 'Mathematics' in any of: [org.episteme.core.ui.i18n.messages_core]
[DEBUG] I18N: Missing key 'Bibliography' in any of: [org.episteme.core.ui.i18n.messages_core]
[DEBUG] I18N: Missing key 'Scientific Data' in any of: [org.episteme.core.ui.i18n.messages_core]
[DEBUG] I18N: Missing key 'Mathematics' in any of: [org.episteme.core.ui.i18n.messages_core]
[DEBUG] I18N: Missing key 'OpenAI Model Reader' in any of: [org.episteme.core.ui.i18n.messages_core]
[DEBUG] I18N: Missing key 'Ollama Model Reader' in any of: [org.episteme.core.ui.i18n.messages_core]
[DEBUG] I18N: Missing key 'Ollama Model Reader' in any of: [org.episteme.core.ui.i18n.messages_core]
[DEBUG] I18N: Missing key 'Connects to local Ollama instance for LLM inference.' in any of: [org.episteme.core.ui.i18n.messages_core]
[DEBUG] I18N: Missing key 'OpenAI Model Reader' in any of: [org.episteme.core.ui.i18n.messages_core]
[DEBUG] I18N: Missing key 'Connects to OpenAI-compatible APIs.' in any of: [org.episteme.core.ui.i18n.messages_core]
[DEBUG] I18N: Missing key 'AI/Generative' in any of: [org.episteme.core.ui.i18n.messages_core]
[DEBUG] I18N: Missing key 'ONNX Model Loader' in any of: [org.episteme.core.ui.i18n.messages_core]
[DEBUG] I18N: Missing key 'Binary Model Loader' in any of: [org.episteme.core.ui.i18n.messages_core]
[DEBUG] I18N: Missing key 'Binary Model Loader' in any of: [org.episteme.core.ui.i18n.messages_core]
[DEBUG] I18N: Missing key 'Loads/Saves usage Java Serialization' in any of: [org.episteme.core.ui.i18n.messages_core]
[DEBUG] I18N: Missing key 'ONNX Model Loader' in any of: [org.episteme.core.ui.i18n.messages_core]
[DEBUG] I18N: Missing key 'Loads ONNX models using ONNX Runtime' in any of: [org.episteme.core.ui.i18n.messages_core]
[DEBUG] I18N: Missing key 'AI/ML' in any of: [org.episteme.core.ui.i18n.messages_core]
[DEBUG] I18N: Missing key 'Book Catalog Reader' in any of: [org.episteme.core.ui.i18n.messages_core]
[DEBUG] I18N: Missing key 'Article Catalog Reader' in any of: [org.episteme.core.ui.i18n.messages_core]
[DEBUG] I18N: Missing key 'CrossRef Connector' in any of: [org.episteme.core.ui.i18n.messages_core]
[DEBUG] I18N: Missing key 'Book Catalog Reader' in any of: [org.episteme.core.ui.i18n.messages_core]
[DEBUG] I18N: Missing key 'Article Catalog Reader' in any of: [org.episteme.core.ui.i18n.messages_core]
[DEBUG] I18N: Missing key 'Accesses and searches scientific article catalogs.' in any of: [org.episteme.core.ui.i18n.messages_core]
[DEBUG] I18N: Missing key 'Book Catalog Reader' in any of: [org.episteme.core.ui.i18n.messages_core]
[DEBUG] I18N: Missing key 'Accesses and searches bibliographical catalogs for books.' in any of: [org.episteme.core.ui.i18n.messages_core]
[DEBUG] I18N: Missing key 'CrossRef Connector' in any of: [org.episteme.core.ui.i18n.messages_core]
[DEBUG] I18N: Missing key 'Resolves DOIs to get publication metadata.' in any of: [org.episteme.core.ui.i18n.messages_core]
[DEBUG] I18N: Missing key 'Bibliography' in any of: [org.episteme.core.ui.i18n.messages_core]
[DEBUG] I18N: Missing key 'OpenMath Reader' in any of: [org.episteme.core.ui.i18n.messages_core]
[DEBUG] I18N: Missing key 'MathML Reader' in any of: [org.episteme.core.ui.i18n.messages_core]
[DEBUG] I18N: Missing key 'MathML Reader' in any of: [org.episteme.core.ui.i18n.messages_core]
[DEBUG] I18N: Missing key 'Reads mathematical expressions from MathML format' in any of: [org.episteme.core.ui.i18n.messages_core]
[DEBUG] I18N: Missing key 'OpenMath Reader' in any of: [org.episteme.core.ui.i18n.messages_core]
[DEBUG] I18N: Missing key 'Reads mathematical objects from OpenMath XML format' in any of: [org.episteme.core.ui.i18n.messages_core]
[DEBUG] I18N: Missing key 'Mathematics' in any of: [org.episteme.core.ui.i18n.messages_core]
[DEBUG] I18N: Missing key 'Sciences Taxonomy Reader' in any of: [org.episteme.core.ui.i18n.messages_core]
[DEBUG] I18N: Missing key 'HDF5 Reader' in any of: [org.episteme.core.ui.i18n.messages_core]
[DEBUG] I18N: Missing key 'Zarr Reader' in any of: [org.episteme.core.ui.i18n.messages_core]
[DEBUG] I18N: Missing key 'Sciences Taxonomy Reader' in any of: [org.episteme.core.ui.i18n.messages_core]
[DEBUG] I18N: Missing key 'HDF5 Reader' in any of: [org.episteme.core.ui.i18n.messages_core]
[DEBUG] I18N: Missing key 'Reads HDF5 files with support for compression and large datasets.' in any of: [org.episteme.core.ui.i18n.messages_core]
[DEBUG] I18N: Missing key 'Sciences Taxonomy Reader' in any of: [org.episteme.core.ui.i18n.messages_core]
[DEBUG] I18N: Missing key 'Reader for the scientific disciplines taxonomy database.' in any of: [org.episteme.core.ui.i18n.messages_core]
[DEBUG] I18N: Missing key 'Zarr Reader' in any of: [org.episteme.core.ui.i18n.messages_core]
[DEBUG] I18N: Missing key 'Reads Zarr stores, optimized for cloud-native, chunked array storage.' in any of: [org.episteme.core.ui.i18n.messages_core]
[DEBUG] I18N: Missing key 'Scientific Data' in any of: [org.episteme.core.ui.i18n.messages_core]
WARNING: A terminally deprecated method in sun.misc.Unsafe has been called
WARNING: sun.misc.Unsafe::allocateMemory has been called by com.sun.marlin.OffHeapArray 
(file:/C:/Users/silve/.m2/repository/org/openjfx/javafx-graphics/21.0.1/javafx-graphics-21.0.1-win.jar)
WARNING: Please consider reporting this to the maintainers of class com.sun.marlin.OffHeapArray
WARNING: sun.misc.Unsafe::allocateMemory will be removed in a future release
[DEBUG] I18N: Missing key 'viewer.geometryboardviewer.param.showgrid' in any of: [org.episteme.core.ui.i18n.messages_core]
02:59:20.822 [JavaFX Application Thread] INFO org.episteme.core.mathematics.linearalgebra.matrices.RealDoubleMatrix -- RealDoubleMatrix internal operations will use provider: JBlas (Optimized) (Score: 90)
[DEBUG] I18N: Missing key 'distributions.type' in any of: [org.episteme.core.ui.i18n.messages_core]
[DEBUG] I18N: Missing key 'viewer.graph.name' in any of: [org.episteme.core.ui.i18n.messages_core]
[DEBUG] I18N: Missing key 'viewer.graph.desc' in any of: [org.episteme.core.ui.i18n.messages_core]
[DEBUG] I18N: Missing key 'mastercontrol.computing.title' in any of: [org.episteme.core.ui.i18n.messages_core]
[DEBUG] I18N: Missing key 'mastercontrol.computing.autotuning' in any of: [org.episteme.core.ui.i18n.messages_core]
[DEBUG] I18N: Missing key 'mastercontrol.computing.desc.autotuning' in any of: [org.episteme.core.ui.i18n.messages_core]
[DEBUG] I18N: Missing key 'mastercontrol.computing.threads' in any of: [org.episteme.core.ui.i18n.messages_core]
[DEBUG] I18N: Missing key 'mastercontrol.computing.desc.threads' in any of: [org.episteme.core.ui.i18n.messages_core]
[DEBUG] I18N: Missing key 'mastercontrol.computing.desc.epsilon' in any of: [org.episteme.core.ui.i18n.messages_core]
[DEBUG] I18N: Missing key 'mastercontrol.computing.desc.iterations' in any of: [org.episteme.core.ui.i18n.messages_core]
[DEBUG] I18N: Missing key 'mastercontrol.computing.autotuning' in any of: [org.episteme.core.ui.i18n.messages_core]
[DEBUG] I18N: Missing key 'mastercontrol.computing.threads' in any of: [org.episteme.core.ui.i18n.messages_core]
[DEBUG] I18N: Missing key 'mastercontrol.computing.desc.mode_alt' in any of: [org.episteme.core.ui.i18n.messages_core]
[DEBUG] I18N: Missing key 'lib.cpudense.name' in any of: [org.episteme.core.ui.i18n.messages_core]
[DEBUG] I18N: Missing key 'lib.cpudense.desc' in any of: [org.episteme.core.ui.i18n.messages_core]
[DEBUG] I18N: Missing key 'lib.cpusparse.name' in any of: [org.episteme.core.ui.i18n.messages_core]
[DEBUG] I18N: Missing key 'lib.cpusparse.desc' in any of: [org.episteme.core.ui.i18n.messages_core]
[DEBUG] I18N: Missing key 'lib.cpu-sparse.name' in any of: [org.episteme.core.ui.i18n.messages_core]
[DEBUG] I18N: Missing key 'lib.cpu-sparse.desc' in any of: [org.episteme.core.ui.i18n.messages_core]
[DEBUG] I18N: Missing key 'lib.distributed.name' in any of: [org.episteme.core.ui.i18n.messages_core]
[DEBUG] I18N: Missing key 'lib.distributed.desc' in any of: [org.episteme.core.ui.i18n.messages_core]
[DEBUG] I18N: Missing key 'lib.javasound.name' in any of: [org.episteme.core.ui.i18n.messages_core]
[DEBUG] I18N: Missing key 'lib.javasound.desc' in any of: [org.episteme.core.ui.i18n.messages_core]
[DEBUG] I18N: Missing key 'lib.minim.name' in any of: [org.episteme.core.ui.i18n.messages_core]
[DEBUG] I18N: Missing key 'lib.minim.desc' in any of: [org.episteme.core.ui.i18n.messages_core]
[DEBUG] I18N: Missing key 'lib.multicore-audio.name' in any of: [org.episteme.core.ui.i18n.messages_core]
[DEBUG] I18N: Missing key 'lib.multicore-audio.desc' in any of: [org.episteme.core.ui.i18n.messages_core]
[DEBUG] I18N: Missing key 'lib.tarsos.name' in any of: [org.episteme.core.ui.i18n.messages_core]
[DEBUG] I18N: Missing key 'lib.tarsos.desc' in any of: [org.episteme.core.ui.i18n.messages_core]
[DEBUG] I18N: Missing key 'AI/ML' in any of: [org.episteme.core.ui.i18n.messages_core]
[DEBUG] I18N: Missing key 'AI/Generative' in any of: [org.episteme.core.ui.i18n.messages_core]
[DEBUG] I18N: Missing key 'Bibliography' in any of: [org.episteme.core.ui.i18n.messages_core]
[DEBUG] I18N: Missing key 'AI/ML' in any of: [org.episteme.core.ui.i18n.messages_core]
[DEBUG] I18N: Missing key 'Mathematics' in any of: [org.episteme.core.ui.i18n.messages_core]
[DEBUG] I18N: Missing key 'Bibliography' in any of: [org.episteme.core.ui.i18n.messages_core]
[DEBUG] I18N: Missing key 'Scientific Data' in any of: [org.episteme.core.ui.i18n.messages_core]
[DEBUG] I18N: Missing key 'Mathematics' in any of: [org.episteme.core.ui.i18n.messages_core]
[DEBUG] I18N: Missing key 'OpenAI Model Reader' in any of: [org.episteme.core.ui.i18n.messages_core]
[DEBUG] I18N: Missing key 'Ollama Model Reader' in any of: [org.episteme.core.ui.i18n.messages_core]
[DEBUG] I18N: Missing key 'Ollama Model Reader' in any of: [org.episteme.core.ui.i18n.messages_core]
[DEBUG] I18N: Missing key 'Connects to local Ollama instance for LLM inference.' in any of: [org.episteme.core.ui.i18n.messages_core]
[DEBUG] I18N: Missing key 'OpenAI Model Reader' in any of: [org.episteme.core.ui.i18n.messages_core]
[DEBUG] I18N: Missing key 'Connects to OpenAI-compatible APIs.' in any of: [org.episteme.core.ui.i18n.messages_core]
[DEBUG] I18N: Missing key 'AI/Generative' in any of: [org.episteme.core.ui.i18n.messages_core]
[DEBUG] I18N: Missing key 'ONNX Model Loader' in any of: [org.episteme.core.ui.i18n.messages_core]
[DEBUG] I18N: Missing key 'Binary Model Loader' in any of: [org.episteme.core.ui.i18n.messages_core]
[DEBUG] I18N: Missing key 'Binary Model Loader' in any of: [org.episteme.core.ui.i18n.messages_core]
[DEBUG] I18N: Missing key 'Loads/Saves usage Java Serialization' in any of: [org.episteme.core.ui.i18n.messages_core]
[DEBUG] I18N: Missing key 'ONNX Model Loader' in any of: [org.episteme.core.ui.i18n.messages_core]
[DEBUG] I18N: Missing key 'Loads ONNX models using ONNX Runtime' in any of: [org.episteme.core.ui.i18n.messages_core]
[DEBUG] I18N: Missing key 'AI/ML' in any of: [org.episteme.core.ui.i18n.messages_core]
[DEBUG] I18N: Missing key 'Book Catalog Reader' in any of: [org.episteme.core.ui.i18n.messages_core]
[DEBUG] I18N: Missing key 'Article Catalog Reader' in any of: [org.episteme.core.ui.i18n.messages_core]
[DEBUG] I18N: Missing key 'CrossRef Connector' in any of: [org.episteme.core.ui.i18n.messages_core]
[DEBUG] I18N: Missing key 'Book Catalog Reader' in any of: [org.episteme.core.ui.i18n.messages_core]
[DEBUG] I18N: Missing key 'Article Catalog Reader' in any of: [org.episteme.core.ui.i18n.messages_core]
[DEBUG] I18N: Missing key 'Accesses and searches scientific article catalogs.' in any of: [org.episteme.core.ui.i18n.messages_core]
[DEBUG] I18N: Missing key 'Book Catalog Reader' in any of: [org.episteme.core.ui.i18n.messages_core]
[DEBUG] I18N: Missing key 'Accesses and searches bibliographical catalogs for books.' in any of: [org.episteme.core.ui.i18n.messages_core]
[DEBUG] I18N: Missing key 'CrossRef Connector' in any of: [org.episteme.core.ui.i18n.messages_core]
[DEBUG] I18N: Missing key 'Resolves DOIs to get publication metadata.' in any of: [org.episteme.core.ui.i18n.messages_core]
[DEBUG] I18N: Missing key 'Bibliography' in any of: [org.episteme.core.ui.i18n.messages_core]
[DEBUG] I18N: Missing key 'OpenMath Reader' in any of: [org.episteme.core.ui.i18n.messages_core]
[DEBUG] I18N: Missing key 'MathML Reader' in any of: [org.episteme.core.ui.i18n.messages_core]
[DEBUG] I18N: Missing key 'MathML Reader' in any of: [org.episteme.core.ui.i18n.messages_core]
[DEBUG] I18N: Missing key 'Reads mathematical expressions from MathML format' in any of: [org.episteme.core.ui.i18n.messages_core]
[DEBUG] I18N: Missing key 'OpenMath Reader' in any of: [org.episteme.core.ui.i18n.messages_core]
[DEBUG] I18N: Missing key 'Reads mathematical objects from OpenMath XML format' in any of: [org.episteme.core.ui.i18n.messages_core]
[DEBUG] I18N: Missing key 'Mathematics' in any of: [org.episteme.core.ui.i18n.messages_core]
[DEBUG] I18N: Missing key 'Sciences Taxonomy Reader' in any of: [org.episteme.core.ui.i18n.messages_core]
[DEBUG] I18N: Missing key 'HDF5 Reader' in any of: [org.episteme.core.ui.i18n.messages_core]
[DEBUG] I18N: Missing key 'Zarr Reader' in any of: [org.episteme.core.ui.i18n.messages_core]
[DEBUG] I18N: Missing key 'Sciences Taxonomy Reader' in any of: [org.episteme.core.ui.i18n.messages_core]
[DEBUG] I18N: Missing key 'HDF5 Reader' in any of: [org.episteme.core.ui.i18n.messages_core]
[DEBUG] I18N: Missing key 'Reads HDF5 files with support for compression and large datasets.' in any of: [org.episteme.core.ui.i18n.messages_core]
[DEBUG] I18N: Missing key 'Sciences Taxonomy Reader' in any of: [org.episteme.core.ui.i18n.messages_core]
[DEBUG] I18N: Missing key 'Reader for the scientific disciplines taxonomy database.' in any of: [org.episteme.core.ui.i18n.messages_core]
[DEBUG] I18N: Missing key 'Zarr Reader' in any of: [org.episteme.core.ui.i18n.messages_core]
[DEBUG] I18N: Missing key 'Reads Zarr stores, optimized for cloud-native, chunked array storage.' in any of: [org.episteme.core.ui.i18n.messages_core]
[DEBUG] I18N: Missing key 'Scientific Data' in any of: [org.episteme.core.ui.i18n.messages_core]
[DEBUG] I18N: Missing key 'viewer.geometryboardviewer.param.showgrid' in any of: [org.episteme.core.ui.i18n.messages_core]
02:59:53.710 [JavaFX Application Thread] INFO org.episteme.core.mathematics.linearalgebra.matrices.RealDoubleMatrix -- RealDoubleMatrix internal operations will use provider: JBlas (Optimized) (Score: 90)
[DEBUG] I18N: Missing key 'distributions.type' in any of: [org.episteme.core.ui.i18n.messages_core]
[DEBUG] I18N: Missing key 'viewer.graph.name' in any of: [org.episteme.core.ui.i18n.messages_core]
[DEBUG] I18N: Missing key 'viewer.graph.desc' in any of: [org.episteme.core.ui.i18n.messages_core]
[DEBUG] I18N: Missing key 'mastercontrol.computing.title' in any of: [org.episteme.core.ui.i18n.messages_core]
[DEBUG] I18N: Missing key 'mastercontrol.computing.autotuning' in any of: [org.episteme.core.ui.i18n.messages_core]
[DEBUG] I18N: Missing key 'mastercontrol.computing.desc.autotuning' in any of: [org.episteme.core.ui.i18n.messages_core]
[DEBUG] I18N: Missing key 'mastercontrol.computing.threads' in any of: [org.episteme.core.ui.i18n.messages_core]
[DEBUG] I18N: Missing key 'mastercontrol.computing.desc.threads' in any of: [org.episteme.core.ui.i18n.messages_core]
[DEBUG] I18N: Missing key 'mastercontrol.computing.desc.epsilon' in any of: [org.episteme.core.ui.i18n.messages_core]
[DEBUG] I18N: Missing key 'mastercontrol.computing.desc.iterations' in any of: [org.episteme.core.ui.i18n.messages_core]
[DEBUG] I18N: Missing key 'mastercontrol.computing.autotuning' in any of: [org.episteme.core.ui.i18n.messages_core]
[DEBUG] I18N: Missing key 'mastercontrol.computing.threads' in any of: [org.episteme.core.ui.i18n.messages_core]
[DEBUG] I18N: Missing key 'mastercontrol.computing.desc.mode_alt' in any of: [org.episteme.core.ui.i18n.messages_core]
[DEBUG] I18N: Missing key 'lib.cpudense.name' in any of: [org.episteme.core.ui.i18n.messages_core]
[DEBUG] I18N: Missing key 'lib.cpudense.desc' in any of: [org.episteme.core.ui.i18n.messages_core]
[DEBUG] I18N: Missing key 'lib.cpusparse.name' in any of: [org.episteme.core.ui.i18n.messages_core]
[DEBUG] I18N: Missing key 'lib.cpusparse.desc' in any of: [org.episteme.core.ui.i18n.messages_core]
[DEBUG] I18N: Missing key 'lib.cpu-sparse.name' in any of: [org.episteme.core.ui.i18n.messages_core]
[DEBUG] I18N: Missing key 'lib.cpu-sparse.desc' in any of: [org.episteme.core.ui.i18n.messages_core]
[DEBUG] I18N: Missing key 'lib.distributed.name' in any of: [org.episteme.core.ui.i18n.messages_core]
[DEBUG] I18N: Missing key 'lib.distributed.desc' in any of: [org.episteme.core.ui.i18n.messages_core]
[DEBUG] I18N: Missing key 'lib.javasound.name' in any of: [org.episteme.core.ui.i18n.messages_core]
[DEBUG] I18N: Missing key 'lib.javasound.desc' in any of: [org.episteme.core.ui.i18n.messages_core]
[DEBUG] I18N: Missing key 'lib.minim.name' in any of: [org.episteme.core.ui.i18n.messages_core]
[DEBUG] I18N: Missing key 'lib.minim.desc' in any of: [org.episteme.core.ui.i18n.messages_core]
[DEBUG] I18N: Missing key 'lib.multicore-audio.name' in any of: [org.episteme.core.ui.i18n.messages_core]
[DEBUG] I18N: Missing key 'lib.multicore-audio.desc' in any of: [org.episteme.core.ui.i18n.messages_core]
[DEBUG] I18N: Missing key 'lib.tarsos.name' in any of: [org.episteme.core.ui.i18n.messages_core]
[DEBUG] I18N: Missing key 'lib.tarsos.desc' in any of: [org.episteme.core.ui.i18n.messages_core]
[DEBUG] I18N: Missing key 'AI/ML' in any of: [org.episteme.core.ui.i18n.messages_core]
[DEBUG] I18N: Missing key 'AI/Generative' in any of: [org.episteme.core.ui.i18n.messages_core]
[DEBUG] I18N: Missing key 'Bibliography' in any of: [org.episteme.core.ui.i18n.messages_core]
[DEBUG] I18N: Missing key 'AI/ML' in any of: [org.episteme.core.ui.i18n.messages_core]
[DEBUG] I18N: Missing key 'Mathematics' in any of: [org.episteme.core.ui.i18n.messages_core]
[DEBUG] I18N: Missing key 'Bibliography' in any of: [org.episteme.core.ui.i18n.messages_core]
[DEBUG] I18N: Missing key 'Scientific Data' in any of: [org.episteme.core.ui.i18n.messages_core]
[DEBUG] I18N: Missing key 'Mathematics' in any of: [org.episteme.core.ui.i18n.messages_core]
[DEBUG] I18N: Missing key 'OpenAI Model Reader' in any of: [org.episteme.core.ui.i18n.messages_core]
[DEBUG] I18N: Missing key 'Ollama Model Reader' in any of: [org.episteme.core.ui.i18n.messages_core]
[DEBUG] I18N: Missing key 'Ollama Model Reader' in any of: [org.episteme.core.ui.i18n.messages_core]
[DEBUG] I18N: Missing key 'Connects to local Ollama instance for LLM inference.' in any of: [org.episteme.core.ui.i18n.messages_core]
[DEBUG] I18N: Missing key 'OpenAI Model Reader' in any of: [org.episteme.core.ui.i18n.messages_core]
[DEBUG] I18N: Missing key 'Connects to OpenAI-compatible APIs.' in any of: [org.episteme.core.ui.i18n.messages_core]
[DEBUG] I18N: Missing key 'AI/Generative' in any of: [org.episteme.core.ui.i18n.messages_core]
[DEBUG] I18N: Missing key 'ONNX Model Loader' in any of: [org.episteme.core.ui.i18n.messages_core]
[DEBUG] I18N: Missing key 'Binary Model Loader' in any of: [org.episteme.core.ui.i18n.messages_core]
[DEBUG] I18N: Missing key 'Binary Model Loader' in any of: [org.episteme.core.ui.i18n.messages_core]
[DEBUG] I18N: Missing key 'Loads/Saves usage Java Serialization' in any of: [org.episteme.core.ui.i18n.messages_core]
[DEBUG] I18N: Missing key 'ONNX Model Loader' in any of: [org.episteme.core.ui.i18n.messages_core]
[DEBUG] I18N: Missing key 'Loads ONNX models using ONNX Runtime' in any of: [org.episteme.core.ui.i18n.messages_core]
[DEBUG] I18N: Missing key 'AI/ML' in any of: [org.episteme.core.ui.i18n.messages_core]
[DEBUG] I18N: Missing key 'Book Catalog Reader' in any of: [org.episteme.core.ui.i18n.messages_core]
[DEBUG] I18N: Missing key 'Article Catalog Reader' in any of: [org.episteme.core.ui.i18n.messages_core]
[DEBUG] I18N: Missing key 'CrossRef Connector' in any of: [org.episteme.core.ui.i18n.messages_core]
[DEBUG] I18N: Missing key 'Book Catalog Reader' in any of: [org.episteme.core.ui.i18n.messages_core]
[DEBUG] I18N: Missing key 'Article Catalog Reader' in any of: [org.episteme.core.ui.i18n.messages_core]
[DEBUG] I18N: Missing key 'Accesses and searches scientific article catalogs.' in any of: [org.episteme.core.ui.i18n.messages_core]
[DEBUG] I18N: Missing key 'Book Catalog Reader' in any of: [org.episteme.core.ui.i18n.messages_core]
[DEBUG] I18N: Missing key 'Accesses and searches bibliographical catalogs for books.' in any of: [org.episteme.core.ui.i18n.messages_core]
[DEBUG] I18N: Missing key 'CrossRef Connector' in any of: [org.episteme.core.ui.i18n.messages_core]
[DEBUG] I18N: Missing key 'Resolves DOIs to get publication metadata.' in any of: [org.episteme.core.ui.i18n.messages_core]
[DEBUG] I18N: Missing key 'Bibliography' in any of: [org.episteme.core.ui.i18n.messages_core]
[DEBUG] I18N: Missing key 'OpenMath Reader' in any of: [org.episteme.core.ui.i18n.messages_core]
[DEBUG] I18N: Missing key 'MathML Reader' in any of: [org.episteme.core.ui.i18n.messages_core]
[DEBUG] I18N: Missing key 'MathML Reader' in any of: [org.episteme.core.ui.i18n.messages_core]
[DEBUG] I18N: Missing key 'Reads mathematical expressions from MathML format' in any of: [org.episteme.core.ui.i18n.messages_core]
[DEBUG] I18N: Missing key 'OpenMath Reader' in any of: [org.episteme.core.ui.i18n.messages_core]
[DEBUG] I18N: Missing key 'Reads mathematical objects from OpenMath XML format' in any of: [org.episteme.core.ui.i18n.messages_core]
[DEBUG] I18N: Missing key 'Mathematics' in any of: [org.episteme.core.ui.i18n.messages_core]
[DEBUG] I18N: Missing key 'Sciences Taxonomy Reader' in any of: [org.episteme.core.ui.i18n.messages_core]
[DEBUG] I18N: Missing key 'HDF5 Reader' in any of: [org.episteme.core.ui.i18n.messages_core]
[DEBUG] I18N: Missing key 'Zarr Reader' in any of: [org.episteme.core.ui.i18n.messages_core]
[DEBUG] I18N: Missing key 'Sciences Taxonomy Reader' in any of: [org.episteme.core.ui.i18n.messages_core]
[DEBUG] I18N: Missing key 'HDF5 Reader' in any of: [org.episteme.core.ui.i18n.messages_core]
[DEBUG] I18N: Missing key 'Reads HDF5 files with support for compression and large datasets.' in any of: [org.episteme.core.ui.i18n.messages_core]
[DEBUG] I18N: Missing key 'Sciences Taxonomy Reader' in any of: [org.episteme.core.ui.i18n.messages_core]
[DEBUG] I18N: Missing key 'Reader for the scientific disciplines taxonomy database.' in any of: [org.episteme.core.ui.i18n.messages_core]
[DEBUG] I18N: Missing key 'Zarr Reader' in any of: [org.episteme.core.ui.i18n.messages_core]
[DEBUG] I18N: Missing key 'Reads Zarr stores, optimized for cloud-native, chunked array storage.' in any of: [org.episteme.core.ui.i18n.messages_core]
[DEBUG] I18N: Missing key 'Scientific Data' in any of: [org.episteme.core.ui.i18n.messages_core]
[DEBUG] I18N: Missing key 'viewer.geometryboardviewer.param.showgrid' in any of: [org.episteme.core.ui.i18n.messages_core]
03:00:22.106 [JavaFX Application Thread] INFO org.episteme.core.mathematics.linearalgebra.matrices.RealDoubleMatrix -- RealDoubleMatrix internal operations will use provider: JBlas (Optimized) (Score: 90)
[DEBUG] I18N: Missing key 'distributions.type' in any of: [org.episteme.core.ui.i18n.messages_core]
[DEBUG] I18N: Missing key 'viewer.graph.name' in any of: [org.episteme.core.ui.i18n.messages_core]
[DEBUG] I18N: Missing key 'viewer.graph.desc' in any of: [org.episteme.core.ui.i18n.messages_core]
[DEBUG] I18N: Missing key 'mastercontrol.computing.title' in any of: [org.episteme.core.ui.i18n.messages_core]
[DEBUG] I18N: Missing key 'mastercontrol.computing.autotuning' in any of: [org.episteme.core.ui.i18n.messages_core]
[DEBUG] I18N: Missing key 'mastercontrol.computing.desc.autotuning' in any of: [org.episteme.core.ui.i18n.messages_core]
[DEBUG] I18N: Missing key 'mastercontrol.computing.threads' in any of: [org.episteme.core.ui.i18n.messages_core]
[DEBUG] I18N: Missing key 'mastercontrol.computing.desc.threads' in any of: [org.episteme.core.ui.i18n.messages_core]
[DEBUG] I18N: Missing key 'mastercontrol.computing.desc.epsilon' in any of: [org.episteme.core.ui.i18n.messages_core]
[DEBUG] I18N: Missing key 'mastercontrol.computing.desc.iterations' in any of: [org.episteme.core.ui.i18n.messages_core]
[DEBUG] I18N: Missing key 'mastercontrol.computing.autotuning' in any of: [org.episteme.core.ui.i18n.messages_core]
[DEBUG] I18N: Missing key 'mastercontrol.computing.threads' in any of: [org.episteme.core.ui.i18n.messages_core]
[DEBUG] I18N: Missing key 'mastercontrol.computing.desc.mode_alt' in any of: [org.episteme.core.ui.i18n.messages_core]
[DEBUG] I18N: Missing key 'lib.cpudense.name' in any of: [org.episteme.core.ui.i18n.messages_core]
[DEBUG] I18N: Missing key 'lib.cpudense.desc' in any of: [org.episteme.core.ui.i18n.messages_core]
[DEBUG] I18N: Missing key 'lib.cpusparse.name' in any of: [org.episteme.core.ui.i18n.messages_core]
[DEBUG] I18N: Missing key 'lib.cpusparse.desc' in any of: [org.episteme.core.ui.i18n.messages_core]
[DEBUG] I18N: Missing key 'lib.cpu-sparse.name' in any of: [org.episteme.core.ui.i18n.messages_core]
[DEBUG] I18N: Missing key 'lib.cpu-sparse.desc' in any of: [org.episteme.core.ui.i18n.messages_core]
[DEBUG] I18N: Missing key 'lib.distributed.name' in any of: [org.episteme.core.ui.i18n.messages_core]
[DEBUG] I18N: Missing key 'lib.distributed.desc' in any of: [org.episteme.core.ui.i18n.messages_core]
[DEBUG] I18N: Missing key 'lib.javasound.name' in any of: [org.episteme.core.ui.i18n.messages_core]
[DEBUG] I18N: Missing key 'lib.javasound.desc' in any of: [org.episteme.core.ui.i18n.messages_core]
[DEBUG] I18N: Missing key 'lib.minim.name' in any of: [org.episteme.core.ui.i18n.messages_core]
[DEBUG] I18N: Missing key 'lib.minim.desc' in any of: [org.episteme.core.ui.i18n.messages_core]
[DEBUG] I18N: Missing key 'lib.multicore-audio.name' in any of: [org.episteme.core.ui.i18n.messages_core]
[DEBUG] I18N: Missing key 'lib.multicore-audio.desc' in any of: [org.episteme.core.ui.i18n.messages_core]
[DEBUG] I18N: Missing key 'lib.tarsos.name' in any of: [org.episteme.core.ui.i18n.messages_core]
[DEBUG] I18N: Missing key 'lib.tarsos.desc' in any of: [org.episteme.core.ui.i18n.messages_core]
[DEBUG] I18N: Missing key 'AI/ML' in any of: [org.episteme.core.ui.i18n.messages_core]
[DEBUG] I18N: Missing key 'AI/Generative' in any of: [org.episteme.core.ui.i18n.messages_core]
[DEBUG] I18N: Missing key 'Bibliography' in any of: [org.episteme.core.ui.i18n.messages_core]
[DEBUG] I18N: Missing key 'AI/ML' in any of: [org.episteme.core.ui.i18n.messages_core]
[DEBUG] I18N: Missing key 'Mathematics' in any of: [org.episteme.core.ui.i18n.messages_core]
[DEBUG] I18N: Missing key 'Bibliography' in any of: [org.episteme.core.ui.i18n.messages_core]
[DEBUG] I18N: Missing key 'Scientific Data' in any of: [org.episteme.core.ui.i18n.messages_core]
[DEBUG] I18N: Missing key 'Mathematics' in any of: [org.episteme.core.ui.i18n.messages_core]
[DEBUG] I18N: Missing key 'OpenAI Model Reader' in any of: [org.episteme.core.ui.i18n.messages_core]
[DEBUG] I18N: Missing key 'Ollama Model Reader' in any of: [org.episteme.core.ui.i18n.messages_core]
[DEBUG] I18N: Missing key 'Ollama Model Reader' in any of: [org.episteme.core.ui.i18n.messages_core]
[DEBUG] I18N: Missing key 'Connects to local Ollama instance for LLM inference.' in any of: [org.episteme.core.ui.i18n.messages_core]
[DEBUG] I18N: Missing key 'OpenAI Model Reader' in any of: [org.episteme.core.ui.i18n.messages_core]
[DEBUG] I18N: Missing key 'Connects to OpenAI-compatible APIs.' in any of: [org.episteme.core.ui.i18n.messages_core]
[DEBUG] I18N: Missing key 'AI/Generative' in any of: [org.episteme.core.ui.i18n.messages_core]
[DEBUG] I18N: Missing key 'ONNX Model Loader' in any of: [org.episteme.core.ui.i18n.messages_core]
[DEBUG] I18N: Missing key 'Binary Model Loader' in any of: [org.episteme.core.ui.i18n.messages_core]
[DEBUG] I18N: Missing key 'Binary Model Loader' in any of: [org.episteme.core.ui.i18n.messages_core]
[DEBUG] I18N: Missing key 'Loads/Saves usage Java Serialization' in any of: [org.episteme.core.ui.i18n.messages_core]
[DEBUG] I18N: Missing key 'ONNX Model Loader' in any of: [org.episteme.core.ui.i18n.messages_core]
[DEBUG] I18N: Missing key 'Loads ONNX models using ONNX Runtime' in any of: [org.episteme.core.ui.i18n.messages_core]
[DEBUG] I18N: Missing key 'AI/ML' in any of: [org.episteme.core.ui.i18n.messages_core]
[DEBUG] I18N: Missing key 'Book Catalog Reader' in any of: [org.episteme.core.ui.i18n.messages_core]
[DEBUG] I18N: Missing key 'Article Catalog Reader' in any of: [org.episteme.core.ui.i18n.messages_core]
[DEBUG] I18N: Missing key 'CrossRef Connector' in any of: [org.episteme.core.ui.i18n.messages_core]
[DEBUG] I18N: Missing key 'Book Catalog Reader' in any of: [org.episteme.core.ui.i18n.messages_core]
[DEBUG] I18N: Missing key 'Article Catalog Reader' in any of: [org.episteme.core.ui.i18n.messages_core]
[DEBUG] I18N: Missing key 'Accesses and searches scientific article catalogs.' in any of: [org.episteme.core.ui.i18n.messages_core]
[DEBUG] I18N: Missing key 'Book Catalog Reader' in any of: [org.episteme.core.ui.i18n.messages_core]
[DEBUG] I18N: Missing key 'Accesses and searches bibliographical catalogs for books.' in any of: [org.episteme.core.ui.i18n.messages_core]
[DEBUG] I18N: Missing key 'CrossRef Connector' in any of: [org.episteme.core.ui.i18n.messages_core]
[DEBUG] I18N: Missing key 'Resolves DOIs to get publication metadata.' in any of: [org.episteme.core.ui.i18n.messages_core]
[DEBUG] I18N: Missing key 'Bibliography' in any of: [org.episteme.core.ui.i18n.messages_core]
[DEBUG] I18N: Missing key 'OpenMath Reader' in any of: [org.episteme.core.ui.i18n.messages_core]
[DEBUG] I18N: Missing key 'MathML Reader' in any of: [org.episteme.core.ui.i18n.messages_core]
[DEBUG] I18N: Missing key 'MathML Reader' in any of: [org.episteme.core.ui.i18n.messages_core]
[DEBUG] I18N: Missing key 'Reads mathematical expressions from MathML format' in any of: [org.episteme.core.ui.i18n.messages_core]
[DEBUG] I18N: Missing key 'OpenMath Reader' in any of: [org.episteme.core.ui.i18n.messages_core]
[DEBUG] I18N: Missing key 'Reads mathematical objects from OpenMath XML format' in any of: [org.episteme.core.ui.i18n.messages_core]
[DEBUG] I18N: Missing key 'Mathematics' in any of: [org.episteme.core.ui.i18n.messages_core]
[DEBUG] I18N: Missing key 'Sciences Taxonomy Reader' in any of: [org.episteme.core.ui.i18n.messages_core]
[DEBUG] I18N: Missing key 'HDF5 Reader' in any of: [org.episteme.core.ui.i18n.messages_core]
[DEBUG] I18N: Missing key 'Zarr Reader' in any of: [org.episteme.core.ui.i18n.messages_core]
[DEBUG] I18N: Missing key 'Sciences Taxonomy Reader' in any of: [org.episteme.core.ui.i18n.messages_core]
[DEBUG] I18N: Missing key 'HDF5 Reader' in any of: [org.episteme.core.ui.i18n.messages_core]
[DEBUG] I18N: Missing key 'Reads HDF5 files with support for compression and large datasets.' in any of: [org.episteme.core.ui.i18n.messages_core]
[DEBUG] I18N: Missing key 'Sciences Taxonomy Reader' in any of: [org.episteme.core.ui.i18n.messages_core]
[DEBUG] I18N: Missing key 'Reader for the scientific disciplines taxonomy database.' in any of: [org.episteme.core.ui.i18n.messages_core]
[DEBUG] I18N: Missing key 'Zarr Reader' in any of: [org.episteme.core.ui.i18n.messages_core]
[DEBUG] I18N: Missing key 'Reads Zarr stores, optimized for cloud-native, chunked array storage.' in any of: [org.episteme.core.ui.i18n.messages_core]
[DEBUG] I18N: Missing key 'Scientific Data' in any of: [org.episteme.core.ui.i18n.messages_core]
[DEBUG] I18N: Missing key 'viewer.geometryboardviewer.param.showgrid' in any of: [org.episteme.core.ui.i18n.messages_core]
03:00:40.683 [JavaFX Application Thread] INFO org.episteme.core.mathematics.linearalgebra.matrices.RealDoubleMatrix -- RealDoubleMatrix internal operations will use provider: JBlas (Optimized) (Score: 90)
[DEBUG] I18N: Missing key 'distributions.type' in any of: [org.episteme.core.ui.i18n.messages_core]
[DEBUG] I18N: Missing key 'viewer.graph.name' in any of: [org.episteme.core.ui.i18n.messages_core]
[DEBUG] I18N: Missing key 'viewer.graph.desc' in any of: [org.episteme.core.ui.i18n.messages_core]
[DEBUG] I18N: Missing key 'mastercontrol.computing.title' in any of: [org.episteme.core.ui.i18n.messages_core]
[DEBUG] I18N: Missing key 'mastercontrol.computing.autotuning' in any of: [org.episteme.core.ui.i18n.messages_core]
[DEBUG] I18N: Missing key 'mastercontrol.computing.desc.autotuning' in any of: [org.episteme.core.ui.i18n.messages_core]
[DEBUG] I18N: Missing key 'mastercontrol.computing.threads' in any of: [org.episteme.core.ui.i18n.messages_core]
[DEBUG] I18N: Missing key 'mastercontrol.computing.desc.threads' in any of: [org.episteme.core.ui.i18n.messages_core]
[DEBUG] I18N: Missing key 'mastercontrol.computing.desc.epsilon' in any of: [org.episteme.core.ui.i18n.messages_core]
[DEBUG] I18N: Missing key 'mastercontrol.computing.desc.iterations' in any of: [org.episteme.core.ui.i18n.messages_core]
[DEBUG] I18N: Missing key 'mastercontrol.computing.autotuning' in any of: [org.episteme.core.ui.i18n.messages_core]
[DEBUG] I18N: Missing key 'mastercontrol.computing.threads' in any of: [org.episteme.core.ui.i18n.messages_core]
[DEBUG] I18N: Missing key 'mastercontrol.computing.desc.mode_alt' in any of: [org.episteme.core.ui.i18n.messages_core]
[DEBUG] I18N: Missing key 'lib.cpudense.name' in any of: [org.episteme.core.ui.i18n.messages_core]
[DEBUG] I18N: Missing key 'lib.cpudense.desc' in any of: [org.episteme.core.ui.i18n.messages_core]
[DEBUG] I18N: Missing key 'lib.cpusparse.name' in any of: [org.episteme.core.ui.i18n.messages_core]
[DEBUG] I18N: Missing key 'lib.cpusparse.desc' in any of: [org.episteme.core.ui.i18n.messages_core]
[DEBUG] I18N: Missing key 'lib.cpu-sparse.name' in any of: [org.episteme.core.ui.i18n.messages_core]
[DEBUG] I18N: Missing key 'lib.cpu-sparse.desc' in any of: [org.episteme.core.ui.i18n.messages_core]
[DEBUG] I18N: Missing key 'lib.distributed.name' in any of: [org.episteme.core.ui.i18n.messages_core]
[DEBUG] I18N: Missing key 'lib.distributed.desc' in any of: [org.episteme.core.ui.i18n.messages_core]
[DEBUG] I18N: Missing key 'lib.javasound.name' in any of: [org.episteme.core.ui.i18n.messages_core]
[DEBUG] I18N: Missing key 'lib.javasound.desc' in any of: [org.episteme.core.ui.i18n.messages_core]
[DEBUG] I18N: Missing key 'lib.minim.name' in any of: [org.episteme.core.ui.i18n.messages_core]
[DEBUG] I18N: Missing key 'lib.minim.desc' in any of: [org.episteme.core.ui.i18n.messages_core]
[DEBUG] I18N: Missing key 'lib.multicore-audio.name' in any of: [org.episteme.core.ui.i18n.messages_core]
[DEBUG] I18N: Missing key 'lib.multicore-audio.desc' in any of: [org.episteme.core.ui.i18n.messages_core]
[DEBUG] I18N: Missing key 'lib.tarsos.name' in any of: [org.episteme.core.ui.i18n.messages_core]
[DEBUG] I18N: Missing key 'lib.tarsos.desc' in any of: [org.episteme.core.ui.i18n.messages_core]
[DEBUG] I18N: Missing key 'AI/ML' in any of: [org.episteme.core.ui.i18n.messages_core]
[DEBUG] I18N: Missing key 'AI/Generative' in any of: [org.episteme.core.ui.i18n.messages_core]
[DEBUG] I18N: Missing key 'Bibliography' in any of: [org.episteme.core.ui.i18n.messages_core]
[DEBUG] I18N: Missing key 'AI/ML' in any of: [org.episteme.core.ui.i18n.messages_core]
[DEBUG] I18N: Missing key 'Mathematics' in any of: [org.episteme.core.ui.i18n.messages_core]
[DEBUG] I18N: Missing key 'Bibliography' in any of: [org.episteme.core.ui.i18n.messages_core]
[DEBUG] I18N: Missing key 'Scientific Data' in any of: [org.episteme.core.ui.i18n.messages_core]
[DEBUG] I18N: Missing key 'Mathematics' in any of: [org.episteme.core.ui.i18n.messages_core]
[DEBUG] I18N: Missing key 'OpenAI Model Reader' in any of: [org.episteme.core.ui.i18n.messages_core]
[DEBUG] I18N: Missing key 'Ollama Model Reader' in any of: [org.episteme.core.ui.i18n.messages_core]
[DEBUG] I18N: Missing key 'Ollama Model Reader' in any of: [org.episteme.core.ui.i18n.messages_core]
[DEBUG] I18N: Missing key 'Connects to local Ollama instance for LLM inference.' in any of: [org.episteme.core.ui.i18n.messages_core]
[DEBUG] I18N: Missing key 'OpenAI Model Reader' in any of: [org.episteme.core.ui.i18n.messages_core]
[DEBUG] I18N: Missing key 'Connects to OpenAI-compatible APIs.' in any of: [org.episteme.core.ui.i18n.messages_core]
[DEBUG] I18N: Missing key 'AI/Generative' in any of: [org.episteme.core.ui.i18n.messages_core]
[DEBUG] I18N: Missing key 'ONNX Model Loader' in any of: [org.episteme.core.ui.i18n.messages_core]
[DEBUG] I18N: Missing key 'Binary Model Loader' in any of: [org.episteme.core.ui.i18n.messages_core]
[DEBUG] I18N: Missing key 'Binary Model Loader' in any of: [org.episteme.core.ui.i18n.messages_core]
[DEBUG] I18N: Missing key 'Loads/Saves usage Java Serialization' in any of: [org.episteme.core.ui.i18n.messages_core]
[DEBUG] I18N: Missing key 'ONNX Model Loader' in any of: [org.episteme.core.ui.i18n.messages_core]
[DEBUG] I18N: Missing key 'Loads ONNX models using ONNX Runtime' in any of: [org.episteme.core.ui.i18n.messages_core]
[DEBUG] I18N: Missing key 'AI/ML' in any of: [org.episteme.core.ui.i18n.messages_core]
[DEBUG] I18N: Missing key 'Book Catalog Reader' in any of: [org.episteme.core.ui.i18n.messages_core]
[DEBUG] I18N: Missing key 'Article Catalog Reader' in any of: [org.episteme.core.ui.i18n.messages_core]
[DEBUG] I18N: Missing key 'CrossRef Connector' in any of: [org.episteme.core.ui.i18n.messages_core]
[DEBUG] I18N: Missing key 'Book Catalog Reader' in any of: [org.episteme.core.ui.i18n.messages_core]
[DEBUG] I18N: Missing key 'Article Catalog Reader' in any of: [org.episteme.core.ui.i18n.messages_core]
[DEBUG] I18N: Missing key 'Accesses and searches scientific article catalogs.' in any of: [org.episteme.core.ui.i18n.messages_core]
[DEBUG] I18N: Missing key 'Book Catalog Reader' in any of: [org.episteme.core.ui.i18n.messages_core]
[DEBUG] I18N: Missing key 'Accesses and searches bibliographical catalogs for books.' in any of: [org.episteme.core.ui.i18n.messages_core]
[DEBUG] I18N: Missing key 'CrossRef Connector' in any of: [org.episteme.core.ui.i18n.messages_core]
[DEBUG] I18N: Missing key 'Resolves DOIs to get publication metadata.' in any of: [org.episteme.core.ui.i18n.messages_core]
[DEBUG] I18N: Missing key 'Bibliography' in any of: [org.episteme.core.ui.i18n.messages_core]
[DEBUG] I18N: Missing key 'OpenMath Reader' in any of: [org.episteme.core.ui.i18n.messages_core]
[DEBUG] I18N: Missing key 'MathML Reader' in any of: [org.episteme.core.ui.i18n.messages_core]
[DEBUG] I18N: Missing key 'MathML Reader' in any of: [org.episteme.core.ui.i18n.messages_core]
[DEBUG] I18N: Missing key 'Reads mathematical expressions from MathML format' in any of: [org.episteme.core.ui.i18n.messages_core]
[DEBUG] I18N: Missing key 'OpenMath Reader' in any of: [org.episteme.core.ui.i18n.messages_core]
[DEBUG] I18N: Missing key 'Reads mathematical objects from OpenMath XML format' in any of: [org.episteme.core.ui.i18n.messages_core]
[DEBUG] I18N: Missing key 'Mathematics' in any of: [org.episteme.core.ui.i18n.messages_core]
[DEBUG] I18N: Missing key 'Sciences Taxonomy Reader' in any of: [org.episteme.core.ui.i18n.messages_core]
[DEBUG] I18N: Missing key 'HDF5 Reader' in any of: [org.episteme.core.ui.i18n.messages_core]
[DEBUG] I18N: Missing key 'Zarr Reader' in any of: [org.episteme.core.ui.i18n.messages_core]
[DEBUG] I18N: Missing key 'Sciences Taxonomy Reader' in any of: [org.episteme.core.ui.i18n.messages_core]
[DEBUG] I18N: Missing key 'HDF5 Reader' in any of: [org.episteme.core.ui.i18n.messages_core]
[DEBUG] I18N: Missing key 'Reads HDF5 files with support for compression and large datasets.' in any of: [org.episteme.core.ui.i18n.messages_core]
[DEBUG] I18N: Missing key 'Sciences Taxonomy Reader' in any of: [org.episteme.core.ui.i18n.messages_core]
[DEBUG] I18N: Missing key 'Reader for the scientific disciplines taxonomy database.' in any of: [org.episteme.core.ui.i18n.messages_core]
[DEBUG] I18N: Missing key 'Zarr Reader' in any of: [org.episteme.core.ui.i18n.messages_core]
[DEBUG] I18N: Missing key 'Reads Zarr stores, optimized for cloud-native, chunked array storage.' in any of: [org.episteme.core.ui.i18n.messages_core]
[DEBUG] I18N: Missing key 'Scientific Data' in any of: [org.episteme.core.ui.i18n.messages_core]
[DEBUG] I18N: Missing key 'viewer.geometryboardviewer.param.showgrid' in any of: [org.episteme.core.ui.i18n.messages_core]
03:00:56.602 [JavaFX Application Thread] INFO org.episteme.core.mathematics.linearalgebra.matrices.RealDoubleMatrix -- RealDoubleMatrix internal operations will use provider: JBlas (Optimized) (Score: 90)
[DEBUG] I18N: Missing key 'distributions.type' in any of: [org.episteme.core.ui.i18n.messages_core]
[DEBUG] I18N: Missing key 'viewer.graph.name' in any of: [org.episteme.core.ui.i18n.messages_core]
[DEBUG] I18N: Missing key 'viewer.graph.desc' in any of: [org.episteme.core.ui.i18n.messages_core]
[DEBUG] I18N: Missing key 'mastercontrol.computing.title' in any of: [org.episteme.core.ui.i18n.messages_core]
[DEBUG] I18N: Missing key 'mastercontrol.computing.autotuning' in any of: [org.episteme.core.ui.i18n.messages_core]
[DEBUG] I18N: Missing key 'mastercontrol.computing.desc.autotuning' in any of: [org.episteme.core.ui.i18n.messages_core]
[DEBUG] I18N: Missing key 'mastercontrol.computing.threads' in any of: [org.episteme.core.ui.i18n.messages_core]
[DEBUG] I18N: Missing key 'mastercontrol.computing.desc.threads' in any of: [org.episteme.core.ui.i18n.messages_core]
[DEBUG] I18N: Missing key 'mastercontrol.computing.desc.epsilon' in any of: [org.episteme.core.ui.i18n.messages_core]
[DEBUG] I18N: Missing key 'mastercontrol.computing.desc.iterations' in any of: [org.episteme.core.ui.i18n.messages_core]
[DEBUG] I18N: Missing key 'mastercontrol.computing.autotuning' in any of: [org.episteme.core.ui.i18n.messages_core]
[DEBUG] I18N: Missing key 'mastercontrol.computing.threads' in any of: [org.episteme.core.ui.i18n.messages_core]
[DEBUG] I18N: Missing key 'mastercontrol.computing.desc.mode_alt' in any of: [org.episteme.core.ui.i18n.messages_core]
[DEBUG] I18N: Missing key 'lib.cpudense.name' in any of: [org.episteme.core.ui.i18n.messages_core]
[DEBUG] I18N: Missing key 'lib.cpudense.desc' in any of: [org.episteme.core.ui.i18n.messages_core]
[DEBUG] I18N: Missing key 'lib.cpusparse.name' in any of: [org.episteme.core.ui.i18n.messages_core]
[DEBUG] I18N: Missing key 'lib.cpusparse.desc' in any of: [org.episteme.core.ui.i18n.messages_core]
[DEBUG] I18N: Missing key 'lib.cpu-sparse.name' in any of: [org.episteme.core.ui.i18n.messages_core]
[DEBUG] I18N: Missing key 'lib.cpu-sparse.desc' in any of: [org.episteme.core.ui.i18n.messages_core]
[DEBUG] I18N: Missing key 'lib.distributed.name' in any of: [org.episteme.core.ui.i18n.messages_core]
[DEBUG] I18N: Missing key 'lib.distributed.desc' in any of: [org.episteme.core.ui.i18n.messages_core]
[DEBUG] I18N: Missing key 'lib.javasound.name' in any of: [org.episteme.core.ui.i18n.messages_core]
[DEBUG] I18N: Missing key 'lib.javasound.desc' in any of: [org.episteme.core.ui.i18n.messages_core]
[DEBUG] I18N: Missing key 'lib.minim.name' in any of: [org.episteme.core.ui.i18n.messages_core]
[DEBUG] I18N: Missing key 'lib.minim.desc' in any of: [org.episteme.core.ui.i18n.messages_core]
[DEBUG] I18N: Missing key 'lib.multicore-audio.name' in any of: [org.episteme.core.ui.i18n.messages_core]
[DEBUG] I18N: Missing key 'lib.multicore-audio.desc' in any of: [org.episteme.core.ui.i18n.messages_core]
[DEBUG] I18N: Missing key 'lib.tarsos.name' in any of: [org.episteme.core.ui.i18n.messages_core]
[DEBUG] I18N: Missing key 'lib.tarsos.desc' in any of: [org.episteme.core.ui.i18n.messages_core]
[DEBUG] I18N: Missing key 'AI/ML' in any of: [org.episteme.core.ui.i18n.messages_core]
[DEBUG] I18N: Missing key 'AI/Generative' in any of: [org.episteme.core.ui.i18n.messages_core]
[DEBUG] I18N: Missing key 'Bibliography' in any of: [org.episteme.core.ui.i18n.messages_core]
[DEBUG] I18N: Missing key 'AI/ML' in any of: [org.episteme.core.ui.i18n.messages_core]
[DEBUG] I18N: Missing key 'Mathematics' in any of: [org.episteme.core.ui.i18n.messages_core]
[DEBUG] I18N: Missing key 'Bibliography' in any of: [org.episteme.core.ui.i18n.messages_core]
[DEBUG] I18N: Missing key 'Scientific Data' in any of: [org.episteme.core.ui.i18n.messages_core]
[DEBUG] I18N: Missing key 'Mathematics' in any of: [org.episteme.core.ui.i18n.messages_core]
[DEBUG] I18N: Missing key 'OpenAI Model Reader' in any of: [org.episteme.core.ui.i18n.messages_core]
[DEBUG] I18N: Missing key 'Ollama Model Reader' in any of: [org.episteme.core.ui.i18n.messages_core]
[DEBUG] I18N: Missing key 'Ollama Model Reader' in any of: [org.episteme.core.ui.i18n.messages_core]
[DEBUG] I18N: Missing key 'Connects to local Ollama instance for LLM inference.' in any of: [org.episteme.core.ui.i18n.messages_core]
[DEBUG] I18N: Missing key 'OpenAI Model Reader' in any of: [org.episteme.core.ui.i18n.messages_core]
[DEBUG] I18N: Missing key 'Connects to OpenAI-compatible APIs.' in any of: [org.episteme.core.ui.i18n.messages_core]
[DEBUG] I18N: Missing key 'AI/Generative' in any of: [org.episteme.core.ui.i18n.messages_core]
[DEBUG] I18N: Missing key 'ONNX Model Loader' in any of: [org.episteme.core.ui.i18n.messages_core]
[DEBUG] I18N: Missing key 'Binary Model Loader' in any of: [org.episteme.core.ui.i18n.messages_core]
[DEBUG] I18N: Missing key 'Binary Model Loader' in any of: [org.episteme.core.ui.i18n.messages_core]
[DEBUG] I18N: Missing key 'Loads/Saves usage Java Serialization' in any of: [org.episteme.core.ui.i18n.messages_core]
[DEBUG] I18N: Missing key 'ONNX Model Loader' in any of: [org.episteme.core.ui.i18n.messages_core]
[DEBUG] I18N: Missing key 'Loads ONNX models using ONNX Runtime' in any of: [org.episteme.core.ui.i18n.messages_core]
[DEBUG] I18N: Missing key 'AI/ML' in any of: [org.episteme.core.ui.i18n.messages_core]
[DEBUG] I18N: Missing key 'Book Catalog Reader' in any of: [org.episteme.core.ui.i18n.messages_core]
[DEBUG] I18N: Missing key 'Article Catalog Reader' in any of: [org.episteme.core.ui.i18n.messages_core]
[DEBUG] I18N: Missing key 'CrossRef Connector' in any of: [org.episteme.core.ui.i18n.messages_core]
[DEBUG] I18N: Missing key 'Book Catalog Reader' in any of: [org.episteme.core.ui.i18n.messages_core]
[DEBUG] I18N: Missing key 'Article Catalog Reader' in any of: [org.episteme.core.ui.i18n.messages_core]
[DEBUG] I18N: Missing key 'Accesses and searches scientific article catalogs.' in any of: [org.episteme.core.ui.i18n.messages_core]
[DEBUG] I18N: Missing key 'Book Catalog Reader' in any of: [org.episteme.core.ui.i18n.messages_core]
[DEBUG] I18N: Missing key 'Accesses and searches bibliographical catalogs for books.' in any of: [org.episteme.core.ui.i18n.messages_core]
[DEBUG] I18N: Missing key 'CrossRef Connector' in any of: [org.episteme.core.ui.i18n.messages_core]
[DEBUG] I18N: Missing key 'Resolves DOIs to get publication metadata.' in any of: [org.episteme.core.ui.i18n.messages_core]
[DEBUG] I18N: Missing key 'Bibliography' in any of: [org.episteme.core.ui.i18n.messages_core]
[DEBUG] I18N: Missing key 'OpenMath Reader' in any of: [org.episteme.core.ui.i18n.messages_core]
[DEBUG] I18N: Missing key 'MathML Reader' in any of: [org.episteme.core.ui.i18n.messages_core]
[DEBUG] I18N: Missing key 'MathML Reader' in any of: [org.episteme.core.ui.i18n.messages_core]
[DEBUG] I18N: Missing key 'Reads mathematical expressions from MathML format' in any of: [org.episteme.core.ui.i18n.messages_core]
[DEBUG] I18N: Missing key 'OpenMath Reader' in any of: [org.episteme.core.ui.i18n.messages_core]
[DEBUG] I18N: Missing key 'Reads mathematical objects from OpenMath XML format' in any of: [org.episteme.core.ui.i18n.messages_core]
[DEBUG] I18N: Missing key 'Mathematics' in any of: [org.episteme.core.ui.i18n.messages_core]
[DEBUG] I18N: Missing key 'Sciences Taxonomy Reader' in any of: [org.episteme.core.ui.i18n.messages_core]
[DEBUG] I18N: Missing key 'HDF5 Reader' in any of: [org.episteme.core.ui.i18n.messages_core]
[DEBUG] I18N: Missing key 'Zarr Reader' in any of: [org.episteme.core.ui.i18n.messages_core]
[DEBUG] I18N: Missing key 'Sciences Taxonomy Reader' in any of: [org.episteme.core.ui.i18n.messages_core]
[DEBUG] I18N: Missing key 'HDF5 Reader' in any of: [org.episteme.core.ui.i18n.messages_core]
[DEBUG] I18N: Missing key 'Reads HDF5 files with support for compression and large datasets.' in any of: [org.episteme.core.ui.i18n.messages_core]
[DEBUG] I18N: Missing key 'Sciences Taxonomy Reader' in any of: [org.episteme.core.ui.i18n.messages_core]
[DEBUG] I18N: Missing key 'Reader for the scientific disciplines taxonomy database.' in any of: [org.episteme.core.ui.i18n.messages_core]
[DEBUG] I18N: Missing key 'Zarr Reader' in any of: [org.episteme.core.ui.i18n.messages_core]
[DEBUG] I18N: Missing key 'Reads Zarr stores, optimized for cloud-native, chunked array storage.' in any of: [org.episteme.core.ui.i18n.messages_core]
[DEBUG] I18N: Missing key 'Scientific Data' in any of: [org.episteme.core.ui.i18n.messages_core]
[DEBUG] I18N: Missing key 'viewer.geometryboardviewer.param.showgrid' in any of: [org.episteme.core.ui.i18n.messages_core]
03:01:11.485 [JavaFX Application Thread] INFO org.episteme.core.mathematics.linearalgebra.matrices.RealDoubleMatrix -- RealDoubleMatrix internal operations will use provider: JBlas (Optimized) (Score: 90)
[DEBUG] I18N: Missing key 'distributions.type' in any of: [org.episteme.core.ui.i18n.messages_core]
[DEBUG] I18N: Missing key 'viewer.graph.name' in any of: [org.episteme.core.ui.i18n.messages_core]
[DEBUG] I18N: Missing key 'viewer.graph.desc' in any of: [org.episteme.core.ui.i18n.messages_core]
[DEBUG] I18N: Missing key 'mastercontrol.computing.title' in any of: [org.episteme.core.ui.i18n.messages_core]
[DEBUG] I18N: Missing key 'mastercontrol.computing.autotuning' in any of: [org.episteme.core.ui.i18n.messages_core]
[DEBUG] I18N: Missing key 'mastercontrol.computing.desc.autotuning' in any of: [org.episteme.core.ui.i18n.messages_core]
[DEBUG] I18N: Missing key 'mastercontrol.computing.threads' in any of: [org.episteme.core.ui.i18n.messages_core]
[DEBUG] I18N: Missing key 'mastercontrol.computing.desc.threads' in any of: [org.episteme.core.ui.i18n.messages_core]
[DEBUG] I18N: Missing key 'mastercontrol.computing.desc.epsilon' in any of: [org.episteme.core.ui.i18n.messages_core]
[DEBUG] I18N: Missing key 'mastercontrol.computing.desc.iterations' in any of: [org.episteme.core.ui.i18n.messages_core]
[DEBUG] I18N: Missing key 'mastercontrol.computing.autotuning' in any of: [org.episteme.core.ui.i18n.messages_core]
[DEBUG] I18N: Missing key 'mastercontrol.computing.threads' in any of: [org.episteme.core.ui.i18n.messages_core]
[DEBUG] I18N: Missing key 'mastercontrol.computing.desc.mode_alt' in any of: [org.episteme.core.ui.i18n.messages_core]
[DEBUG] I18N: Missing key 'lib.cpudense.name' in any of: [org.episteme.core.ui.i18n.messages_core]
[DEBUG] I18N: Missing key 'lib.cpudense.desc' in any of: [org.episteme.core.ui.i18n.messages_core]
[DEBUG] I18N: Missing key 'lib.cpusparse.name' in any of: [org.episteme.core.ui.i18n.messages_core]
[DEBUG] I18N: Missing key 'lib.cpusparse.desc' in any of: [org.episteme.core.ui.i18n.messages_core]
[DEBUG] I18N: Missing key 'lib.cpu-sparse.name' in any of: [org.episteme.core.ui.i18n.messages_core]
[DEBUG] I18N: Missing key 'lib.cpu-sparse.desc' in any of: [org.episteme.core.ui.i18n.messages_core]
[DEBUG] I18N: Missing key 'lib.distributed.name' in any of: [org.episteme.core.ui.i18n.messages_core]
[DEBUG] I18N: Missing key 'lib.distributed.desc' in any of: [org.episteme.core.ui.i18n.messages_core]
[DEBUG] I18N: Missing key 'lib.javasound.name' in any of: [org.episteme.core.ui.i18n.messages_core]
[DEBUG] I18N: Missing key 'lib.javasound.desc' in any of: [org.episteme.core.ui.i18n.messages_core]
[DEBUG] I18N: Missing key 'lib.minim.name' in any of: [org.episteme.core.ui.i18n.messages_core]
[DEBUG] I18N: Missing key 'lib.minim.desc' in any of: [org.episteme.core.ui.i18n.messages_core]
[DEBUG] I18N: Missing key 'lib.multicore-audio.name' in any of: [org.episteme.core.ui.i18n.messages_core]
[DEBUG] I18N: Missing key 'lib.multicore-audio.desc' in any of: [org.episteme.core.ui.i18n.messages_core]
[DEBUG] I18N: Missing key 'lib.tarsos.name' in any of: [org.episteme.core.ui.i18n.messages_core]
[DEBUG] I18N: Missing key 'lib.tarsos.desc' in any of: [org.episteme.core.ui.i18n.messages_core]
[DEBUG] I18N: Missing key 'AI/ML' in any of: [org.episteme.core.ui.i18n.messages_core]
[DEBUG] I18N: Missing key 'AI/Generative' in any of: [org.episteme.core.ui.i18n.messages_core]
[DEBUG] I18N: Missing key 'Bibliography' in any of: [org.episteme.core.ui.i18n.messages_core]
[DEBUG] I18N: Missing key 'AI/ML' in any of: [org.episteme.core.ui.i18n.messages_core]
[DEBUG] I18N: Missing key 'Mathematics' in any of: [org.episteme.core.ui.i18n.messages_core]
[DEBUG] I18N: Missing key 'Bibliography' in any of: [org.episteme.core.ui.i18n.messages_core]
[DEBUG] I18N: Missing key 'Scientific Data' in any of: [org.episteme.core.ui.i18n.messages_core]
[DEBUG] I18N: Missing key 'Mathematics' in any of: [org.episteme.core.ui.i18n.messages_core]
[DEBUG] I18N: Missing key 'OpenAI Model Reader' in any of: [org.episteme.core.ui.i18n.messages_core]
[DEBUG] I18N: Missing key 'Ollama Model Reader' in any of: [org.episteme.core.ui.i18n.messages_core]
[DEBUG] I18N: Missing key 'Ollama Model Reader' in any of: [org.episteme.core.ui.i18n.messages_core]
[DEBUG] I18N: Missing key 'Connects to local Ollama instance for LLM inference.' in any of: [org.episteme.core.ui.i18n.messages_core]
[DEBUG] I18N: Missing key 'OpenAI Model Reader' in any of: [org.episteme.core.ui.i18n.messages_core]
[DEBUG] I18N: Missing key 'Connects to OpenAI-compatible APIs.' in any of: [org.episteme.core.ui.i18n.messages_core]
[DEBUG] I18N: Missing key 'AI/Generative' in any of: [org.episteme.core.ui.i18n.messages_core]
[DEBUG] I18N: Missing key 'ONNX Model Loader' in any of: [org.episteme.core.ui.i18n.messages_core]
[DEBUG] I18N: Missing key 'Binary Model Loader' in any of: [org.episteme.core.ui.i18n.messages_core]
[DEBUG] I18N: Missing key 'Binary Model Loader' in any of: [org.episteme.core.ui.i18n.messages_core]
[DEBUG] I18N: Missing key 'Loads/Saves usage Java Serialization' in any of: [org.episteme.core.ui.i18n.messages_core]
[DEBUG] I18N: Missing key 'ONNX Model Loader' in any of: [org.episteme.core.ui.i18n.messages_core]
[DEBUG] I18N: Missing key 'Loads ONNX models using ONNX Runtime' in any of: [org.episteme.core.ui.i18n.messages_core]
[DEBUG] I18N: Missing key 'AI/ML' in any of: [org.episteme.core.ui.i18n.messages_core]
[DEBUG] I18N: Missing key 'Book Catalog Reader' in any of: [org.episteme.core.ui.i18n.messages_core]
[DEBUG] I18N: Missing key 'Article Catalog Reader' in any of: [org.episteme.core.ui.i18n.messages_core]
[DEBUG] I18N: Missing key 'CrossRef Connector' in any of: [org.episteme.core.ui.i18n.messages_core]
[DEBUG] I18N: Missing key 'Book Catalog Reader' in any of: [org.episteme.core.ui.i18n.messages_core]
[DEBUG] I18N: Missing key 'Article Catalog Reader' in any of: [org.episteme.core.ui.i18n.messages_core]
[DEBUG] I18N: Missing key 'Accesses and searches scientific article catalogs.' in any of: [org.episteme.core.ui.i18n.messages_core]
[DEBUG] I18N: Missing key 'Book Catalog Reader' in any of: [org.episteme.core.ui.i18n.messages_core]
[DEBUG] I18N: Missing key 'Accesses and searches bibliographical catalogs for books.' in any of: [org.episteme.core.ui.i18n.messages_core]
[DEBUG] I18N: Missing key 'CrossRef Connector' in any of: [org.episteme.core.ui.i18n.messages_core]
[DEBUG] I18N: Missing key 'Resolves DOIs to get publication metadata.' in any of: [org.episteme.core.ui.i18n.messages_core]
[DEBUG] I18N: Missing key 'Bibliography' in any of: [org.episteme.core.ui.i18n.messages_core]
[DEBUG] I18N: Missing key 'OpenMath Reader' in any of: [org.episteme.core.ui.i18n.messages_core]
[DEBUG] I18N: Missing key 'MathML Reader' in any of: [org.episteme.core.ui.i18n.messages_core]
[DEBUG] I18N: Missing key 'MathML Reader' in any of: [org.episteme.core.ui.i18n.messages_core]
[DEBUG] I18N: Missing key 'Reads mathematical expressions from MathML format' in any of: [org.episteme.core.ui.i18n.messages_core]
[DEBUG] I18N: Missing key 'OpenMath Reader' in any of: [org.episteme.core.ui.i18n.messages_core]
[DEBUG] I18N: Missing key 'Reads mathematical objects from OpenMath XML format' in any of: [org.episteme.core.ui.i18n.messages_core]
[DEBUG] I18N: Missing key 'Mathematics' in any of: [org.episteme.core.ui.i18n.messages_core]
[DEBUG] I18N: Missing key 'Sciences Taxonomy Reader' in any of: [org.episteme.core.ui.i18n.messages_core]
[DEBUG] I18N: Missing key 'HDF5 Reader' in any of: [org.episteme.core.ui.i18n.messages_core]
[DEBUG] I18N: Missing key 'Zarr Reader' in any of: [org.episteme.core.ui.i18n.messages_core]
[DEBUG] I18N: Missing key 'Sciences Taxonomy Reader' in any of: [org.episteme.core.ui.i18n.messages_core]
[DEBUG] I18N: Missing key 'HDF5 Reader' in any of: [org.episteme.core.ui.i18n.messages_core]
[DEBUG] I18N: Missing key 'Reads HDF5 files with support for compression and large datasets.' in any of: [org.episteme.core.ui.i18n.messages_core]
[DEBUG] I18N: Missing key 'Sciences Taxonomy Reader' in any of: [org.episteme.core.ui.i18n.messages_core]
[DEBUG] I18N: Missing key 'Reader for the scientific disciplines taxonomy database.' in any of: [org.episteme.core.ui.i18n.messages_core]
[DEBUG] I18N: Missing key 'Zarr Reader' in any of: [org.episteme.core.ui.i18n.messages_core]
[DEBUG] I18N: Missing key 'Reads Zarr stores, optimized for cloud-native, chunked array storage.' in any of: [org.episteme.core.ui.i18n.messages_core]
[DEBUG] I18N: Missing key 'Scientific Data' in any of: [org.episteme.core.ui.i18n.messages_core]
[DEBUG] I18N: Missing key 'viewer.geometryboardviewer.param.showgrid' in any of: [org.episteme.core.ui.i18n.messages_core]
03:01:25.447 [JavaFX Application Thread] INFO org.episteme.core.mathematics.linearalgebra.matrices.RealDoubleMatrix -- RealDoubleMatrix internal operations will use provider: JBlas (Optimized) (Score: 90)
[DEBUG] I18N: Missing key 'distributions.type' in any of: [org.episteme.core.ui.i18n.messages_core]
[DEBUG] I18N: Missing key 'viewer.graph.name' in any of: [org.episteme.core.ui.i18n.messages_core]
[DEBUG] I18N: Missing key 'viewer.graph.desc' in any of: [org.episteme.core.ui.i18n.messages_core]
[DEBUG] I18N: Missing key 'mastercontrol.computing.title' in any of: [org.episteme.core.ui.i18n.messages_core]
[DEBUG] I18N: Missing key 'mastercontrol.computing.autotuning' in any of: [org.episteme.core.ui.i18n.messages_core]
[DEBUG] I18N: Missing key 'mastercontrol.computing.desc.autotuning' in any of: [org.episteme.core.ui.i18n.messages_core]
[DEBUG] I18N: Missing key 'mastercontrol.computing.threads' in any of: [org.episteme.core.ui.i18n.messages_core]
[DEBUG] I18N: Missing key 'mastercontrol.computing.desc.threads' in any of: [org.episteme.core.ui.i18n.messages_core]
[DEBUG] I18N: Missing key 'mastercontrol.computing.desc.epsilon' in any of: [org.episteme.core.ui.i18n.messages_core]
[DEBUG] I18N: Missing key 'mastercontrol.computing.desc.iterations' in any of: [org.episteme.core.ui.i18n.messages_core]
[DEBUG] I18N: Missing key 'mastercontrol.computing.autotuning' in any of: [org.episteme.core.ui.i18n.messages_core]
[DEBUG] I18N: Missing key 'mastercontrol.computing.threads' in any of: [org.episteme.core.ui.i18n.messages_core]
[DEBUG] I18N: Missing key 'mastercontrol.computing.desc.mode_alt' in any of: [org.episteme.core.ui.i18n.messages_core]
[DEBUG] I18N: Missing key 'lib.cpudense.name' in any of: [org.episteme.core.ui.i18n.messages_core]
[DEBUG] I18N: Missing key 'lib.cpudense.desc' in any of: [org.episteme.core.ui.i18n.messages_core]
[DEBUG] I18N: Missing key 'lib.cpusparse.name' in any of: [org.episteme.core.ui.i18n.messages_core]
[DEBUG] I18N: Missing key 'lib.cpusparse.desc' in any of: [org.episteme.core.ui.i18n.messages_core]
[DEBUG] I18N: Missing key 'lib.cpu-sparse.name' in any of: [org.episteme.core.ui.i18n.messages_core]
[DEBUG] I18N: Missing key 'lib.cpu-sparse.desc' in any of: [org.episteme.core.ui.i18n.messages_core]
[DEBUG] I18N: Missing key 'lib.distributed.name' in any of: [org.episteme.core.ui.i18n.messages_core]
[DEBUG] I18N: Missing key 'lib.distributed.desc' in any of: [org.episteme.core.ui.i18n.messages_core]
[DEBUG] I18N: Missing key 'lib.javasound.name' in any of: [org.episteme.core.ui.i18n.messages_core]
[DEBUG] I18N: Missing key 'lib.javasound.desc' in any of: [org.episteme.core.ui.i18n.messages_core]
[DEBUG] I18N: Missing key 'lib.minim.name' in any of: [org.episteme.core.ui.i18n.messages_core]
[DEBUG] I18N: Missing key 'lib.minim.desc' in any of: [org.episteme.core.ui.i18n.messages_core]
[DEBUG] I18N: Missing key 'lib.multicore-audio.name' in any of: [org.episteme.core.ui.i18n.messages_core]
[DEBUG] I18N: Missing key 'lib.multicore-audio.desc' in any of: [org.episteme.core.ui.i18n.messages_core]
[DEBUG] I18N: Missing key 'lib.tarsos.name' in any of: [org.episteme.core.ui.i18n.messages_core]
[DEBUG] I18N: Missing key 'lib.tarsos.desc' in any of: [org.episteme.core.ui.i18n.messages_core]
[DEBUG] I18N: Missing key 'AI/ML' in any of: [org.episteme.core.ui.i18n.messages_core]
[DEBUG] I18N: Missing key 'AI/Generative' in any of: [org.episteme.core.ui.i18n.messages_core]
[DEBUG] I18N: Missing key 'Bibliography' in any of: [org.episteme.core.ui.i18n.messages_core]
[DEBUG] I18N: Missing key 'AI/ML' in any of: [org.episteme.core.ui.i18n.messages_core]
[DEBUG] I18N: Missing key 'Mathematics' in any of: [org.episteme.core.ui.i18n.messages_core]
[DEBUG] I18N: Missing key 'Bibliography' in any of: [org.episteme.core.ui.i18n.messages_core]
[DEBUG] I18N: Missing key 'Scientific Data' in any of: [org.episteme.core.ui.i18n.messages_core]
[DEBUG] I18N: Missing key 'Mathematics' in any of: [org.episteme.core.ui.i18n.messages_core]
[DEBUG] I18N: Missing key 'OpenAI Model Reader' in any of: [org.episteme.core.ui.i18n.messages_core]
[DEBUG] I18N: Missing key 'Ollama Model Reader' in any of: [org.episteme.core.ui.i18n.messages_core]
[DEBUG] I18N: Missing key 'Ollama Model Reader' in any of: [org.episteme.core.ui.i18n.messages_core]
[DEBUG] I18N: Missing key 'Connects to local Ollama instance for LLM inference.' in any of: [org.episteme.core.ui.i18n.messages_core]
[DEBUG] I18N: Missing key 'OpenAI Model Reader' in any of: [org.episteme.core.ui.i18n.messages_core]
[DEBUG] I18N: Missing key 'Connects to OpenAI-compatible APIs.' in any of: [org.episteme.core.ui.i18n.messages_core]
[DEBUG] I18N: Missing key 'AI/Generative' in any of: [org.episteme.core.ui.i18n.messages_core]
[DEBUG] I18N: Missing key 'ONNX Model Loader' in any of: [org.episteme.core.ui.i18n.messages_core]
[DEBUG] I18N: Missing key 'Binary Model Loader' in any of: [org.episteme.core.ui.i18n.messages_core]
[DEBUG] I18N: Missing key 'Binary Model Loader' in any of: [org.episteme.core.ui.i18n.messages_core]
[DEBUG] I18N: Missing key 'Loads/Saves usage Java Serialization' in any of: [org.episteme.core.ui.i18n.messages_core]
[DEBUG] I18N: Missing key 'ONNX Model Loader' in any of: [org.episteme.core.ui.i18n.messages_core]
[DEBUG] I18N: Missing key 'Loads ONNX models using ONNX Runtime' in any of: [org.episteme.core.ui.i18n.messages_core]
[DEBUG] I18N: Missing key 'AI/ML' in any of: [org.episteme.core.ui.i18n.messages_core]
[DEBUG] I18N: Missing key 'Book Catalog Reader' in any of: [org.episteme.core.ui.i18n.messages_core]
[DEBUG] I18N: Missing key 'Article Catalog Reader' in any of: [org.episteme.core.ui.i18n.messages_core]
[DEBUG] I18N: Missing key 'CrossRef Connector' in any of: [org.episteme.core.ui.i18n.messages_core]
[DEBUG] I18N: Missing key 'Book Catalog Reader' in any of: [org.episteme.core.ui.i18n.messages_core]
[DEBUG] I18N: Missing key 'Article Catalog Reader' in any of: [org.episteme.core.ui.i18n.messages_core]
[DEBUG] I18N: Missing key 'Accesses and searches scientific article catalogs.' in any of: [org.episteme.core.ui.i18n.messages_core]
[DEBUG] I18N: Missing key 'Book Catalog Reader' in any of: [org.episteme.core.ui.i18n.messages_core]
[DEBUG] I18N: Missing key 'Accesses and searches bibliographical catalogs for books.' in any of: [org.episteme.core.ui.i18n.messages_core]
[DEBUG] I18N: Missing key 'CrossRef Connector' in any of: [org.episteme.core.ui.i18n.messages_core]
[DEBUG] I18N: Missing key 'Resolves DOIs to get publication metadata.' in any of: [org.episteme.core.ui.i18n.messages_core]
[DEBUG] I18N: Missing key 'Bibliography' in any of: [org.episteme.core.ui.i18n.messages_core]
[DEBUG] I18N: Missing key 'OpenMath Reader' in any of: [org.episteme.core.ui.i18n.messages_core]
[DEBUG] I18N: Missing key 'MathML Reader' in any of: [org.episteme.core.ui.i18n.messages_core]
[DEBUG] I18N: Missing key 'MathML Reader' in any of: [org.episteme.core.ui.i18n.messages_core]
[DEBUG] I18N: Missing key 'Reads mathematical expressions from MathML format' in any of: [org.episteme.core.ui.i18n.messages_core]
[DEBUG] I18N: Missing key 'OpenMath Reader' in any of: [org.episteme.core.ui.i18n.messages_core]
[DEBUG] I18N: Missing key 'Reads mathematical objects from OpenMath XML format' in any of: [org.episteme.core.ui.i18n.messages_core]
[DEBUG] I18N: Missing key 'Mathematics' in any of: [org.episteme.core.ui.i18n.messages_core]
[DEBUG] I18N: Missing key 'Sciences Taxonomy Reader' in any of: [org.episteme.core.ui.i18n.messages_core]
[DEBUG] I18N: Missing key 'HDF5 Reader' in any of: [org.episteme.core.ui.i18n.messages_core]
[DEBUG] I18N: Missing key 'Zarr Reader' in any of: [org.episteme.core.ui.i18n.messages_core]
[DEBUG] I18N: Missing key 'Sciences Taxonomy Reader' in any of: [org.episteme.core.ui.i18n.messages_core]
[DEBUG] I18N: Missing key 'HDF5 Reader' in any of: [org.episteme.core.ui.i18n.messages_core]
[DEBUG] I18N: Missing key 'Reads HDF5 files with support for compression and large datasets.' in any of: [org.episteme.core.ui.i18n.messages_core]
[DEBUG] I18N: Missing key 'Sciences Taxonomy Reader' in any of: [org.episteme.core.ui.i18n.messages_core]
[DEBUG] I18N: Missing key 'Reader for the scientific disciplines taxonomy database.' in any of: [org.episteme.core.ui.i18n.messages_core]
[DEBUG] I18N: Missing key 'Zarr Reader' in any of: [org.episteme.core.ui.i18n.messages_core]
[DEBUG] I18N: Missing key 'Reads Zarr stores, optimized for cloud-native, chunked array storage.' in any of: [org.episteme.core.ui.i18n.messages_core]
[DEBUG] I18N: Missing key 'Scientific Data' in any of: [org.episteme.core.ui.i18n.messages_core]
[DEBUG] I18N: Missing key 'viewer.geometryboardviewer.param.showgrid' in any of: [org.episteme.core.ui.i18n.messages_core]
03:01:37.208 [JavaFX Application Thread] INFO org.episteme.core.mathematics.linearalgebra.matrices.RealDoubleMatrix -- RealDoubleMatrix internal operations will use provider: JBlas (Optimized) (Score: 90)
[DEBUG] I18N: Missing key 'distributions.type' in any of: [org.episteme.core.ui.i18n.messages_core]
[DEBUG] I18N: Missing key 'viewer.graph.name' in any of: [org.episteme.core.ui.i18n.messages_core]
[DEBUG] I18N: Missing key 'viewer.graph.desc' in any of: [org.episteme.core.ui.i18n.messages_core]
[DEBUG] I18N: Missing key 'mastercontrol.computing.title' in any of: [org.episteme.core.ui.i18n.messages_core]
[DEBUG] I18N: Missing key 'mastercontrol.computing.autotuning' in any of: [org.episteme.core.ui.i18n.messages_core]
[DEBUG] I18N: Missing key 'mastercontrol.computing.desc.autotuning' in any of: [org.episteme.core.ui.i18n.messages_core]
[DEBUG] I18N: Missing key 'mastercontrol.computing.threads' in any of: [org.episteme.core.ui.i18n.messages_core]
[DEBUG] I18N: Missing key 'mastercontrol.computing.desc.threads' in any of: [org.episteme.core.ui.i18n.messages_core]
[DEBUG] I18N: Missing key 'mastercontrol.computing.desc.epsilon' in any of: [org.episteme.core.ui.i18n.messages_core]
[DEBUG] I18N: Missing key 'mastercontrol.computing.desc.iterations' in any of: [org.episteme.core.ui.i18n.messages_core]
[DEBUG] I18N: Missing key 'mastercontrol.computing.autotuning' in any of: [org.episteme.core.ui.i18n.messages_core]
[DEBUG] I18N: Missing key 'mastercontrol.computing.threads' in any of: [org.episteme.core.ui.i18n.messages_core]
[DEBUG] I18N: Missing key 'mastercontrol.computing.desc.mode_alt' in any of: [org.episteme.core.ui.i18n.messages_core]
[DEBUG] I18N: Missing key 'lib.cpudense.name' in any of: [org.episteme.core.ui.i18n.messages_core]
[DEBUG] I18N: Missing key 'lib.cpudense.desc' in any of: [org.episteme.core.ui.i18n.messages_core]
[DEBUG] I18N: Missing key 'lib.cpusparse.name' in any of: [org.episteme.core.ui.i18n.messages_core]
[DEBUG] I18N: Missing key 'lib.cpusparse.desc' in any of: [org.episteme.core.ui.i18n.messages_core]
[DEBUG] I18N: Missing key 'lib.cpu-sparse.name' in any of: [org.episteme.core.ui.i18n.messages_core]
[DEBUG] I18N: Missing key 'lib.cpu-sparse.desc' in any of: [org.episteme.core.ui.i18n.messages_core]
[DEBUG] I18N: Missing key 'lib.distributed.name' in any of: [org.episteme.core.ui.i18n.messages_core]
[DEBUG] I18N: Missing key 'lib.distributed.desc' in any of: [org.episteme.core.ui.i18n.messages_core]
[DEBUG] I18N: Missing key 'lib.javasound.name' in any of: [org.episteme.core.ui.i18n.messages_core]
[DEBUG] I18N: Missing key 'lib.javasound.desc' in any of: [org.episteme.core.ui.i18n.messages_core]
[DEBUG] I18N: Missing key 'lib.minim.name' in any of: [org.episteme.core.ui.i18n.messages_core]
[DEBUG] I18N: Missing key 'lib.minim.desc' in any of: [org.episteme.core.ui.i18n.messages_core]
[DEBUG] I18N: Missing key 'lib.multicore-audio.name' in any of: [org.episteme.core.ui.i18n.messages_core]
[DEBUG] I18N: Missing key 'lib.multicore-audio.desc' in any of: [org.episteme.core.ui.i18n.messages_core]
[DEBUG] I18N: Missing key 'lib.tarsos.name' in any of: [org.episteme.core.ui.i18n.messages_core]
[DEBUG] I18N: Missing key 'lib.tarsos.desc' in any of: [org.episteme.core.ui.i18n.messages_core]
[DEBUG] I18N: Missing key 'AI/ML' in any of: [org.episteme.core.ui.i18n.messages_core]
[DEBUG] I18N: Missing key 'AI/Generative' in any of: [org.episteme.core.ui.i18n.messages_core]
[DEBUG] I18N: Missing key 'Bibliography' in any of: [org.episteme.core.ui.i18n.messages_core]
[DEBUG] I18N: Missing key 'AI/ML' in any of: [org.episteme.core.ui.i18n.messages_core]
[DEBUG] I18N: Missing key 'Mathematics' in any of: [org.episteme.core.ui.i18n.messages_core]
[DEBUG] I18N: Missing key 'Bibliography' in any of: [org.episteme.core.ui.i18n.messages_core]
[DEBUG] I18N: Missing key 'Scientific Data' in any of: [org.episteme.core.ui.i18n.messages_core]
[DEBUG] I18N: Missing key 'Mathematics' in any of: [org.episteme.core.ui.i18n.messages_core]
[DEBUG] I18N: Missing key 'OpenAI Model Reader' in any of: [org.episteme.core.ui.i18n.messages_core]
[DEBUG] I18N: Missing key 'Ollama Model Reader' in any of: [org.episteme.core.ui.i18n.messages_core]
[DEBUG] I18N: Missing key 'Ollama Model Reader' in any of: [org.episteme.core.ui.i18n.messages_core]
[DEBUG] I18N: Missing key 'Connects to local Ollama instance for LLM inference.' in any of: [org.episteme.core.ui.i18n.messages_core]
[DEBUG] I18N: Missing key 'OpenAI Model Reader' in any of: [org.episteme.core.ui.i18n.messages_core]
[DEBUG] I18N: Missing key 'Connects to OpenAI-compatible APIs.' in any of: [org.episteme.core.ui.i18n.messages_core]
[DEBUG] I18N: Missing key 'AI/Generative' in any of: [org.episteme.core.ui.i18n.messages_core]
[DEBUG] I18N: Missing key 'ONNX Model Loader' in any of: [org.episteme.core.ui.i18n.messages_core]
[DEBUG] I18N: Missing key 'Binary Model Loader' in any of: [org.episteme.core.ui.i18n.messages_core]
[DEBUG] I18N: Missing key 'Binary Model Loader' in any of: [org.episteme.core.ui.i18n.messages_core]
[DEBUG] I18N: Missing key 'Loads/Saves usage Java Serialization' in any of: [org.episteme.core.ui.i18n.messages_core]
[DEBUG] I18N: Missing key 'ONNX Model Loader' in any of: [org.episteme.core.ui.i18n.messages_core]
[DEBUG] I18N: Missing key 'Loads ONNX models using ONNX Runtime' in any of: [org.episteme.core.ui.i18n.messages_core]
[DEBUG] I18N: Missing key 'AI/ML' in any of: [org.episteme.core.ui.i18n.messages_core]
[DEBUG] I18N: Missing key 'Book Catalog Reader' in any of: [org.episteme.core.ui.i18n.messages_core]
[DEBUG] I18N: Missing key 'Article Catalog Reader' in any of: [org.episteme.core.ui.i18n.messages_core]
[DEBUG] I18N: Missing key 'CrossRef Connector' in any of: [org.episteme.core.ui.i18n.messages_core]
[DEBUG] I18N: Missing key 'Book Catalog Reader' in any of: [org.episteme.core.ui.i18n.messages_core]
[DEBUG] I18N: Missing key 'Article Catalog Reader' in any of: [org.episteme.core.ui.i18n.messages_core]
[DEBUG] I18N: Missing key 'Accesses and searches scientific article catalogs.' in any of: [org.episteme.core.ui.i18n.messages_core]
[DEBUG] I18N: Missing key 'Book Catalog Reader' in any of: [org.episteme.core.ui.i18n.messages_core]
[DEBUG] I18N: Missing key 'Accesses and searches bibliographical catalogs for books.' in any of: [org.episteme.core.ui.i18n.messages_core]
[DEBUG] I18N: Missing key 'CrossRef Connector' in any of: [org.episteme.core.ui.i18n.messages_core]
[DEBUG] I18N: Missing key 'Resolves DOIs to get publication metadata.' in any of: [org.episteme.core.ui.i18n.messages_core]
[DEBUG] I18N: Missing key 'Bibliography' in any of: [org.episteme.core.ui.i18n.messages_core]
[DEBUG] I18N: Missing key 'OpenMath Reader' in any of: [org.episteme.core.ui.i18n.messages_core]
[DEBUG] I18N: Missing key 'MathML Reader' in any of: [org.episteme.core.ui.i18n.messages_core]
[DEBUG] I18N: Missing key 'MathML Reader' in any of: [org.episteme.core.ui.i18n.messages_core]
[DEBUG] I18N: Missing key 'Reads mathematical expressions from MathML format' in any of: [org.episteme.core.ui.i18n.messages_core]
[DEBUG] I18N: Missing key 'OpenMath Reader' in any of: [org.episteme.core.ui.i18n.messages_core]
[DEBUG] I18N: Missing key 'Reads mathematical objects from OpenMath XML format' in any of: [org.episteme.core.ui.i18n.messages_core]
[DEBUG] I18N: Missing key 'Mathematics' in any of: [org.episteme.core.ui.i18n.messages_core]
[DEBUG] I18N: Missing key 'Sciences Taxonomy Reader' in any of: [org.episteme.core.ui.i18n.messages_core]
[DEBUG] I18N: Missing key 'HDF5 Reader' in any of: [org.episteme.core.ui.i18n.messages_core]
[DEBUG] I18N: Missing key 'Zarr Reader' in any of: [org.episteme.core.ui.i18n.messages_core]
[DEBUG] I18N: Missing key 'Sciences Taxonomy Reader' in any of: [org.episteme.core.ui.i18n.messages_core]
[DEBUG] I18N: Missing key 'HDF5 Reader' in any of: [org.episteme.core.ui.i18n.messages_core]
[DEBUG] I18N: Missing key 'Reads HDF5 files with support for compression and large datasets.' in any of: [org.episteme.core.ui.i18n.messages_core]
[DEBUG] I18N: Missing key 'Sciences Taxonomy Reader' in any of: [org.episteme.core.ui.i18n.messages_core]
[DEBUG] I18N: Missing key 'Reader for the scientific disciplines taxonomy database.' in any of: [org.episteme.core.ui.i18n.messages_core]
[DEBUG] I18N: Missing key 'Zarr Reader' in any of: [org.episteme.core.ui.i18n.messages_core]
[DEBUG] I18N: Missing key 'Reads Zarr stores, optimized for cloud-native, chunked array storage.' in any of: [org.episteme.core.ui.i18n.messages_core]
[DEBUG] I18N: Missing key 'Scientific Data' in any of: [org.episteme.core.ui.i18n.messages_core]
[DEBUG] I18N: Missing key 'viewer.geometryboardviewer.param.showgrid' in any of: [org.episteme.core.ui.i18n.messages_core]
03:01:52.666 [JavaFX Application Thread] INFO org.episteme.core.mathematics.linearalgebra.matrices.RealDoubleMatrix -- RealDoubleMatrix internal operations will use provider: JBlas (Optimized) (Score: 90)
[DEBUG] I18N: Missing key 'distributions.type' in any of: [org.episteme.core.ui.i18n.messages_core]
[DEBUG] I18N: Missing key 'viewer.graph.name' in any of: [org.episteme.core.ui.i18n.messages_core]
[DEBUG] I18N: Missing key 'viewer.graph.desc' in any of: [org.episteme.core.ui.i18n.messages_core]
[DEBUG] I18N: Missing key 'mastercontrol.computing.title' in any of: [org.episteme.core.ui.i18n.messages_core]
[DEBUG] I18N: Missing key 'mastercontrol.computing.autotuning' in any of: [org.episteme.core.ui.i18n.messages_core]
[DEBUG] I18N: Missing key 'mastercontrol.computing.desc.autotuning' in any of: [org.episteme.core.ui.i18n.messages_core]
[DEBUG] I18N: Missing key 'mastercontrol.computing.threads' in any of: [org.episteme.core.ui.i18n.messages_core]
[DEBUG] I18N: Missing key 'mastercontrol.computing.desc.threads' in any of: [org.episteme.core.ui.i18n.messages_core]
[DEBUG] I18N: Missing key 'mastercontrol.computing.desc.epsilon' in any of: [org.episteme.core.ui.i18n.messages_core]
[DEBUG] I18N: Missing key 'mastercontrol.computing.desc.iterations' in any of: [org.episteme.core.ui.i18n.messages_core]
[DEBUG] I18N: Missing key 'mastercontrol.computing.autotuning' in any of: [org.episteme.core.ui.i18n.messages_core]
[DEBUG] I18N: Missing key 'mastercontrol.computing.threads' in any of: [org.episteme.core.ui.i18n.messages_core]
[DEBUG] I18N: Missing key 'mastercontrol.computing.desc.mode_alt' in any of: [org.episteme.core.ui.i18n.messages_core]
[DEBUG] I18N: Missing key 'lib.cpudense.name' in any of: [org.episteme.core.ui.i18n.messages_core]
[DEBUG] I18N: Missing key 'lib.cpudense.desc' in any of: [org.episteme.core.ui.i18n.messages_core]
[DEBUG] I18N: Missing key 'lib.cpusparse.name' in any of: [org.episteme.core.ui.i18n.messages_core]
[DEBUG] I18N: Missing key 'lib.cpusparse.desc' in any of: [org.episteme.core.ui.i18n.messages_core]
[DEBUG] I18N: Missing key 'lib.cpu-sparse.name' in any of: [org.episteme.core.ui.i18n.messages_core]
[DEBUG] I18N: Missing key 'lib.cpu-sparse.desc' in any of: [org.episteme.core.ui.i18n.messages_core]
[DEBUG] I18N: Missing key 'lib.distributed.name' in any of: [org.episteme.core.ui.i18n.messages_core]
[DEBUG] I18N: Missing key 'lib.distributed.desc' in any of: [org.episteme.core.ui.i18n.messages_core]
[DEBUG] I18N: Missing key 'lib.javasound.name' in any of: [org.episteme.core.ui.i18n.messages_core]
[DEBUG] I18N: Missing key 'lib.javasound.desc' in any of: [org.episteme.core.ui.i18n.messages_core]
[DEBUG] I18N: Missing key 'lib.minim.name' in any of: [org.episteme.core.ui.i18n.messages_core]
[DEBUG] I18N: Missing key 'lib.minim.desc' in any of: [org.episteme.core.ui.i18n.messages_core]
[DEBUG] I18N: Missing key 'lib.multicore-audio.name' in any of: [org.episteme.core.ui.i18n.messages_core]
[DEBUG] I18N: Missing key 'lib.multicore-audio.desc' in any of: [org.episteme.core.ui.i18n.messages_core]
[DEBUG] I18N: Missing key 'lib.tarsos.name' in any of: [org.episteme.core.ui.i18n.messages_core]
[DEBUG] I18N: Missing key 'lib.tarsos.desc' in any of: [org.episteme.core.ui.i18n.messages_core]
[DEBUG] I18N: Missing key 'AI/ML' in any of: [org.episteme.core.ui.i18n.messages_core]
[DEBUG] I18N: Missing key 'AI/Generative' in any of: [org.episteme.core.ui.i18n.messages_core]
[DEBUG] I18N: Missing key 'Bibliography' in any of: [org.episteme.core.ui.i18n.messages_core]
[DEBUG] I18N: Missing key 'AI/ML' in any of: [org.episteme.core.ui.i18n.messages_core]
[DEBUG] I18N: Missing key 'Mathematics' in any of: [org.episteme.core.ui.i18n.messages_core]
[DEBUG] I18N: Missing key 'Bibliography' in any of: [org.episteme.core.ui.i18n.messages_core]
[DEBUG] I18N: Missing key 'Scientific Data' in any of: [org.episteme.core.ui.i18n.messages_core]
[DEBUG] I18N: Missing key 'Mathematics' in any of: [org.episteme.core.ui.i18n.messages_core]
[DEBUG] I18N: Missing key 'OpenAI Model Reader' in any of: [org.episteme.core.ui.i18n.messages_core]
[DEBUG] I18N: Missing key 'Ollama Model Reader' in any of: [org.episteme.core.ui.i18n.messages_core]
[DEBUG] I18N: Missing key 'Ollama Model Reader' in any of: [org.episteme.core.ui.i18n.messages_core]
[DEBUG] I18N: Missing key 'Connects to local Ollama instance for LLM inference.' in any of: [org.episteme.core.ui.i18n.messages_core]
[DEBUG] I18N: Missing key 'OpenAI Model Reader' in any of: [org.episteme.core.ui.i18n.messages_core]
[DEBUG] I18N: Missing key 'Connects to OpenAI-compatible APIs.' in any of: [org.episteme.core.ui.i18n.messages_core]
[DEBUG] I18N: Missing key 'AI/Generative' in any of: [org.episteme.core.ui.i18n.messages_core]
[DEBUG] I18N: Missing key 'ONNX Model Loader' in any of: [org.episteme.core.ui.i18n.messages_core]
[DEBUG] I18N: Missing key 'Binary Model Loader' in any of: [org.episteme.core.ui.i18n.messages_core]
[DEBUG] I18N: Missing key 'Binary Model Loader' in any of: [org.episteme.core.ui.i18n.messages_core]
[DEBUG] I18N: Missing key 'Loads/Saves usage Java Serialization' in any of: [org.episteme.core.ui.i18n.messages_core]
[DEBUG] I18N: Missing key 'ONNX Model Loader' in any of: [org.episteme.core.ui.i18n.messages_core]
[DEBUG] I18N: Missing key 'Loads ONNX models using ONNX Runtime' in any of: [org.episteme.core.ui.i18n.messages_core]
[DEBUG] I18N: Missing key 'AI/ML' in any of: [org.episteme.core.ui.i18n.messages_core]
[DEBUG] I18N: Missing key 'Book Catalog Reader' in any of: [org.episteme.core.ui.i18n.messages_core]
[DEBUG] I18N: Missing key 'Article Catalog Reader' in any of: [org.episteme.core.ui.i18n.messages_core]
[DEBUG] I18N: Missing key 'CrossRef Connector' in any of: [org.episteme.core.ui.i18n.messages_core]
[DEBUG] I18N: Missing key 'Book Catalog Reader' in any of: [org.episteme.core.ui.i18n.messages_core]
[DEBUG] I18N: Missing key 'Article Catalog Reader' in any of: [org.episteme.core.ui.i18n.messages_core]
[DEBUG] I18N: Missing key 'Accesses and searches scientific article catalogs.' in any of: [org.episteme.core.ui.i18n.messages_core]
[DEBUG] I18N: Missing key 'Book Catalog Reader' in any of: [org.episteme.core.ui.i18n.messages_core]
[DEBUG] I18N: Missing key 'Accesses and searches bibliographical catalogs for books.' in any of: [org.episteme.core.ui.i18n.messages_core]
[DEBUG] I18N: Missing key 'CrossRef Connector' in any of: [org.episteme.core.ui.i18n.messages_core]
[DEBUG] I18N: Missing key 'Resolves DOIs to get publication metadata.' in any of: [org.episteme.core.ui.i18n.messages_core]
[DEBUG] I18N: Missing key 'Bibliography' in any of: [org.episteme.core.ui.i18n.messages_core]
[DEBUG] I18N: Missing key 'OpenMath Reader' in any of: [org.episteme.core.ui.i18n.messages_core]
[DEBUG] I18N: Missing key 'MathML Reader' in any of: [org.episteme.core.ui.i18n.messages_core]
[DEBUG] I18N: Missing key 'MathML Reader' in any of: [org.episteme.core.ui.i18n.messages_core]
[DEBUG] I18N: Missing key 'Reads mathematical expressions from MathML format' in any of: [org.episteme.core.ui.i18n.messages_core]
[DEBUG] I18N: Missing key 'OpenMath Reader' in any of: [org.episteme.core.ui.i18n.messages_core]
[DEBUG] I18N: Missing key 'Reads mathematical objects from OpenMath XML format' in any of: [org.episteme.core.ui.i18n.messages_core]
[DEBUG] I18N: Missing key 'Mathematics' in any of: [org.episteme.core.ui.i18n.messages_core]
[DEBUG] I18N: Missing key 'Sciences Taxonomy Reader' in any of: [org.episteme.core.ui.i18n.messages_core]
[DEBUG] I18N: Missing key 'HDF5 Reader' in any of: [org.episteme.core.ui.i18n.messages_core]
[DEBUG] I18N: Missing key 'Zarr Reader' in any of: [org.episteme.core.ui.i18n.messages_core]
[DEBUG] I18N: Missing key 'Sciences Taxonomy Reader' in any of: [org.episteme.core.ui.i18n.messages_core]
[DEBUG] I18N: Missing key 'HDF5 Reader' in any of: [org.episteme.core.ui.i18n.messages_core]
[DEBUG] I18N: Missing key 'Reads HDF5 files with support for compression and large datasets.' in any of: [org.episteme.core.ui.i18n.messages_core]
[DEBUG] I18N: Missing key 'Sciences Taxonomy Reader' in any of: [org.episteme.core.ui.i18n.messages_core]
[DEBUG] I18N: Missing key 'Reader for the scientific disciplines taxonomy database.' in any of: [org.episteme.core.ui.i18n.messages_core]
[DEBUG] I18N: Missing key 'Zarr Reader' in any of: [org.episteme.core.ui.i18n.messages_core]
[DEBUG] I18N: Missing key 'Reads Zarr stores, optimized for cloud-native, chunked array storage.' in any of: [org.episteme.core.ui.i18n.messages_core]
[DEBUG] I18N: Missing key 'Scientific Data' in any of: [org.episteme.core.ui.i18n.messages_core]
[DEBUG] I18N: Missing key 'viewer.geometryboardviewer.param.showgrid' in any of: [org.episteme.core.ui.i18n.messages_core]
03:02:08.339 [JavaFX Application Thread] INFO org.episteme.core.mathematics.linearalgebra.matrices.RealDoubleMatrix -- RealDoubleMatrix internal operations will use provider: JBlas (Optimized) (Score: 90)
[DEBUG] I18N: Missing key 'distributions.type' in any of: [org.episteme.core.ui.i18n.messages_core]
[DEBUG] I18N: Missing key 'viewer.graph.name' in any of: [org.episteme.core.ui.i18n.messages_core]
[DEBUG] I18N: Missing key 'viewer.graph.desc' in any of: [org.episteme.core.ui.i18n.messages_core]
=== DUMP LIBRARIES TAB LABELS ===
LABEL: 'Header'
LABEL: 'Header'
LABEL: 'Discovered 26'
LABEL: 'Header'
LABEL: '12 loaders found (12 Readers, 0 Writers)'
LABEL: 'Readers (Input)'
LABEL: 'Algorithm Providers'
LABEL: 'Algorithms are modular compute engines available to the framework.
They are automatically selected based on precision and auto-tuning settings.'
LABEL: 'Standard JavaSound'
LABEL: 'Available'
LABEL: 'Standard JavaSound'
LABEL: 'Multicore Audio Backend'
LABEL: 'Available'
LABEL: 'Multicore Audio Backend'
LABEL: 'TarsosDSP (Scientific)'
LABEL: 'Available'
LABEL: 'TarsosDSP (Scientific)'
LABEL: 'Minim (Creative)'
LABEL: 'Available'
LABEL: 'Minim (Creative)'
LABEL: 'Variable Elimination (Exact Inference)'
LABEL: 'Available'
LABEL: 'Variable Elimination (Exact Inference)'
LABEL: 'Native Multicore Bayesian Inference (C++ Core)'
LABEL: 'Available'
LABEL: 'Native Multicore Bayesian Inference (C++ Core)'
LABEL: 'Standard JVM Boolean Algebra'
LABEL: 'Available'
LABEL: 'Standard JVM Boolean Algebra'
LABEL: 'Java AWT Vision Backend'
LABEL: 'Available'
LABEL: 'Java AWT Vision Backend'
LABEL: 'Multicore Vision Backend'
LABEL: 'Available'
LABEL: 'Multicore Vision Backend'
LABEL: 'Native MPI (MPJ Express Wrapper)'
LABEL: 'Available'
LABEL: 'Native MPI (MPJ Express Wrapper)'
LABEL: 'Apache Spark (Wrapper)'
LABEL: 'Available'
LABEL: 'Apache Spark (Wrapper)'
LABEL: 'Multicore FEM'
LABEL: 'Available'
LABEL: 'Multicore FEM'
LABEL: 'Native Multicore Fuzzy Logic'
LABEL: 'Available'
LABEL: 'Native Multicore Fuzzy Logic'
LABEL: 'Native Multicore Genetic Algorithm (SIMD Accelerated)'
LABEL: 'Available'
LABEL: 'Native Multicore Genetic Algorithm (SIMD Accelerated)'
LABEL: 'Standard Graph Algorithm Provider (Louvain)'
LABEL: 'Available'
LABEL: 'Standard Graph Algorithm Provider (Louvain)'
LABEL: 'Multicore Graph Algorithms (CPU)'
LABEL: 'Available'
LABEL: 'Multicore Graph Algorithms (CPU)'
LABEL: 'JBlas (Optimized)'
LABEL: 'Available'
LABEL: 'JBlas (Optimized)'
LABEL: 'EJML (Optimized)'
LABEL: 'Available'
LABEL: 'EJML (Optimized)'
LABEL: 'Colt (Optimized)'
LABEL: 'Available'
LABEL: 'Colt (Optimized)'
LABEL: 'Apache Commons Math (Optimized)'
LABEL: 'Available'
LABEL: 'Apache Commons Math (Optimized)'
LABEL: 'Episteme CPU (Dense)'
LABEL: 'Available'
LABEL: 'Episteme CPU (Dense)'
LABEL: 'Episteme Distributed Linear Algebra Provider (LocalDistributedContext)'
LABEL: 'Available'
LABEL: 'Episteme Distributed Linear Algebra Provider (LocalDistributedContext)'
LABEL: 'Episteme CPU Foundation'
LABEL: 'Available'
LABEL: 'Episteme CPU Foundation'
LABEL: 'Episteme CPU (Sparse)'
LABEL: 'Available'
LABEL: 'Episteme CPU (Sparse)'
LABEL: 'ONNX Runtime'
LABEL: 'Available'
LABEL: 'ONNX Runtime'
LABEL: 'ONNX Runtime Bridge'
LABEL: 'Available'
LABEL: 'ONNX Runtime Bridge'
LABEL: 'CPU Dense Neural'
LABEL: 'Available'
LABEL: 'CPU Dense Neural'
LABEL: 'Java Reference (Naive)'
LABEL: 'Available'
LABEL: 'Java Reference (Naive)'
LABEL: 'ODE Provider'
LABEL: 'Available'
LABEL: 'ODE Provider'
LABEL: 'Multicore Reduce (CPU + SIMD)'
LABEL: 'Available'
LABEL: 'Multicore Reduce (CPU + SIMD)'
LABEL: 'Native Multicore Monte Carlo'
LABEL: 'Available'
LABEL: 'Native Multicore Monte Carlo'
LABEL: 'CPU Dense Tensor'
LABEL: 'Available'
LABEL: 'CPU Dense Tensor'
LABEL: 'CPU Sparse Tensor'
LABEL: 'Available'
LABEL: 'CPU Sparse Tensor'
LABEL: 'VLCJ (Native VLC)'
LABEL: 'Available'
LABEL: 'VLCJ (Native VLC)'
LABEL: 'Multicore Video Backend'
LABEL: 'Available'
LABEL: 'Multicore Video Backend'
LABEL: 'Available Libraries & Status'
LABEL: 'Episteme is a modular ecosystem. These libraries are listed because:
1. They are necessary for Episteme to function.
2. Optional Acceleration: Add these JARs to the classpath for high-performance engines (EJML, JBlas, etc.).'
LABEL: 'Framework Libraries'
LABEL: 'Core frameworks for web, serialization, and logging.'
LABEL: 'Javalin'
LABEL: 'Available'
LABEL: 'Lightweight web framework for Java and Kotlin.'
LABEL: 'Jackson'
LABEL: 'Available'
LABEL: 'High-performance JSON processor.'
LABEL: 'SLF4J'
LABEL: 'Available'
LABEL: 'Simple Logging Facade for Java.'
LABEL: 'gRPC'
LABEL: 'Not Available'
LABEL: 'High performance RPC framework.'
LABEL: 'Standards'
LABEL: 'Implementation of Java standards (JSR).'
LABEL: 'JSR-385 (Unit API)'
LABEL: 'Available'
LABEL: 'Units of Measurement API.'
LABEL: 'Indriya'
LABEL: 'Available'
LABEL: 'Reference implementation of JSR-385.'
LABEL: 'Distributed Computing'
LABEL: 'Libraries for parallel and cluster computing.'
LABEL: 'Apache Spark'
LABEL: 'Available'
LABEL: 'Unified analytics engine for large-scale data processing.'
LABEL: 'MPJ Express'
LABEL: 'Available'
LABEL: 'Message Passing Interface (MPI) for Java.'
LABEL: 'Computing drivers for CPU and GPU (OpenCL, CUDA).'
LABEL: 'Hardware Acceleration'
LABEL: 'CPU Dense Tensor'
LABEL: 'Available'
LABEL: 'CPUDenseTensorProvider'
LABEL: 'CPU Sparse Tensor'
LABEL: 'Available'
LABEL: 'CPUSparseTensorBackend'
LABEL: 'Numerical and linear algebra engines for CPU.'
LABEL: 'Mathematics & Algorithms'
LABEL: 'Math Engine'
LABEL: 'Select the primary mathematics engine (e.g., Apache Commons Math, Episteme Native).
Affects algorithm precision and performance.'
LABEL: 'Episteme CPU (Sparse)'
LABEL: 'Available'
LABEL: 'Core CPU Sparse Linear Algebra Provider'
LABEL: 'Episteme Distributed Linear Algebra Provider (LocalDistributedContext)'
LABEL: 'Available'
LABEL: 'Linear algebra provider delegating to distributed computation contexts'
LABEL: 'Libraries for multidimensional computing and Deep Learning.'
LABEL: 'Tensor Engines'
LABEL: 'Tensor Backend'
LABEL: 'Select the tensor computation backend (e.g., ND4J, DJL, Episteme Tensors).
Determines GPU utilization for deep learning.'
LABEL: 'Graphics, charting and interface components.'
LABEL: 'Visualization and Plotting 2D'
LABEL: '2D Backend'
LABEL: 'Choose the library used for rendering 2D charts.'
LABEL: 'Visualization and Plotting 3D'
LABEL: '3D Backend'
LABEL: 'Choose the library used for rendering 3D charts.'
LABEL: 'Libraries for audio analysis and synthesis.'
LABEL: 'Audio Processing'
LABEL: 'Audio Engine'
LABEL: 'Select the backend for audio processing/playback.'
LABEL: 'Standard JavaSound'
LABEL: 'Available'
LABEL: 'Default JavaSound API backend for playback and basic processing.'
LABEL: 'Minim (Creative)'
LABEL: 'Available'
LABEL: 'High-performance creative audio engine.'
LABEL: 'Multicore Audio Backend'
LABEL: 'Available'
LABEL: 'High-performance CPU-based audio processing using Java Parallel Streams'
LABEL: 'TarsosDSP (Scientific)'
LABEL: 'Available'
LABEL: 'Scientific audio analysis engine (FFT, Pitch).'
LABEL: 'Algorithms for chemistry, biology and molecular rendering.'
LABEL: 'Chemistry & Biology'
LABEL: 'Molecular Renderer'
LABEL: 'Select the engine used to render 3D molecular structures.
Requires restart of the viewer window to take effect.'
LABEL: 'No molecular backends discovered.'
LABEL: 'Simulators and backends for quantum computing.'
LABEL: 'Quantum Computing'
LABEL: 'Quantum Provider'
LABEL: 'Select the quantum simulation backend (e.g., Strange, Quantum4J, Braket).
Determines execution environment for quantum circuits.'
LABEL: 'No quantum backends discovered.'
LABEL: 'Geographic Information Systems (GIS) and mapping libraries.'
LABEL: 'Geography & GIS'
LABEL: 'Map Renderer'
LABEL: 'Select the engine used to render geographic maps.
Requires restart of the viewer window to take effect.'
LABEL: 'No map backends discovered.'
LABEL: 'Graph theory and network visualization libraries.'
LABEL: 'Network & Graph Analysis'
LABEL: 'Network Renderer'
LABEL: 'Select the engine used to render complex graphs and networks.
Determines layout algorithms and visualization style.'
LABEL: 'No network backends discovered.'
LABEL: 'Computing Management'
LABEL: 'Auto-Tuning'
LABEL: 'ON (Force Tuning), OFF (Standard Priorities), AUTO (Learning)'
LABEL: 'Max Threads'
LABEL: 'Max CPU threads for parallel algorithms'
LABEL: 'Gpu'
LABEL: 'Not Available'
LABEL: 'Mode'
LABEL: 'Determines where calculations are performed'
LABEL: 'Float Precision'
LABEL: 'Precision'
LABEL: 'Int Precision'
LABEL: 'INT (32-bit) vs LONG (64-bit)'
LABEL: 'Precision'
LABEL: 'Precision Digits'
LABEL: 'Rounding'
LABEL: 'Rounding'
LABEL: 'LA Epsilon'
LABEL: 'Tolerance for linear algebra convergence'
LABEL: 'LA Max Iterations'
LABEL: 'Maximum iterations for iterative solvers (e.g. GMRES)'
LABEL: 'Header'
LABEL: 'Select'
LABEL: 'Theme Preview Components:'
LABEL: 'Language Selection'
LABEL: 'Episteme Master Control'
LABEL: 'Universal Scientific Computing Environment'
LABEL: 'Version:'
LABEL: '1.0.0-beta2'
LABEL: 'Build Date:'
LABEL: '2026-05-09T00:52:31Z'
LABEL: 'Java Version:'
LABEL: '25'
LABEL: 'Authors'
LABEL: 'Silvere Martin-Michiellot'
LABEL: 'Gemini AI (Google DeepMind)'
================================
[DEBUG] I18N: Missing key 'mastercontrol.computing.title' in any of: [org.episteme.core.ui.i18n.messages_core]
[DEBUG] I18N: Missing key 'mastercontrol.computing.autotuning' in any of: [org.episteme.core.ui.i18n.messages_core]
[DEBUG] I18N: Missing key 'mastercontrol.computing.desc.autotuning' in any of: [org.episteme.core.ui.i18n.messages_core]
[DEBUG] I18N: Missing key 'mastercontrol.computing.threads' in any of: [org.episteme.core.ui.i18n.messages_core]
[DEBUG] I18N: Missing key 'mastercontrol.computing.desc.threads' in any of: [org.episteme.core.ui.i18n.messages_core]
[DEBUG] I18N: Missing key 'mastercontrol.computing.desc.epsilon' in any of: [org.episteme.core.ui.i18n.messages_core]
[DEBUG] I18N: Missing key 'mastercontrol.computing.desc.iterations' in any of: [org.episteme.core.ui.i18n.messages_core]
[DEBUG] I18N: Missing key 'mastercontrol.computing.autotuning' in any of: [org.episteme.core.ui.i18n.messages_core]
[DEBUG] I18N: Missing key 'mastercontrol.computing.threads' in any of: [org.episteme.core.ui.i18n.messages_core]
[DEBUG] I18N: Missing key 'mastercontrol.computing.desc.mode_alt' in any of: [org.episteme.core.ui.i18n.messages_core]
[DEBUG] I18N: Missing key 'lib.cpudense.name' in any of: [org.episteme.core.ui.i18n.messages_core]
[DEBUG] I18N: Missing key 'lib.cpudense.desc' in any of: [org.episteme.core.ui.i18n.messages_core]
[DEBUG] I18N: Missing key 'lib.cpusparse.name' in any of: [org.episteme.core.ui.i18n.messages_core]
[DEBUG] I18N: Missing key 'lib.cpusparse.desc' in any of: [org.episteme.core.ui.i18n.messages_core]
[DEBUG] I18N: Missing key 'lib.cpu-sparse.name' in any of: [org.episteme.core.ui.i18n.messages_core]
[DEBUG] I18N: Missing key 'lib.cpu-sparse.desc' in any of: [org.episteme.core.ui.i18n.messages_core]
[DEBUG] I18N: Missing key 'lib.distributed.name' in any of: [org.episteme.core.ui.i18n.messages_core]
[DEBUG] I18N: Missing key 'lib.distributed.desc' in any of: [org.episteme.core.ui.i18n.messages_core]
[DEBUG] I18N: Missing key 'lib.javasound.name' in any of: [org.episteme.core.ui.i18n.messages_core]
[DEBUG] I18N: Missing key 'lib.javasound.desc' in any of: [org.episteme.core.ui.i18n.messages_core]
[DEBUG] I18N: Missing key 'lib.minim.name' in any of: [org.episteme.core.ui.i18n.messages_core]
[DEBUG] I18N: Missing key 'lib.minim.desc' in any of: [org.episteme.core.ui.i18n.messages_core]
[DEBUG] I18N: Missing key 'lib.multicore-audio.name' in any of: [org.episteme.core.ui.i18n.messages_core]
[DEBUG] I18N: Missing key 'lib.multicore-audio.desc' in any of: [org.episteme.core.ui.i18n.messages_core]
[DEBUG] I18N: Missing key 'lib.tarsos.name' in any of: [org.episteme.core.ui.i18n.messages_core]
[DEBUG] I18N: Missing key 'lib.tarsos.desc' in any of: [org.episteme.core.ui.i18n.messages_core]
[DEBUG] I18N: Missing key 'AI/ML' in any of: [org.episteme.core.ui.i18n.messages_core]
[DEBUG] I18N: Missing key 'AI/Generative' in any of: [org.episteme.core.ui.i18n.messages_core]
[DEBUG] I18N: Missing key 'Bibliography' in any of: [org.episteme.core.ui.i18n.messages_core]
[DEBUG] I18N: Missing key 'AI/ML' in any of: [org.episteme.core.ui.i18n.messages_core]
[DEBUG] I18N: Missing key 'Mathematics' in any of: [org.episteme.core.ui.i18n.messages_core]
[DEBUG] I18N: Missing key 'Bibliography' in any of: [org.episteme.core.ui.i18n.messages_core]
[DEBUG] I18N: Missing key 'Scientific Data' in any of: [org.episteme.core.ui.i18n.messages_core]
[DEBUG] I18N: Missing key 'Mathematics' in any of: [org.episteme.core.ui.i18n.messages_core]
[DEBUG] I18N: Missing key 'OpenAI Model Reader' in any of: [org.episteme.core.ui.i18n.messages_core]
[DEBUG] I18N: Missing key 'Ollama Model Reader' in any of: [org.episteme.core.ui.i18n.messages_core]
[DEBUG] I18N: Missing key 'Ollama Model Reader' in any of: [org.episteme.core.ui.i18n.messages_core]
[DEBUG] I18N: Missing key 'Connects to local Ollama instance for LLM inference.' in any of: [org.episteme.core.ui.i18n.messages_core]
[DEBUG] I18N: Missing key 'OpenAI Model Reader' in any of: [org.episteme.core.ui.i18n.messages_core]
[DEBUG] I18N: Missing key 'Connects to OpenAI-compatible APIs.' in any of: [org.episteme.core.ui.i18n.messages_core]
[DEBUG] I18N: Missing key 'AI/Generative' in any of: [org.episteme.core.ui.i18n.messages_core]
[DEBUG] I18N: Missing key 'ONNX Model Loader' in any of: [org.episteme.core.ui.i18n.messages_core]
[DEBUG] I18N: Missing key 'Binary Model Loader' in any of: [org.episteme.core.ui.i18n.messages_core]
[DEBUG] I18N: Missing key 'Binary Model Loader' in any of: [org.episteme.core.ui.i18n.messages_core]
[DEBUG] I18N: Missing key 'Loads/Saves usage Java Serialization' in any of: [org.episteme.core.ui.i18n.messages_core]
[DEBUG] I18N: Missing key 'ONNX Model Loader' in any of: [org.episteme.core.ui.i18n.messages_core]
[DEBUG] I18N: Missing key 'Loads ONNX models using ONNX Runtime' in any of: [org.episteme.core.ui.i18n.messages_core]
[DEBUG] I18N: Missing key 'AI/ML' in any of: [org.episteme.core.ui.i18n.messages_core]
[DEBUG] I18N: Missing key 'Book Catalog Reader' in any of: [org.episteme.core.ui.i18n.messages_core]
[DEBUG] I18N: Missing key 'Article Catalog Reader' in any of: [org.episteme.core.ui.i18n.messages_core]
[DEBUG] I18N: Missing key 'CrossRef Connector' in any of: [org.episteme.core.ui.i18n.messages_core]
[DEBUG] I18N: Missing key 'Book Catalog Reader' in any of: [org.episteme.core.ui.i18n.messages_core]
[DEBUG] I18N: Missing key 'Article Catalog Reader' in any of: [org.episteme.core.ui.i18n.messages_core]
[DEBUG] I18N: Missing key 'Accesses and searches scientific article catalogs.' in any of: [org.episteme.core.ui.i18n.messages_core]
[DEBUG] I18N: Missing key 'Book Catalog Reader' in any of: [org.episteme.core.ui.i18n.messages_core]
[DEBUG] I18N: Missing key 'Accesses and searches bibliographical catalogs for books.' in any of: [org.episteme.core.ui.i18n.messages_core]
[DEBUG] I18N: Missing key 'CrossRef Connector' in any of: [org.episteme.core.ui.i18n.messages_core]
[DEBUG] I18N: Missing key 'Resolves DOIs to get publication metadata.' in any of: [org.episteme.core.ui.i18n.messages_core]
[DEBUG] I18N: Missing key 'Bibliography' in any of: [org.episteme.core.ui.i18n.messages_core]
[DEBUG] I18N: Missing key 'OpenMath Reader' in any of: [org.episteme.core.ui.i18n.messages_core]
[DEBUG] I18N: Missing key 'MathML Reader' in any of: [org.episteme.core.ui.i18n.messages_core]
[DEBUG] I18N: Missing key 'MathML Reader' in any of: [org.episteme.core.ui.i18n.messages_core]
[DEBUG] I18N: Missing key 'Reads mathematical expressions from MathML format' in any of: [org.episteme.core.ui.i18n.messages_core]
[DEBUG] I18N: Missing key 'OpenMath Reader' in any of: [org.episteme.core.ui.i18n.messages_core]
[DEBUG] I18N: Missing key 'Reads mathematical objects from OpenMath XML format' in any of: [org.episteme.core.ui.i18n.messages_core]
[DEBUG] I18N: Missing key 'Mathematics' in any of: [org.episteme.core.ui.i18n.messages_core]
[DEBUG] I18N: Missing key 'Sciences Taxonomy Reader' in any of: [org.episteme.core.ui.i18n.messages_core]
[DEBUG] I18N: Missing key 'HDF5 Reader' in any of: [org.episteme.core.ui.i18n.messages_core]
[DEBUG] I18N: Missing key 'Zarr Reader' in any of: [org.episteme.core.ui.i18n.messages_core]
[DEBUG] I18N: Missing key 'Sciences Taxonomy Reader' in any of: [org.episteme.core.ui.i18n.messages_core]
[DEBUG] I18N: Missing key 'HDF5 Reader' in any of: [org.episteme.core.ui.i18n.messages_core]
[DEBUG] I18N: Missing key 'Reads HDF5 files with support for compression and large datasets.' in any of: [org.episteme.core.ui.i18n.messages_core]
[DEBUG] I18N: Missing key 'Sciences Taxonomy Reader' in any of: [org.episteme.core.ui.i18n.messages_core]
[DEBUG] I18N: Missing key 'Reader for the scientific disciplines taxonomy database.' in any of: [org.episteme.core.ui.i18n.messages_core]
[DEBUG] I18N: Missing key 'Zarr Reader' in any of: [org.episteme.core.ui.i18n.messages_core]
[DEBUG] I18N: Missing key 'Reads Zarr stores, optimized for cloud-native, chunked array storage.' in any of: [org.episteme.core.ui.i18n.messages_core]
[DEBUG] I18N: Missing key 'Scientific Data' in any of: [org.episteme.core.ui.i18n.messages_core]
[DEBUG] I18N: Missing key 'viewer.geometryboardviewer.param.showgrid' in any of: [org.episteme.core.ui.i18n.messages_core]
03:02:25.549 [JavaFX Application Thread] INFO org.episteme.core.mathematics.linearalgebra.matrices.RealDoubleMatrix -- RealDoubleMatrix internal operations will use provider: JBlas (Optimized) (Score: 90)
[DEBUG] I18N: Missing key 'distributions.type' in any of: [org.episteme.core.ui.i18n.messages_core]
[DEBUG] I18N: Missing key 'viewer.graph.name' in any of: [org.episteme.core.ui.i18n.messages_core]
[DEBUG] I18N: Missing key 'viewer.graph.desc' in any of: [org.episteme.core.ui.i18n.messages_core]
[DEBUG] I18N: Missing key 'mastercontrol.computing.title' in any of: [org.episteme.core.ui.i18n.messages_core]
[DEBUG] I18N: Missing key 'mastercontrol.computing.autotuning' in any of: [org.episteme.core.ui.i18n.messages_core]
[DEBUG] I18N: Missing key 'mastercontrol.computing.desc.autotuning' in any of: [org.episteme.core.ui.i18n.messages_core]
[DEBUG] I18N: Missing key 'mastercontrol.computing.threads' in any of: [org.episteme.core.ui.i18n.messages_core]
[DEBUG] I18N: Missing key 'mastercontrol.computing.desc.threads' in any of: [org.episteme.core.ui.i18n.messages_core]
[DEBUG] I18N: Missing key 'mastercontrol.computing.desc.epsilon' in any of: [org.episteme.core.ui.i18n.messages_core]
[DEBUG] I18N: Missing key 'mastercontrol.computing.desc.iterations' in any of: [org.episteme.core.ui.i18n.messages_core]
[DEBUG] I18N: Missing key 'mastercontrol.computing.autotuning' in any of: [org.episteme.core.ui.i18n.messages_core]
[DEBUG] I18N: Missing key 'mastercontrol.computing.threads' in any of: [org.episteme.core.ui.i18n.messages_core]
[DEBUG] I18N: Missing key 'mastercontrol.computing.desc.mode_alt' in any of: [org.episteme.core.ui.i18n.messages_core]
[DEBUG] I18N: Missing key 'lib.cpudense.name' in any of: [org.episteme.core.ui.i18n.messages_core]
[DEBUG] I18N: Missing key 'lib.cpudense.desc' in any of: [org.episteme.core.ui.i18n.messages_core]
[DEBUG] I18N: Missing key 'lib.cpusparse.name' in any of: [org.episteme.core.ui.i18n.messages_core]
[DEBUG] I18N: Missing key 'lib.cpusparse.desc' in any of: [org.episteme.core.ui.i18n.messages_core]
[DEBUG] I18N: Missing key 'lib.cpu-sparse.name' in any of: [org.episteme.core.ui.i18n.messages_core]
[DEBUG] I18N: Missing key 'lib.cpu-sparse.desc' in any of: [org.episteme.core.ui.i18n.messages_core]
[DEBUG] I18N: Missing key 'lib.distributed.name' in any of: [org.episteme.core.ui.i18n.messages_core]
[DEBUG] I18N: Missing key 'lib.distributed.desc' in any of: [org.episteme.core.ui.i18n.messages_core]
[DEBUG] I18N: Missing key 'lib.javasound.name' in any of: [org.episteme.core.ui.i18n.messages_core]
[DEBUG] I18N: Missing key 'lib.javasound.desc' in any of: [org.episteme.core.ui.i18n.messages_core]
[DEBUG] I18N: Missing key 'lib.minim.name' in any of: [org.episteme.core.ui.i18n.messages_core]
[DEBUG] I18N: Missing key 'lib.minim.desc' in any of: [org.episteme.core.ui.i18n.messages_core]
[DEBUG] I18N: Missing key 'lib.multicore-audio.name' in any of: [org.episteme.core.ui.i18n.messages_core]
[DEBUG] I18N: Missing key 'lib.multicore-audio.desc' in any of: [org.episteme.core.ui.i18n.messages_core]
[DEBUG] I18N: Missing key 'lib.tarsos.name' in any of: [org.episteme.core.ui.i18n.messages_core]
[DEBUG] I18N: Missing key 'lib.tarsos.desc' in any of: [org.episteme.core.ui.i18n.messages_core]
[DEBUG] I18N: Missing key 'AI/ML' in any of: [org.episteme.core.ui.i18n.messages_core]
[DEBUG] I18N: Missing key 'AI/Generative' in any of: [org.episteme.core.ui.i18n.messages_core]
[DEBUG] I18N: Missing key 'Bibliography' in any of: [org.episteme.core.ui.i18n.messages_core]
[DEBUG] I18N: Missing key 'AI/ML' in any of: [org.episteme.core.ui.i18n.messages_core]
[DEBUG] I18N: Missing key 'Mathematics' in any of: [org.episteme.core.ui.i18n.messages_core]
[DEBUG] I18N: Missing key 'Bibliography' in any of: [org.episteme.core.ui.i18n.messages_core]
[DEBUG] I18N: Missing key 'Scientific Data' in any of: [org.episteme.core.ui.i18n.messages_core]
[DEBUG] I18N: Missing key 'Mathematics' in any of: [org.episteme.core.ui.i18n.messages_core]
[DEBUG] I18N: Missing key 'OpenAI Model Reader' in any of: [org.episteme.core.ui.i18n.messages_core]
[DEBUG] I18N: Missing key 'Ollama Model Reader' in any of: [org.episteme.core.ui.i18n.messages_core]
[DEBUG] I18N: Missing key 'Ollama Model Reader' in any of: [org.episteme.core.ui.i18n.messages_core]
[DEBUG] I18N: Missing key 'Connects to local Ollama instance for LLM inference.' in any of: [org.episteme.core.ui.i18n.messages_core]
[DEBUG] I18N: Missing key 'OpenAI Model Reader' in any of: [org.episteme.core.ui.i18n.messages_core]
[DEBUG] I18N: Missing key 'Connects to OpenAI-compatible APIs.' in any of: [org.episteme.core.ui.i18n.messages_core]
[DEBUG] I18N: Missing key 'AI/Generative' in any of: [org.episteme.core.ui.i18n.messages_core]
[DEBUG] I18N: Missing key 'ONNX Model Loader' in any of: [org.episteme.core.ui.i18n.messages_core]
[DEBUG] I18N: Missing key 'Binary Model Loader' in any of: [org.episteme.core.ui.i18n.messages_core]
[DEBUG] I18N: Missing key 'Binary Model Loader' in any of: [org.episteme.core.ui.i18n.messages_core]
[DEBUG] I18N: Missing key 'Loads/Saves usage Java Serialization' in any of: [org.episteme.core.ui.i18n.messages_core]
[DEBUG] I18N: Missing key 'ONNX Model Loader' in any of: [org.episteme.core.ui.i18n.messages_core]
[DEBUG] I18N: Missing key 'Loads ONNX models using ONNX Runtime' in any of: [org.episteme.core.ui.i18n.messages_core]
[DEBUG] I18N: Missing key 'AI/ML' in any of: [org.episteme.core.ui.i18n.messages_core]
[DEBUG] I18N: Missing key 'Book Catalog Reader' in any of: [org.episteme.core.ui.i18n.messages_core]
[DEBUG] I18N: Missing key 'Article Catalog Reader' in any of: [org.episteme.core.ui.i18n.messages_core]
[DEBUG] I18N: Missing key 'CrossRef Connector' in any of: [org.episteme.core.ui.i18n.messages_core]
[DEBUG] I18N: Missing key 'Book Catalog Reader' in any of: [org.episteme.core.ui.i18n.messages_core]
[DEBUG] I18N: Missing key 'Article Catalog Reader' in any of: [org.episteme.core.ui.i18n.messages_core]
[DEBUG] I18N: Missing key 'Accesses and searches scientific article catalogs.' in any of: [org.episteme.core.ui.i18n.messages_core]
[DEBUG] I18N: Missing key 'Book Catalog Reader' in any of: [org.episteme.core.ui.i18n.messages_core]
[DEBUG] I18N: Missing key 'Accesses and searches bibliographical catalogs for books.' in any of: [org.episteme.core.ui.i18n.messages_core]
[DEBUG] I18N: Missing key 'CrossRef Connector' in any of: [org.episteme.core.ui.i18n.messages_core]
[DEBUG] I18N: Missing key 'Resolves DOIs to get publication metadata.' in any of: [org.episteme.core.ui.i18n.messages_core]
[DEBUG] I18N: Missing key 'Bibliography' in any of: [org.episteme.core.ui.i18n.messages_core]
[DEBUG] I18N: Missing key 'OpenMath Reader' in any of: [org.episteme.core.ui.i18n.messages_core]
[DEBUG] I18N: Missing key 'MathML Reader' in any of: [org.episteme.core.ui.i18n.messages_core]
[DEBUG] I18N: Missing key 'MathML Reader' in any of: [org.episteme.core.ui.i18n.messages_core]
[DEBUG] I18N: Missing key 'Reads mathematical expressions from MathML format' in any of: [org.episteme.core.ui.i18n.messages_core]
[DEBUG] I18N: Missing key 'OpenMath Reader' in any of: [org.episteme.core.ui.i18n.messages_core]
[DEBUG] I18N: Missing key 'Reads mathematical objects from OpenMath XML format' in any of: [org.episteme.core.ui.i18n.messages_core]
[DEBUG] I18N: Missing key 'Mathematics' in any of: [org.episteme.core.ui.i18n.messages_core]
[DEBUG] I18N: Missing key 'Sciences Taxonomy Reader' in any of: [org.episteme.core.ui.i18n.messages_core]
[DEBUG] I18N: Missing key 'HDF5 Reader' in any of: [org.episteme.core.ui.i18n.messages_core]
[DEBUG] I18N: Missing key 'Zarr Reader' in any of: [org.episteme.core.ui.i18n.messages_core]
[DEBUG] I18N: Missing key 'Sciences Taxonomy Reader' in any of: [org.episteme.core.ui.i18n.messages_core]
[DEBUG] I18N: Missing key 'HDF5 Reader' in any of: [org.episteme.core.ui.i18n.messages_core]
[DEBUG] I18N: Missing key 'Reads HDF5 files with support for compression and large datasets.' in any of: [org.episteme.core.ui.i18n.messages_core]
[DEBUG] I18N: Missing key 'Sciences Taxonomy Reader' in any of: [org.episteme.core.ui.i18n.messages_core]
[DEBUG] I18N: Missing key 'Reader for the scientific disciplines taxonomy database.' in any of: [org.episteme.core.ui.i18n.messages_core]
[DEBUG] I18N: Missing key 'Zarr Reader' in any of: [org.episteme.core.ui.i18n.messages_core]
[DEBUG] I18N: Missing key 'Reads Zarr stores, optimized for cloud-native, chunked array storage.' in any of: [org.episteme.core.ui.i18n.messages_core]
[DEBUG] I18N: Missing key 'Scientific Data' in any of: [org.episteme.core.ui.i18n.messages_core]
[DEBUG] I18N: Missing key 'viewer.geometryboardviewer.param.showgrid' in any of: [org.episteme.core.ui.i18n.messages_core]
03:02:41.579 [JavaFX Application Thread] INFO org.episteme.core.mathematics.linearalgebra.matrices.RealDoubleMatrix -- RealDoubleMatrix internal operations will use provider: JBlas (Optimized) (Score: 90)
[DEBUG] I18N: Missing key 'distributions.type' in any of: [org.episteme.core.ui.i18n.messages_core]
[DEBUG] I18N: Missing key 'viewer.graph.name' in any of: [org.episteme.core.ui.i18n.messages_core]
[DEBUG] I18N: Missing key 'viewer.graph.desc' in any of: [org.episteme.core.ui.i18n.messages_core]
[DEBUG] I18N: Missing key 'mastercontrol.computing.title' in any of: [org.episteme.core.ui.i18n.messages_core]
[DEBUG] I18N: Missing key 'mastercontrol.computing.autotuning' in any of: [org.episteme.core.ui.i18n.messages_core]
[DEBUG] I18N: Missing key 'mastercontrol.computing.desc.autotuning' in any of: [org.episteme.core.ui.i18n.messages_core]
[DEBUG] I18N: Missing key 'mastercontrol.computing.threads' in any of: [org.episteme.core.ui.i18n.messages_core]
[DEBUG] I18N: Missing key 'mastercontrol.computing.desc.threads' in any of: [org.episteme.core.ui.i18n.messages_core]
[DEBUG] I18N: Missing key 'mastercontrol.computing.desc.epsilon' in any of: [org.episteme.core.ui.i18n.messages_core]
[DEBUG] I18N: Missing key 'mastercontrol.computing.desc.iterations' in any of: [org.episteme.core.ui.i18n.messages_core]
[DEBUG] I18N: Missing key 'mastercontrol.computing.autotuning' in any of: [org.episteme.core.ui.i18n.messages_core]
[DEBUG] I18N: Missing key 'mastercontrol.computing.threads' in any of: [org.episteme.core.ui.i18n.messages_core]
[DEBUG] I18N: Missing key 'mastercontrol.computing.desc.mode_alt' in any of: [org.episteme.core.ui.i18n.messages_core]
[DEBUG] I18N: Missing key 'lib.cpudense.name' in any of: [org.episteme.core.ui.i18n.messages_core]
[DEBUG] I18N: Missing key 'lib.cpudense.desc' in any of: [org.episteme.core.ui.i18n.messages_core]
[DEBUG] I18N: Missing key 'lib.cpusparse.name' in any of: [org.episteme.core.ui.i18n.messages_core]
[DEBUG] I18N: Missing key 'lib.cpusparse.desc' in any of: [org.episteme.core.ui.i18n.messages_core]
[DEBUG] I18N: Missing key 'lib.cpu-sparse.name' in any of: [org.episteme.core.ui.i18n.messages_core]
[DEBUG] I18N: Missing key 'lib.cpu-sparse.desc' in any of: [org.episteme.core.ui.i18n.messages_core]
[DEBUG] I18N: Missing key 'lib.distributed.name' in any of: [org.episteme.core.ui.i18n.messages_core]
[DEBUG] I18N: Missing key 'lib.distributed.desc' in any of: [org.episteme.core.ui.i18n.messages_core]
[DEBUG] I18N: Missing key 'lib.javasound.name' in any of: [org.episteme.core.ui.i18n.messages_core]
[DEBUG] I18N: Missing key 'lib.javasound.desc' in any of: [org.episteme.core.ui.i18n.messages_core]
[DEBUG] I18N: Missing key 'lib.minim.name' in any of: [org.episteme.core.ui.i18n.messages_core]
[DEBUG] I18N: Missing key 'lib.minim.desc' in any of: [org.episteme.core.ui.i18n.messages_core]
[DEBUG] I18N: Missing key 'lib.multicore-audio.name' in any of: [org.episteme.core.ui.i18n.messages_core]
[DEBUG] I18N: Missing key 'lib.multicore-audio.desc' in any of: [org.episteme.core.ui.i18n.messages_core]
[DEBUG] I18N: Missing key 'lib.tarsos.name' in any of: [org.episteme.core.ui.i18n.messages_core]
[DEBUG] I18N: Missing key 'lib.tarsos.desc' in any of: [org.episteme.core.ui.i18n.messages_core]
[DEBUG] I18N: Missing key 'AI/ML' in any of: [org.episteme.core.ui.i18n.messages_core]
[DEBUG] I18N: Missing key 'AI/Generative' in any of: [org.episteme.core.ui.i18n.messages_core]
[DEBUG] I18N: Missing key 'Bibliography' in any of: [org.episteme.core.ui.i18n.messages_core]
[DEBUG] I18N: Missing key 'AI/ML' in any of: [org.episteme.core.ui.i18n.messages_core]
[DEBUG] I18N: Missing key 'Mathematics' in any of: [org.episteme.core.ui.i18n.messages_core]
[DEBUG] I18N: Missing key 'Bibliography' in any of: [org.episteme.core.ui.i18n.messages_core]
[DEBUG] I18N: Missing key 'Scientific Data' in any of: [org.episteme.core.ui.i18n.messages_core]
[DEBUG] I18N: Missing key 'Mathematics' in any of: [org.episteme.core.ui.i18n.messages_core]
[DEBUG] I18N: Missing key 'OpenAI Model Reader' in any of: [org.episteme.core.ui.i18n.messages_core]
[DEBUG] I18N: Missing key 'Ollama Model Reader' in any of: [org.episteme.core.ui.i18n.messages_core]
[DEBUG] I18N: Missing key 'Ollama Model Reader' in any of: [org.episteme.core.ui.i18n.messages_core]
[DEBUG] I18N: Missing key 'Connects to local Ollama instance for LLM inference.' in any of: [org.episteme.core.ui.i18n.messages_core]
[DEBUG] I18N: Missing key 'OpenAI Model Reader' in any of: [org.episteme.core.ui.i18n.messages_core]
[DEBUG] I18N: Missing key 'Connects to OpenAI-compatible APIs.' in any of: [org.episteme.core.ui.i18n.messages_core]
[DEBUG] I18N: Missing key 'AI/Generative' in any of: [org.episteme.core.ui.i18n.messages_core]
[DEBUG] I18N: Missing key 'ONNX Model Loader' in any of: [org.episteme.core.ui.i18n.messages_core]
[DEBUG] I18N: Missing key 'Binary Model Loader' in any of: [org.episteme.core.ui.i18n.messages_core]
[DEBUG] I18N: Missing key 'Binary Model Loader' in any of: [org.episteme.core.ui.i18n.messages_core]
[DEBUG] I18N: Missing key 'Loads/Saves usage Java Serialization' in any of: [org.episteme.core.ui.i18n.messages_core]
[DEBUG] I18N: Missing key 'ONNX Model Loader' in any of: [org.episteme.core.ui.i18n.messages_core]
[DEBUG] I18N: Missing key 'Loads ONNX models using ONNX Runtime' in any of: [org.episteme.core.ui.i18n.messages_core]
[DEBUG] I18N: Missing key 'AI/ML' in any of: [org.episteme.core.ui.i18n.messages_core]
[DEBUG] I18N: Missing key 'Book Catalog Reader' in any of: [org.episteme.core.ui.i18n.messages_core]
[DEBUG] I18N: Missing key 'Article Catalog Reader' in any of: [org.episteme.core.ui.i18n.messages_core]
[DEBUG] I18N: Missing key 'CrossRef Connector' in any of: [org.episteme.core.ui.i18n.messages_core]
[DEBUG] I18N: Missing key 'Book Catalog Reader' in any of: [org.episteme.core.ui.i18n.messages_core]
[DEBUG] I18N: Missing key 'Article Catalog Reader' in any of: [org.episteme.core.ui.i18n.messages_core]
[DEBUG] I18N: Missing key 'Accesses and searches scientific article catalogs.' in any of: [org.episteme.core.ui.i18n.messages_core]
[DEBUG] I18N: Missing key 'Book Catalog Reader' in any of: [org.episteme.core.ui.i18n.messages_core]
[DEBUG] I18N: Missing key 'Accesses and searches bibliographical catalogs for books.' in any of: [org.episteme.core.ui.i18n.messages_core]
[DEBUG] I18N: Missing key 'CrossRef Connector' in any of: [org.episteme.core.ui.i18n.messages_core]
[DEBUG] I18N: Missing key 'Resolves DOIs to get publication metadata.' in any of: [org.episteme.core.ui.i18n.messages_core]
[DEBUG] I18N: Missing key 'Bibliography' in any of: [org.episteme.core.ui.i18n.messages_core]
[DEBUG] I18N: Missing key 'OpenMath Reader' in any of: [org.episteme.core.ui.i18n.messages_core]
[DEBUG] I18N: Missing key 'MathML Reader' in any of: [org.episteme.core.ui.i18n.messages_core]
[DEBUG] I18N: Missing key 'MathML Reader' in any of: [org.episteme.core.ui.i18n.messages_core]
[DEBUG] I18N: Missing key 'Reads mathematical expressions from MathML format' in any of: [org.episteme.core.ui.i18n.messages_core]
[DEBUG] I18N: Missing key 'OpenMath Reader' in any of: [org.episteme.core.ui.i18n.messages_core]
[DEBUG] I18N: Missing key 'Reads mathematical objects from OpenMath XML format' in any of: [org.episteme.core.ui.i18n.messages_core]
[DEBUG] I18N: Missing key 'Mathematics' in any of: [org.episteme.core.ui.i18n.messages_core]
[DEBUG] I18N: Missing key 'Sciences Taxonomy Reader' in any of: [org.episteme.core.ui.i18n.messages_core]
[DEBUG] I18N: Missing key 'HDF5 Reader' in any of: [org.episteme.core.ui.i18n.messages_core]
[DEBUG] I18N: Missing key 'Zarr Reader' in any of: [org.episteme.core.ui.i18n.messages_core]
[DEBUG] I18N: Missing key 'Sciences Taxonomy Reader' in any of: [org.episteme.core.ui.i18n.messages_core]
[DEBUG] I18N: Missing key 'HDF5 Reader' in any of: [org.episteme.core.ui.i18n.messages_core]
[DEBUG] I18N: Missing key 'Reads HDF5 files with support for compression and large datasets.' in any of: [org.episteme.core.ui.i18n.messages_core]
[DEBUG] I18N: Missing key 'Sciences Taxonomy Reader' in any of: [org.episteme.core.ui.i18n.messages_core]
[DEBUG] I18N: Missing key 'Reader for the scientific disciplines taxonomy database.' in any of: [org.episteme.core.ui.i18n.messages_core]
[DEBUG] I18N: Missing key 'Zarr Reader' in any of: [org.episteme.core.ui.i18n.messages_core]
[DEBUG] I18N: Missing key 'Reads Zarr stores, optimized for cloud-native, chunked array storage.' in any of: [org.episteme.core.ui.i18n.messages_core]
[DEBUG] I18N: Missing key 'Scientific Data' in any of: [org.episteme.core.ui.i18n.messages_core]
[DEBUG] I18N: Missing key 'viewer.geometryboardviewer.param.showgrid' in any of: [org.episteme.core.ui.i18n.messages_core]
03:02:55.827 [JavaFX Application Thread] INFO org.episteme.core.mathematics.linearalgebra.matrices.RealDoubleMatrix -- RealDoubleMatrix internal operations will use provider: JBlas (Optimized) (Score: 90)
[DEBUG] I18N: Missing key 'distributions.type' in any of: [org.episteme.core.ui.i18n.messages_core]
[DEBUG] I18N: Missing key 'viewer.graph.name' in any of: [org.episteme.core.ui.i18n.messages_core]
[DEBUG] I18N: Missing key 'viewer.graph.desc' in any of: [org.episteme.core.ui.i18n.messages_core]
[ERROR] Tests run: 14, Failures: 0, Errors: 2, Skipped: 0, Time elapsed: 411.6 s <<< FAILURE! -- in org.episteme.core.ui.MasterControlLibrariesUITest
[ERROR] org.episteme.core.ui.MasterControlLibrariesUITest.testBackendSelectorsExist(FxRobot) -- Time elapsed: 65.68 s <<< ERROR!
java.util.concurrent.TimeoutException
	at java.base/java.util.concurrent.FutureTask.get(FutureTask.java:206)
	at org.testfx.util.WaitForAsyncUtils$ASyncFXCallable.get(WaitForAsyncUtils.java:716)
	at org.testfx.util.WaitForAsyncUtils.waitFor(WaitForAsyncUtils.java:297)
	at org.testfx.api.FxToolkit.waitForSetup(FxToolkit.java:277)
	at org.testfx.api.FxToolkit.setupApplication(FxToolkit.java:164)
	at org.testfx.framework.junit5.ApplicationExtension.beforeEach(ApplicationExtension.java:82)
	at java.base/java.util.ArrayList.forEach(ArrayList.java:1604)
	at java.base/java.util.ArrayList.forEach(ArrayList.java:1604)
	Suppressed: java.util.concurrent.TimeoutException
		at java.base/java.util.concurrent.FutureTask.get(FutureTask.java:206)
		at org.testfx.util.WaitForAsyncUtils$ASyncFXCallable.get(WaitForAsyncUtils.java:716)
		at org.testfx.util.WaitForAsyncUtils.waitFor(WaitForAsyncUtils.java:297)
		at org.testfx.api.FxToolkit.waitForSetup(FxToolkit.java:277)
		at org.testfx.api.FxToolkit.cleanupApplication(FxToolkit.java:178)
		at org.testfx.api.FxToolkit.cleanupAfterTest(FxToolkit.java:186)
		at org.testfx.framework.junit5.ApplicationExtension.afterEach(ApplicationExtension.java:87)
		... 2 more

[ERROR] org.episteme.core.ui.MasterControlLibrariesUITest.testMPJLibraryDisplayed(FxRobot) -- Time elapsed: 142.9 s <<< ERROR!
java.util.concurrent.TimeoutException
	at java.base/java.util.concurrent.FutureTask.get(FutureTask.java:206)
	at org.testfx.util.WaitForAsyncUtils$ASyncFXCallable.get(WaitForAsyncUtils.java:716)
	at org.testfx.util.WaitForAsyncUtils.waitFor(WaitForAsyncUtils.java:297)
	at org.testfx.api.FxToolkit.waitForSetup(FxToolkit.java:277)
	at org.testfx.api.FxToolkit.setupApplication(FxToolkit.java:164)
	at org.testfx.framework.junit5.ApplicationExtension.beforeEach(ApplicationExtension.java:82)
	at java.base/java.util.ArrayList.forEach(ArrayList.java:1604)
	at java.base/java.util.ArrayList.forEach(ArrayList.java:1604)

03:02:57.765 [Episteme-Shutdown] INFO org.episteme.core.technical.algorithm.AlgorithmManager -- Universal AlgorithmManager shutting down...
[INFO] 
[INFO] Results:
[INFO] 
[ERROR] Errors: 
[ERROR]   MasterControlLibrariesUITest.testBackendSelectorsExist(FxRobot) » Timeout
[ERROR]   MasterControlLibrariesUITest.testMPJLibraryDisplayed(FxRobot) » Timeout
[INFO] 
[ERROR] Tests run: 14, Failures: 0, Errors: 2, Skipped: 0
[INFO] 
[INFO] ------------------------------------------------------------------------
[INFO] BUILD FAILURE
[INFO] ------------------------------------------------------------------------
[INFO] Total time:  11:00 min
[INFO] Finished at: 2026-05-09T03:02:58+02:00
[INFO] ------------------------------------------------------------------------
[ERROR] Failed to execute goal org.apache.maven.plugins:maven-surefire-plugin:3.2.5:test (default-test) on project episteme-core: 
[ERROR] 
[ERROR] Please refer to C:\Silvere\Encours\Developpement\Episteme\episteme-core\target\surefire-reports for the individual test results.
[ERROR] Please refer to dump files (if any exist) [date].dump, [date]-jvmRun[N].dump and [date].dumpstream.
[ERROR] -> [Help 1]
[ERROR] 
[ERROR] To see the full stack trace of the errors, re-run Maven with the -e switch.
[ERROR] Re-run Maven using the -X switch to enable full debug logging.
[ERROR] 
[ERROR] For more information about the errors and possible solutions, please read the following articles:
[ERROR] [Help 1] http://cwiki.apache.org/confluence/display/MAVEN/MojoFailureException
